Linux 6.14.0-36-generic (Ubuntu) 	11/24/2025 	_aarch64_	(5 CPU)

06:53:58 PM  CPU    %usr   %nice    %sys %iowait    %irq   %soft  %steal  %guest  %gnice   %idle
06:53:59 PM    0   20.62    0.00    5.15    0.00    0.00    0.00    0.00    0.00    0.00   74.23

06:53:59 PM  CPU    %usr   %nice    %sys %iowait    %irq   %soft  %steal  %guest  %gnice   %idle
06:54:00 PM    0    8.16    0.00   19.39    0.00    0.00   72.45    0.00    0.00    0.00    0.00

06:54:00 PM  CPU    %usr   %nice    %sys %iowait    %irq   %soft  %steal  %guest  %gnice   %idle
06:54:01 PM    0    9.80    0.00   16.67    0.00    0.00   72.55    0.00    0.00    0.00    0.98

06:54:01 PM  CPU    %usr   %nice    %sys %iowait    %irq   %soft  %steal  %guest  %gnice   %idle
06:54:02 PM    0    8.08    0.00   15.15    0.00    0.00   76.77    0.00    0.00    0.00    0.00

06:54:02 PM  CPU    %usr   %nice    %sys %iowait    %irq   %soft  %steal  %guest  %gnice   %idle
06:54:03 PM    0    8.42    0.00   15.79    0.00    0.00   64.21    0.00    0.00    0.00   11.58

06:54:03 PM  CPU    %usr   %nice    %sys %iowait    %irq   %soft  %steal  %guest  %gnice   %idle
06:54:04 PM    0   10.00    0.00   15.00    0.00    0.00   75.00    0.00    0.00    0.00    0.00

06:54:04 PM  CPU    %usr   %nice    %sys %iowait    %irq   %soft  %steal  %guest  %gnice   %idle
06:54:05 PM    0    9.09    0.00   14.14    0.00    0.00   76.77    0.00    0.00    0.00    0.00

06:54:05 PM  CPU    %usr   %nice    %sys %iowait    %irq   %soft  %steal  %guest  %gnice   %idle
06:54:06 PM    0    9.00    0.00   15.00    0.00    0.00   76.00    0.00    0.00    0.00    0.00

06:54:06 PM  CPU    %usr   %nice    %sys %iowait    %irq   %soft  %steal  %guest  %gnice   %idle
06:54:07 PM    0    8.91    0.00   14.85    0.00    0.00   76.24    0.00    0.00    0.00    0.00

06:54:07 PM  CPU    %usr   %nice    %sys %iowait    %irq   %soft  %steal  %guest  %gnice   %idle
06:54:08 PM    0   10.10    0.00   13.13    0.00    0.00   76.77    0.00    0.00    0.00    0.00

06:54:08 PM  CPU    %usr   %nice    %sys %iowait    %irq   %soft  %steal  %guest  %gnice   %idle
06:54:09 PM    0    9.09    0.00   14.14    0.00    0.00   76.77    0.00    0.00    0.00    0.00

06:54:09 PM  CPU    %usr   %nice    %sys %iowait    %irq   %soft  %steal  %guest  %gnice   %idle
06:54:10 PM    0    9.00    0.00   14.00    0.00    0.00   77.00    0.00    0.00    0.00    0.00

06:54:10 PM  CPU    %usr   %nice    %sys %iowait    %irq   %soft  %steal  %guest  %gnice   %idle
06:54:11 PM    0    8.91    0.00   11.88    0.00    0.00   79.21    0.00    0.00    0.00    0.00

06:54:11 PM  CPU    %usr   %nice    %sys %iowait    %irq   %soft  %steal  %guest  %gnice   %idle
06:54:12 PM    0    9.09    0.00   14.14    0.00    0.00   76.77    0.00    0.00    0.00    0.00

06:54:12 PM  CPU    %usr   %nice    %sys %iowait    %irq   %soft  %steal  %guest  %gnice   %idle
06:54:13 PM    0   10.00    0.00   17.00    0.00    0.00   73.00    0.00    0.00    0.00    0.00

06:54:13 PM  CPU    %usr   %nice    %sys %iowait    %irq   %soft  %steal  %guest  %gnice   %idle
06:54:14 PM    0   10.00    0.00   12.00    0.00    0.00   78.00    0.00    0.00    0.00    0.00

06:54:14 PM  CPU    %usr   %nice    %sys %iowait    %irq   %soft  %steal  %guest  %gnice   %idle
06:54:15 PM    0    7.92    0.00   14.85    0.00    0.00   77.23    0.00    0.00    0.00    0.00

06:54:15 PM  CPU    %usr   %nice    %sys %iowait    %irq   %soft  %steal  %guest  %gnice   %idle
06:54:16 PM    0    9.09    0.00   13.13    0.00    0.00   77.78    0.00    0.00    0.00    0.00

06:54:16 PM  CPU    %usr   %nice    %sys %iowait    %irq   %soft  %steal  %guest  %gnice   %idle
06:54:17 PM    0   10.89    0.00   12.87    0.00    0.00   76.24    0.00    0.00    0.00    0.00

06:54:17 PM  CPU    %usr   %nice    %sys %iowait    %irq   %soft  %steal  %guest  %gnice   %idle
06:54:18 PM    0    9.09    0.00   14.14    0.00    0.00   76.77    0.00    0.00    0.00    0.00

06:54:18 PM  CPU    %usr   %nice    %sys %iowait    %irq   %soft  %steal  %guest  %gnice   %idle
06:54:19 PM    0    9.00    0.00   15.00    0.00    0.00   76.00    0.00    0.00    0.00    0.00

06:54:19 PM  CPU    %usr   %nice    %sys %iowait    %irq   %soft  %steal  %guest  %gnice   %idle
06:54:20 PM    0    9.00    0.00   15.00    0.00    0.00   76.00    0.00    0.00    0.00    0.00

06:54:20 PM  CPU    %usr   %nice    %sys %iowait    %irq   %soft  %steal  %guest  %gnice   %idle
06:54:21 PM    0    7.07    0.00   12.12    0.00    0.00   80.81    0.00    0.00    0.00    0.00

06:54:21 PM  CPU    %usr   %nice    %sys %iowait    %irq   %soft  %steal  %guest  %gnice   %idle
06:54:22 PM    0    7.92    0.00   14.85    0.00    0.00   76.24    0.00    0.00    0.00    0.99

06:54:22 PM  CPU    %usr   %nice    %sys %iowait    %irq   %soft  %steal  %guest  %gnice   %idle
06:54:23 PM    0   11.00    0.00   15.00    0.00    0.00   74.00    0.00    0.00    0.00    0.00

06:54:23 PM  CPU    %usr   %nice    %sys %iowait    %irq   %soft  %steal  %guest  %gnice   %idle
06:54:24 PM    0    9.00    0.00   15.00    0.00    0.00   76.00    0.00    0.00    0.00    0.00

06:54:24 PM  CPU    %usr   %nice    %sys %iowait    %irq   %soft  %steal  %guest  %gnice   %idle
06:54:25 PM    0    8.00    0.00   15.00    0.00    0.00   77.00    0.00    0.00    0.00    0.00

06:54:25 PM  CPU    %usr   %nice    %sys %iowait    %irq   %soft  %steal  %guest  %gnice   %idle
06:54:26 PM    0    8.08    0.00   12.12    0.00    0.00   79.80    0.00    0.00    0.00    0.00

06:54:26 PM  CPU    %usr   %nice    %sys %iowait    %irq   %soft  %steal  %guest  %gnice   %idle
06:54:27 PM    0   10.00    0.00   12.00    0.00    0.00   78.00    0.00    0.00    0.00    0.00

06:54:27 PM  CPU    %usr   %nice    %sys %iowait    %irq   %soft  %steal  %guest  %gnice   %idle
06:54:28 PM    0    7.00    0.00   13.00    0.00    0.00   80.00    0.00    0.00    0.00    0.00

06:54:28 PM  CPU    %usr   %nice    %sys %iowait    %irq   %soft  %steal  %guest  %gnice   %idle
06:54:29 PM    0    9.00    0.00   14.00    0.00    0.00   77.00    0.00    0.00    0.00    0.00

06:54:29 PM  CPU    %usr   %nice    %sys %iowait    %irq   %soft  %steal  %guest  %gnice   %idle
06:54:30 PM    0    9.09    0.00   13.13    0.00    0.00   77.78    0.00    0.00    0.00    0.00

06:54:30 PM  CPU    %usr   %nice    %sys %iowait    %irq   %soft  %steal  %guest  %gnice   %idle
06:54:31 PM    0    8.00    0.00   14.00    0.00    0.00   78.00    0.00    0.00    0.00    0.00

06:54:31 PM  CPU    %usr   %nice    %sys %iowait    %irq   %soft  %steal  %guest  %gnice   %idle
06:54:32 PM    0    9.00    0.00   16.00    0.00    0.00   75.00    0.00    0.00    0.00    0.00

06:54:32 PM  CPU    %usr   %nice    %sys %iowait    %irq   %soft  %steal  %guest  %gnice   %idle
06:54:33 PM    0    9.09    0.00   12.12    0.00    0.00   78.79    0.00    0.00    0.00    0.00

06:54:33 PM  CPU    %usr   %nice    %sys %iowait    %irq   %soft  %steal  %guest  %gnice   %idle
06:54:34 PM    0    6.45    0.00   15.05    1.08    0.00   64.52    0.00    0.00    0.00   12.90

06:54:34 PM  CPU    %usr   %nice    %sys %iowait    %irq   %soft  %steal  %guest  %gnice   %idle
06:54:35 PM    0    9.90    0.00   14.85    0.00    0.00   75.25    0.00    0.00    0.00    0.00

06:54:35 PM  CPU    %usr   %nice    %sys %iowait    %irq   %soft  %steal  %guest  %gnice   %idle
06:54:36 PM    0    8.00    0.00   14.00    0.00    0.00   78.00    0.00    0.00    0.00    0.00

06:54:36 PM  CPU    %usr   %nice    %sys %iowait    %irq   %soft  %steal  %guest  %gnice   %idle
06:54:37 PM    0    8.00    0.00   12.00    0.00    0.00   80.00    0.00    0.00    0.00    0.00

06:54:37 PM  CPU    %usr   %nice    %sys %iowait    %irq   %soft  %steal  %guest  %gnice   %idle
06:54:38 PM    0   11.88    0.00   13.86    0.00    0.00   74.26    0.00    0.00    0.00    0.00

06:54:38 PM  CPU    %usr   %nice    %sys %iowait    %irq   %soft  %steal  %guest  %gnice   %idle
06:54:39 PM    0    9.18    0.00   13.27    0.00    0.00   77.55    0.00    0.00    0.00    0.00

06:54:39 PM  CPU    %usr   %nice    %sys %iowait    %irq   %soft  %steal  %guest  %gnice   %idle
06:54:40 PM    0   10.00    0.00   13.00    0.00    0.00   77.00    0.00    0.00    0.00    0.00

06:54:40 PM  CPU    %usr   %nice    %sys %iowait    %irq   %soft  %steal  %guest  %gnice   %idle
06:54:41 PM    0    8.91    0.00   13.86    0.00    0.00   77.23    0.00    0.00    0.00    0.00

06:54:41 PM  CPU    %usr   %nice    %sys %iowait    %irq   %soft  %steal  %guest  %gnice   %idle
06:54:42 PM    0    8.16    0.00   15.31    0.00    0.00   76.53    0.00    0.00    0.00    0.00

06:54:42 PM  CPU    %usr   %nice    %sys %iowait    %irq   %soft  %steal  %guest  %gnice   %idle
06:54:43 PM    0    8.91    0.00   13.86    0.00    0.00   76.24    0.00    0.00    0.00    0.99

06:54:43 PM  CPU    %usr   %nice    %sys %iowait    %irq   %soft  %steal  %guest  %gnice   %idle
06:54:44 PM    0    9.00    0.00   14.00    0.00    0.00   77.00    0.00    0.00    0.00    0.00

06:54:44 PM  CPU    %usr   %nice    %sys %iowait    %irq   %soft  %steal  %guest  %gnice   %idle
06:54:45 PM    0    9.00    0.00   13.00    0.00    0.00   78.00    0.00    0.00    0.00    0.00

06:54:45 PM  CPU    %usr   %nice    %sys %iowait    %irq   %soft  %steal  %guest  %gnice   %idle
06:54:46 PM    0    9.09    0.00   13.13    0.00    0.00   77.78    0.00    0.00    0.00    0.00

06:54:46 PM  CPU    %usr   %nice    %sys %iowait    %irq   %soft  %steal  %guest  %gnice   %idle
06:54:47 PM    0   10.00    0.00   14.00    0.00    0.00   76.00    0.00    0.00    0.00    0.00

06:54:47 PM  CPU    %usr   %nice    %sys %iowait    %irq   %soft  %steal  %guest  %gnice   %idle
06:54:48 PM    0    8.08    0.00   13.13    0.00    0.00   78.79    0.00    0.00    0.00    0.00

06:54:48 PM  CPU    %usr   %nice    %sys %iowait    %irq   %soft  %steal  %guest  %gnice   %idle
06:54:49 PM    0   12.12    0.00   14.14    0.00    0.00   73.74    0.00    0.00    0.00    0.00

06:54:49 PM  CPU    %usr   %nice    %sys %iowait    %irq   %soft  %steal  %guest  %gnice   %idle
06:54:50 PM    0    9.90    0.00   13.86    0.00    0.00   76.24    0.00    0.00    0.00    0.00

06:54:50 PM  CPU    %usr   %nice    %sys %iowait    %irq   %soft  %steal  %guest  %gnice   %idle
06:54:51 PM    0    9.00    0.00   15.00    0.00    0.00   76.00    0.00    0.00    0.00    0.00

06:54:51 PM  CPU    %usr   %nice    %sys %iowait    %irq   %soft  %steal  %guest  %gnice   %idle
06:54:52 PM    0   10.00    0.00   14.00    0.00    0.00   75.00    0.00    0.00    0.00    1.00

06:54:52 PM  CPU    %usr   %nice    %sys %iowait    %irq   %soft  %steal  %guest  %gnice   %idle
06:54:53 PM    0    8.00    0.00   14.00    0.00    0.00   78.00    0.00    0.00    0.00    0.00

06:54:53 PM  CPU    %usr   %nice    %sys %iowait    %irq   %soft  %steal  %guest  %gnice   %idle
06:54:54 PM    0    9.00    0.00   15.00    0.00    0.00   76.00    0.00    0.00    0.00    0.00

06:54:54 PM  CPU    %usr   %nice    %sys %iowait    %irq   %soft  %steal  %guest  %gnice   %idle
06:54:55 PM    0    9.00    0.00   14.00    0.00    0.00   77.00    0.00    0.00    0.00    0.00

06:54:55 PM  CPU    %usr   %nice    %sys %iowait    %irq   %soft  %steal  %guest  %gnice   %idle
06:54:56 PM    0    9.00    0.00   14.00    0.00    0.00   77.00    0.00    0.00    0.00    0.00

06:54:56 PM  CPU    %usr   %nice    %sys %iowait    %irq   %soft  %steal  %guest  %gnice   %idle
06:54:57 PM    0    9.00    0.00   14.00    0.00    0.00   77.00    0.00    0.00    0.00    0.00

06:54:57 PM  CPU    %usr   %nice    %sys %iowait    %irq   %soft  %steal  %guest  %gnice   %idle
06:54:58 PM    0    8.08    0.00   15.15    0.00    0.00   76.77    0.00    0.00    0.00    0.00
