Linux 6.14.0-36-generic (Ubuntu) 	11/24/2025 	_aarch64_	(5 CPU)

06:45:47 PM  CPU    %usr   %nice    %sys %iowait    %irq   %soft  %steal  %guest  %gnice   %idle
06:45:48 PM    0    7.29    0.00    5.21    0.00    0.00    1.04    0.00    0.00    0.00   86.46

06:45:48 PM  CPU    %usr   %nice    %sys %iowait    %irq   %soft  %steal  %guest  %gnice   %idle
06:45:49 PM    0    9.38    0.00   23.96    0.00    0.00   65.62    0.00    0.00    0.00    1.04

06:45:49 PM  CPU    %usr   %nice    %sys %iowait    %irq   %soft  %steal  %guest  %gnice   %idle
06:45:50 PM    0    7.22    0.00   16.49    0.00    0.00   74.23    0.00    0.00    0.00    2.06

06:45:50 PM  CPU    %usr   %nice    %sys %iowait    %irq   %soft  %steal  %guest  %gnice   %idle
06:45:51 PM    0    7.37    0.00   16.84    0.00    0.00   74.74    0.00    0.00    0.00    1.05

06:45:51 PM  CPU    %usr   %nice    %sys %iowait    %irq   %soft  %steal  %guest  %gnice   %idle
06:45:52 PM    0    7.29    0.00   17.71    0.00    0.00   71.88    0.00    0.00    0.00    3.12

06:45:52 PM  CPU    %usr   %nice    %sys %iowait    %irq   %soft  %steal  %guest  %gnice   %idle
06:45:53 PM    0    6.19    0.00   18.56    0.00    0.00   73.20    0.00    0.00    0.00    2.06

06:45:53 PM  CPU    %usr   %nice    %sys %iowait    %irq   %soft  %steal  %guest  %gnice   %idle
06:45:54 PM    0    8.16    0.00   18.37    0.00    0.00   71.43    0.00    0.00    0.00    2.04

06:45:54 PM  CPU    %usr   %nice    %sys %iowait    %irq   %soft  %steal  %guest  %gnice   %idle
06:45:55 PM    0    5.21    0.00   16.67    0.00    0.00   76.04    0.00    0.00    0.00    2.08

06:45:55 PM  CPU    %usr   %nice    %sys %iowait    %irq   %soft  %steal  %guest  %gnice   %idle
06:45:56 PM    0    6.19    0.00   15.46    0.00    0.00   77.32    0.00    0.00    0.00    1.03

06:45:56 PM  CPU    %usr   %nice    %sys %iowait    %irq   %soft  %steal  %guest  %gnice   %idle
06:45:57 PM    0    7.22    0.00   15.46    0.00    0.00   75.26    0.00    0.00    0.00    2.06

06:45:57 PM  CPU    %usr   %nice    %sys %iowait    %irq   %soft  %steal  %guest  %gnice   %idle
06:45:58 PM    0    7.22    0.00   17.53    1.03    0.00   73.20    0.00    0.00    0.00    1.03

06:45:58 PM  CPU    %usr   %nice    %sys %iowait    %irq   %soft  %steal  %guest  %gnice   %idle
06:45:59 PM    0   10.64    0.00   19.15    0.00    0.00   63.83    0.00    0.00    0.00    6.38

06:45:59 PM  CPU    %usr   %nice    %sys %iowait    %irq   %soft  %steal  %guest  %gnice   %idle
06:46:00 PM    0    8.60    0.00   15.05    0.00    0.00   74.19    0.00    0.00    0.00    2.15

06:46:00 PM  CPU    %usr   %nice    %sys %iowait    %irq   %soft  %steal  %guest  %gnice   %idle
06:46:01 PM    0    7.22    0.00   13.40    0.00    0.00   77.32    0.00    0.00    0.00    2.06

06:46:01 PM  CPU    %usr   %nice    %sys %iowait    %irq   %soft  %steal  %guest  %gnice   %idle
06:46:02 PM    0    7.53    0.00   15.05    0.00    0.00   74.19    0.00    0.00    0.00    3.23

06:46:02 PM  CPU    %usr   %nice    %sys %iowait    %irq   %soft  %steal  %guest  %gnice   %idle
06:46:03 PM    0    7.45    0.00   17.02    0.00    0.00   72.34    0.00    0.00    0.00    3.19

06:46:03 PM  CPU    %usr   %nice    %sys %iowait    %irq   %soft  %steal  %guest  %gnice   %idle
06:46:04 PM    0    6.32    0.00   12.63    0.00    0.00   78.95    0.00    0.00    0.00    2.11

06:46:04 PM  CPU    %usr   %nice    %sys %iowait    %irq   %soft  %steal  %guest  %gnice   %idle
06:46:05 PM    0    7.53    0.00   17.20    0.00    0.00   72.04    0.00    0.00    0.00    3.23

06:46:05 PM  CPU    %usr   %nice    %sys %iowait    %irq   %soft  %steal  %guest  %gnice   %idle
06:46:06 PM    0    7.37    0.00   14.74    0.00    0.00   73.68    0.00    0.00    0.00    4.21

06:46:06 PM  CPU    %usr   %nice    %sys %iowait    %irq   %soft  %steal  %guest  %gnice   %idle
06:46:07 PM    0    5.21    0.00   16.67    0.00    0.00   76.04    0.00    0.00    0.00    2.08

06:46:07 PM  CPU    %usr   %nice    %sys %iowait    %irq   %soft  %steal  %guest  %gnice   %idle
06:46:08 PM    0    8.33    0.00   16.67    0.00    0.00   72.92    0.00    0.00    0.00    2.08

06:46:08 PM  CPU    %usr   %nice    %sys %iowait    %irq   %soft  %steal  %guest  %gnice   %idle
06:46:09 PM    0    6.38    0.00   14.89    0.00    0.00   76.60    0.00    0.00    0.00    2.13

06:46:09 PM  CPU    %usr   %nice    %sys %iowait    %irq   %soft  %steal  %guest  %gnice   %idle
06:46:10 PM    0    6.25    0.00   15.62    0.00    0.00   75.00    0.00    0.00    0.00    3.12

06:46:10 PM  CPU    %usr   %nice    %sys %iowait    %irq   %soft  %steal  %guest  %gnice   %idle
06:46:11 PM    0    8.51    0.00   13.83    0.00    0.00   75.53    0.00    0.00    0.00    2.13

06:46:11 PM  CPU    %usr   %nice    %sys %iowait    %irq   %soft  %steal  %guest  %gnice   %idle
06:46:12 PM    0    8.42    0.00   13.68    0.00    0.00   75.79    0.00    0.00    0.00    2.11

06:46:12 PM  CPU    %usr   %nice    %sys %iowait    %irq   %soft  %steal  %guest  %gnice   %idle
06:46:13 PM    0    6.38    0.00   14.89    0.00    0.00   76.60    0.00    0.00    0.00    2.13

06:46:13 PM  CPU    %usr   %nice    %sys %iowait    %irq   %soft  %steal  %guest  %gnice   %idle
06:46:14 PM    0    8.42    0.00   15.79    0.00    0.00   73.68    0.00    0.00    0.00    2.11

06:46:14 PM  CPU    %usr   %nice    %sys %iowait    %irq   %soft  %steal  %guest  %gnice   %idle
06:46:15 PM    0    7.37    0.00   13.68    0.00    0.00   75.79    0.00    0.00    0.00    3.16

06:46:15 PM  CPU    %usr   %nice    %sys %iowait    %irq   %soft  %steal  %guest  %gnice   %idle
06:46:16 PM    0    7.37    0.00   15.79    0.00    0.00   74.74    0.00    0.00    0.00    2.11

06:46:16 PM  CPU    %usr   %nice    %sys %iowait    %irq   %soft  %steal  %guest  %gnice   %idle
06:46:17 PM    0    6.32    0.00   15.79    0.00    0.00   75.79    0.00    0.00    0.00    2.11

06:46:17 PM  CPU    %usr   %nice    %sys %iowait    %irq   %soft  %steal  %guest  %gnice   %idle
06:46:18 PM    0    6.25    0.00   14.58    0.00    0.00   77.08    0.00    0.00    0.00    2.08

06:46:18 PM  CPU    %usr   %nice    %sys %iowait    %irq   %soft  %steal  %guest  %gnice   %idle
06:46:19 PM    0    9.57    0.00   17.02    0.00    0.00   70.21    0.00    0.00    0.00    3.19

06:46:19 PM  CPU    %usr   %nice    %sys %iowait    %irq   %soft  %steal  %guest  %gnice   %idle
06:46:20 PM    0    7.45    0.00   18.09    0.00    0.00   71.28    0.00    0.00    0.00    3.19

06:46:20 PM  CPU    %usr   %nice    %sys %iowait    %irq   %soft  %steal  %guest  %gnice   %idle
06:46:21 PM    0    8.33    0.00   17.71    0.00    0.00   70.83    0.00    0.00    0.00    3.12

06:46:21 PM  CPU    %usr   %nice    %sys %iowait    %irq   %soft  %steal  %guest  %gnice   %idle
06:46:22 PM    0    8.42    0.00   16.84    0.00    0.00   73.68    0.00    0.00    0.00    1.05

06:46:22 PM  CPU    %usr   %nice    %sys %iowait    %irq   %soft  %steal  %guest  %gnice   %idle
06:46:23 PM    0    6.32    0.00   15.79    0.00    0.00   75.79    0.00    0.00    0.00    2.11

06:46:23 PM  CPU    %usr   %nice    %sys %iowait    %irq   %soft  %steal  %guest  %gnice   %idle
06:46:24 PM    0    6.32    0.00   15.79    0.00    0.00   74.74    0.00    0.00    0.00    3.16

06:46:24 PM  CPU    %usr   %nice    %sys %iowait    %irq   %soft  %steal  %guest  %gnice   %idle
06:46:25 PM    0    8.33    0.00   16.67    0.00    0.00   72.92    0.00    0.00    0.00    2.08

06:46:25 PM  CPU    %usr   %nice    %sys %iowait    %irq   %soft  %steal  %guest  %gnice   %idle
06:46:26 PM    0    8.33    0.00   13.54    0.00    0.00   76.04    0.00    0.00    0.00    2.08

06:46:26 PM  CPU    %usr   %nice    %sys %iowait    %irq   %soft  %steal  %guest  %gnice   %idle
06:46:27 PM    0    8.33    0.00   15.62    0.00    0.00   73.96    0.00    0.00    0.00    2.08

06:46:27 PM  CPU    %usr   %nice    %sys %iowait    %irq   %soft  %steal  %guest  %gnice   %idle
06:46:28 PM    0    9.38    0.00   16.67    0.00    0.00   70.83    0.00    0.00    0.00    3.12

06:46:28 PM  CPU    %usr   %nice    %sys %iowait    %irq   %soft  %steal  %guest  %gnice   %idle
06:46:29 PM    0    9.68    0.00   18.28    0.00    0.00   69.89    0.00    0.00    0.00    2.15

06:46:29 PM  CPU    %usr   %nice    %sys %iowait    %irq   %soft  %steal  %guest  %gnice   %idle
06:46:30 PM    0    6.25    0.00   19.79    0.00    0.00   70.83    0.00    0.00    0.00    3.12

06:46:30 PM  CPU    %usr   %nice    %sys %iowait    %irq   %soft  %steal  %guest  %gnice   %idle
06:46:31 PM    0    7.37    0.00   17.89    0.00    0.00   72.63    0.00    0.00    0.00    2.11

06:46:31 PM  CPU    %usr   %nice    %sys %iowait    %irq   %soft  %steal  %guest  %gnice   %idle
06:46:32 PM    0    9.57    0.00   18.09    0.00    0.00   69.15    0.00    0.00    0.00    3.19

06:46:32 PM  CPU    %usr   %nice    %sys %iowait    %irq   %soft  %steal  %guest  %gnice   %idle
06:46:33 PM    0    6.38    0.00   14.89    0.00    0.00   75.53    0.00    0.00    0.00    3.19

06:46:33 PM  CPU    %usr   %nice    %sys %iowait    %irq   %soft  %steal  %guest  %gnice   %idle
06:46:34 PM    0    7.45    0.00   12.77    0.00    0.00   77.66    0.00    0.00    0.00    2.13

06:46:34 PM  CPU    %usr   %nice    %sys %iowait    %irq   %soft  %steal  %guest  %gnice   %idle
06:46:35 PM    0    9.28    0.00   16.49    0.00    0.00   72.16    0.00    0.00    0.00    2.06

06:46:35 PM  CPU    %usr   %nice    %sys %iowait    %irq   %soft  %steal  %guest  %gnice   %idle
06:46:36 PM    0    8.60    0.00   17.20    0.00    0.00   69.89    0.00    0.00    0.00    4.30

06:46:36 PM  CPU    %usr   %nice    %sys %iowait    %irq   %soft  %steal  %guest  %gnice   %idle
06:46:37 PM    0    6.59    0.00   15.38    0.00    0.00   74.73    0.00    0.00    0.00    3.30

06:46:37 PM  CPU    %usr   %nice    %sys %iowait    %irq   %soft  %steal  %guest  %gnice   %idle
06:46:38 PM    0    8.42    0.00   13.68    0.00    0.00   74.74    0.00    0.00    0.00    3.16

06:46:38 PM  CPU    %usr   %nice    %sys %iowait    %irq   %soft  %steal  %guest  %gnice   %idle
06:46:39 PM    0    8.51    0.00   13.83    0.00    0.00   73.40    0.00    0.00    0.00    4.26

06:46:39 PM  CPU    %usr   %nice    %sys %iowait    %irq   %soft  %steal  %guest  %gnice   %idle
06:46:40 PM    0    8.51    0.00   15.96    0.00    0.00   73.40    0.00    0.00    0.00    2.13

06:46:40 PM  CPU    %usr   %nice    %sys %iowait    %irq   %soft  %steal  %guest  %gnice   %idle
06:46:41 PM    0    6.25    0.00   15.62    0.00    0.00   75.00    0.00    0.00    0.00    3.12

06:46:41 PM  CPU    %usr   %nice    %sys %iowait    %irq   %soft  %steal  %guest  %gnice   %idle
06:46:42 PM    0    7.53    0.00   17.20    0.00    0.00   73.12    0.00    0.00    0.00    2.15

06:46:42 PM  CPU    %usr   %nice    %sys %iowait    %irq   %soft  %steal  %guest  %gnice   %idle
06:46:43 PM    0    8.33    0.00   14.58    0.00    0.00   73.96    0.00    0.00    0.00    3.12

06:46:43 PM  CPU    %usr   %nice    %sys %iowait    %irq   %soft  %steal  %guest  %gnice   %idle
06:46:44 PM    0    6.45    0.00   16.13    0.00    0.00   75.27    0.00    0.00    0.00    2.15

06:46:44 PM  CPU    %usr   %nice    %sys %iowait    %irq   %soft  %steal  %guest  %gnice   %idle
06:46:45 PM    0    6.38    0.00   14.89    0.00    0.00   76.60    0.00    0.00    0.00    2.13

06:46:45 PM  CPU    %usr   %nice    %sys %iowait    %irq   %soft  %steal  %guest  %gnice   %idle
06:46:46 PM    0    8.33    0.00   14.58    0.00    0.00   73.96    0.00    0.00    0.00    3.12

06:46:46 PM  CPU    %usr   %nice    %sys %iowait    %irq   %soft  %steal  %guest  %gnice   %idle
06:46:47 PM    0    7.53    0.00   15.05    0.00    0.00   74.19    0.00    0.00    0.00    3.23
