Linux 6.14.0-36-generic (Ubuntu) 	11/24/2025 	_aarch64_	(5 CPU)

06:48:51 PM  CPU    %usr   %nice    %sys %iowait    %irq   %soft  %steal  %guest  %gnice   %idle
06:48:52 PM    0   10.53    0.00    6.32    0.00    0.00    1.05    0.00    0.00    0.00   82.11

06:48:52 PM  CPU    %usr   %nice    %sys %iowait    %irq   %soft  %steal  %guest  %gnice   %idle
06:48:53 PM    0    8.16    0.00   24.49    1.02    0.00   62.24    0.00    0.00    0.00    4.08

06:48:53 PM  CPU    %usr   %nice    %sys %iowait    %irq   %soft  %steal  %guest  %gnice   %idle
06:48:54 PM    0    8.51    0.00   13.83    0.00    0.00   75.53    0.00    0.00    0.00    2.13

06:48:54 PM  CPU    %usr   %nice    %sys %iowait    %irq   %soft  %steal  %guest  %gnice   %idle
06:48:55 PM    0    7.14    0.00   15.31    0.00    0.00   77.55    0.00    0.00    0.00    0.00

06:48:55 PM  CPU    %usr   %nice    %sys %iowait    %irq   %soft  %steal  %guest  %gnice   %idle
06:48:56 PM    0    9.00    0.00   13.00    0.00    0.00   77.00    0.00    0.00    0.00    1.00

06:48:56 PM  CPU    %usr   %nice    %sys %iowait    %irq   %soft  %steal  %guest  %gnice   %idle
06:48:57 PM    0    9.09    0.00   15.15    0.00    0.00   75.76    0.00    0.00    0.00    0.00

06:48:57 PM  CPU    %usr   %nice    %sys %iowait    %irq   %soft  %steal  %guest  %gnice   %idle
06:48:58 PM    0    8.08    0.00   14.14    0.00    0.00   76.77    0.00    0.00    0.00    1.01

06:48:58 PM  CPU    %usr   %nice    %sys %iowait    %irq   %soft  %steal  %guest  %gnice   %idle
06:48:59 PM    0    9.09    0.00   13.13    0.00    0.00   77.78    0.00    0.00    0.00    0.00

06:48:59 PM  CPU    %usr   %nice    %sys %iowait    %irq   %soft  %steal  %guest  %gnice   %idle
06:49:00 PM    0    7.92    0.00   13.86    0.00    0.00   77.23    0.00    0.00    0.00    0.99

06:49:00 PM  CPU    %usr   %nice    %sys %iowait    %irq   %soft  %steal  %guest  %gnice   %idle
06:49:01 PM    0    7.22    0.00   15.46    0.00    0.00   77.32    0.00    0.00    0.00    0.00

06:49:01 PM  CPU    %usr   %nice    %sys %iowait    %irq   %soft  %steal  %guest  %gnice   %idle
06:49:02 PM    0    9.28    0.00   13.40    0.00    0.00   76.29    0.00    0.00    0.00    1.03

06:49:02 PM  CPU    %usr   %nice    %sys %iowait    %irq   %soft  %steal  %guest  %gnice   %idle
06:49:03 PM    0    8.08    0.00   16.16    0.00    0.00   73.74    0.00    0.00    0.00    2.02

06:49:03 PM  CPU    %usr   %nice    %sys %iowait    %irq   %soft  %steal  %guest  %gnice   %idle
06:49:04 PM    0    8.08    0.00   13.13    0.00    0.00   78.79    0.00    0.00    0.00    0.00

06:49:04 PM  CPU    %usr   %nice    %sys %iowait    %irq   %soft  %steal  %guest  %gnice   %idle
06:49:05 PM    0    8.16    0.00   14.29    0.00    0.00   77.55    0.00    0.00    0.00    0.00

06:49:05 PM  CPU    %usr   %nice    %sys %iowait    %irq   %soft  %steal  %guest  %gnice   %idle
06:49:06 PM    0    9.00    0.00   16.00    0.00    0.00   74.00    0.00    0.00    0.00    1.00

06:49:06 PM  CPU    %usr   %nice    %sys %iowait    %irq   %soft  %steal  %guest  %gnice   %idle
06:49:07 PM    0    8.16    0.00   14.29    0.00    0.00   77.55    0.00    0.00    0.00    0.00

06:49:07 PM  CPU    %usr   %nice    %sys %iowait    %irq   %soft  %steal  %guest  %gnice   %idle
06:49:08 PM    0    8.08    0.00   15.15    0.00    0.00   75.76    0.00    0.00    0.00    1.01

06:49:08 PM  CPU    %usr   %nice    %sys %iowait    %irq   %soft  %steal  %guest  %gnice   %idle
06:49:09 PM    0    8.08    0.00   15.15    0.00    0.00   76.77    0.00    0.00    0.00    0.00

06:49:09 PM  CPU    %usr   %nice    %sys %iowait    %irq   %soft  %steal  %guest  %gnice   %idle
06:49:10 PM    0    9.18    0.00   16.33    0.00    0.00   74.49    0.00    0.00    0.00    0.00

06:49:10 PM  CPU    %usr   %nice    %sys %iowait    %irq   %soft  %steal  %guest  %gnice   %idle
06:49:11 PM    0   11.00    0.00   23.00    0.00    0.00   64.00    0.00    0.00    0.00    2.00

06:49:11 PM  CPU    %usr   %nice    %sys %iowait    %irq   %soft  %steal  %guest  %gnice   %idle
06:49:12 PM    0   10.42    0.00   18.75    0.00    0.00   70.83    0.00    0.00    0.00    0.00

06:49:12 PM  CPU    %usr   %nice    %sys %iowait    %irq   %soft  %steal  %guest  %gnice   %idle
06:49:13 PM    0    8.16    0.00   14.29    0.00    0.00   76.53    0.00    0.00    0.00    1.02

06:49:13 PM  CPU    %usr   %nice    %sys %iowait    %irq   %soft  %steal  %guest  %gnice   %idle
06:49:14 PM    0    7.00    0.00   14.00    0.00    0.00   78.00    0.00    0.00    0.00    1.00

06:49:14 PM  CPU    %usr   %nice    %sys %iowait    %irq   %soft  %steal  %guest  %gnice   %idle
06:49:15 PM    0    7.14    0.00   15.31    0.00    0.00   76.53    0.00    0.00    0.00    1.02

06:49:15 PM  CPU    %usr   %nice    %sys %iowait    %irq   %soft  %steal  %guest  %gnice   %idle
06:49:16 PM    0    7.07    0.00   15.15    0.00    0.00   77.78    0.00    0.00    0.00    0.00

06:49:16 PM  CPU    %usr   %nice    %sys %iowait    %irq   %soft  %steal  %guest  %gnice   %idle
06:49:17 PM    0    7.07    0.00   15.15    0.00    0.00   76.77    0.00    0.00    0.00    1.01

06:49:17 PM  CPU    %usr   %nice    %sys %iowait    %irq   %soft  %steal  %guest  %gnice   %idle
06:49:18 PM    0    8.25    0.00   14.43    0.00    0.00   77.32    0.00    0.00    0.00    0.00

06:49:18 PM  CPU    %usr   %nice    %sys %iowait    %irq   %soft  %steal  %guest  %gnice   %idle
06:49:19 PM    0    7.14    0.00   16.33    0.00    0.00   76.53    0.00    0.00    0.00    0.00

06:49:19 PM  CPU    %usr   %nice    %sys %iowait    %irq   %soft  %steal  %guest  %gnice   %idle
06:49:20 PM    0    7.00    0.00   16.00    0.00    0.00   76.00    0.00    0.00    0.00    1.00

06:49:20 PM  CPU    %usr   %nice    %sys %iowait    %irq   %soft  %steal  %guest  %gnice   %idle
06:49:21 PM    0    8.16    0.00   16.33    0.00    0.00   74.49    0.00    0.00    0.00    1.02

06:49:21 PM  CPU    %usr   %nice    %sys %iowait    %irq   %soft  %steal  %guest  %gnice   %idle
06:49:22 PM    0    9.18    0.00   14.29    0.00    0.00   76.53    0.00    0.00    0.00    0.00

06:49:22 PM  CPU    %usr   %nice    %sys %iowait    %irq   %soft  %steal  %guest  %gnice   %idle
06:49:23 PM    0    9.09    0.00   14.14    0.00    0.00   75.76    0.00    0.00    0.00    1.01

06:49:23 PM  CPU    %usr   %nice    %sys %iowait    %irq   %soft  %steal  %guest  %gnice   %idle
06:49:24 PM    0    8.16    0.00   14.29    0.00    0.00   77.55    0.00    0.00    0.00    0.00

06:49:24 PM  CPU    %usr   %nice    %sys %iowait    %irq   %soft  %steal  %guest  %gnice   %idle
06:49:25 PM    0    8.16    0.00   15.31    0.00    0.00   75.51    0.00    0.00    0.00    1.02

06:49:25 PM  CPU    %usr   %nice    %sys %iowait    %irq   %soft  %steal  %guest  %gnice   %idle
06:49:26 PM    0   10.10    0.00   14.14    0.00    0.00   74.75    0.00    0.00    0.00    1.01

06:49:26 PM  CPU    %usr   %nice    %sys %iowait    %irq   %soft  %steal  %guest  %gnice   %idle
06:49:27 PM    0    8.16    0.00   15.31    0.00    0.00   76.53    0.00    0.00    0.00    0.00

06:49:27 PM  CPU    %usr   %nice    %sys %iowait    %irq   %soft  %steal  %guest  %gnice   %idle
06:49:28 PM    0    8.25    0.00   15.46    0.00    0.00   75.26    0.00    0.00    0.00    1.03

06:49:28 PM  CPU    %usr   %nice    %sys %iowait    %irq   %soft  %steal  %guest  %gnice   %idle
06:49:29 PM    0   10.10    0.00   15.15    0.00    0.00   74.75    0.00    0.00    0.00    0.00

06:49:29 PM  CPU    %usr   %nice    %sys %iowait    %irq   %soft  %steal  %guest  %gnice   %idle
06:49:30 PM    0   11.22    0.00   15.31    0.00    0.00   72.45    0.00    0.00    0.00    1.02

06:49:30 PM  CPU    %usr   %nice    %sys %iowait    %irq   %soft  %steal  %guest  %gnice   %idle
06:49:31 PM    0   10.20    0.00   15.31    0.00    0.00   74.49    0.00    0.00    0.00    0.00

06:49:31 PM  CPU    %usr   %nice    %sys %iowait    %irq   %soft  %steal  %guest  %gnice   %idle
06:49:32 PM    0    8.00    0.00   14.00    0.00    0.00   77.00    0.00    0.00    0.00    1.00

06:49:32 PM  CPU    %usr   %nice    %sys %iowait    %irq   %soft  %steal  %guest  %gnice   %idle
06:49:33 PM    0    8.25    0.00   14.43    0.00    0.00   77.32    0.00    0.00    0.00    0.00

06:49:33 PM  CPU    %usr   %nice    %sys %iowait    %irq   %soft  %steal  %guest  %gnice   %idle
06:49:34 PM    0   11.00    0.00   14.00    0.00    0.00   74.00    0.00    0.00    0.00    1.00

06:49:34 PM  CPU    %usr   %nice    %sys %iowait    %irq   %soft  %steal  %guest  %gnice   %idle
06:49:35 PM    0    8.16    0.00   15.31    0.00    0.00   75.51    0.00    0.00    0.00    1.02

06:49:35 PM  CPU    %usr   %nice    %sys %iowait    %irq   %soft  %steal  %guest  %gnice   %idle
06:49:36 PM    0    9.18    0.00   16.33    0.00    0.00   73.47    0.00    0.00    0.00    1.02

06:49:36 PM  CPU    %usr   %nice    %sys %iowait    %irq   %soft  %steal  %guest  %gnice   %idle
06:49:37 PM    0    8.16    0.00   15.31    0.00    0.00   75.51    0.00    0.00    0.00    1.02

06:49:37 PM  CPU    %usr   %nice    %sys %iowait    %irq   %soft  %steal  %guest  %gnice   %idle
06:49:38 PM    0    8.16    0.00   15.31    0.00    0.00   76.53    0.00    0.00    0.00    0.00

06:49:38 PM  CPU    %usr   %nice    %sys %iowait    %irq   %soft  %steal  %guest  %gnice   %idle
06:49:39 PM    0    8.00    0.00   16.00    0.00    0.00   75.00    0.00    0.00    0.00    1.00

06:49:39 PM  CPU    %usr   %nice    %sys %iowait    %irq   %soft  %steal  %guest  %gnice   %idle
06:49:40 PM    0    8.08    0.00   14.14    0.00    0.00   77.78    0.00    0.00    0.00    0.00

06:49:40 PM  CPU    %usr   %nice    %sys %iowait    %irq   %soft  %steal  %guest  %gnice   %idle
06:49:41 PM    0    8.08    0.00   16.16    0.00    0.00   75.76    0.00    0.00    0.00    0.00

06:49:41 PM  CPU    %usr   %nice    %sys %iowait    %irq   %soft  %steal  %guest  %gnice   %idle
06:49:42 PM    0   10.10    0.00   14.14    0.00    0.00   74.75    0.00    0.00    0.00    1.01

06:49:42 PM  CPU    %usr   %nice    %sys %iowait    %irq   %soft  %steal  %guest  %gnice   %idle
06:49:43 PM    0    7.07    0.00   14.14    0.00    0.00   78.79    0.00    0.00    0.00    0.00

06:49:43 PM  CPU    %usr   %nice    %sys %iowait    %irq   %soft  %steal  %guest  %gnice   %idle
06:49:44 PM    0   10.20    0.00   14.29    0.00    0.00   73.47    0.00    0.00    0.00    2.04

06:49:44 PM  CPU    %usr   %nice    %sys %iowait    %irq   %soft  %steal  %guest  %gnice   %idle
06:49:45 PM    0    9.28    0.00   16.49    0.00    0.00   74.23    0.00    0.00    0.00    0.00

06:49:45 PM  CPU    %usr   %nice    %sys %iowait    %irq   %soft  %steal  %guest  %gnice   %idle
06:49:46 PM    0   10.10    0.00   13.13    0.00    0.00   74.75    0.00    0.00    0.00    2.02

06:49:46 PM  CPU    %usr   %nice    %sys %iowait    %irq   %soft  %steal  %guest  %gnice   %idle
06:49:47 PM    0    8.16    0.00   15.31    0.00    0.00   76.53    0.00    0.00    0.00    0.00

06:49:47 PM  CPU    %usr   %nice    %sys %iowait    %irq   %soft  %steal  %guest  %gnice   %idle
06:49:48 PM    0    7.14    0.00   14.29    0.00    0.00   77.55    0.00    0.00    0.00    1.02

06:49:48 PM  CPU    %usr   %nice    %sys %iowait    %irq   %soft  %steal  %guest  %gnice   %idle
06:49:49 PM    0    7.14    0.00   15.31    0.00    0.00   77.55    0.00    0.00    0.00    0.00

06:49:49 PM  CPU    %usr   %nice    %sys %iowait    %irq   %soft  %steal  %guest  %gnice   %idle
06:49:50 PM    0    7.07    0.00   15.15    0.00    0.00   76.77    0.00    0.00    0.00    1.01

06:49:50 PM  CPU    %usr   %nice    %sys %iowait    %irq   %soft  %steal  %guest  %gnice   %idle
06:49:51 PM    0    8.16    0.00   18.37    0.00    0.00   73.47    0.00    0.00    0.00    0.00
