Linux 6.14.0-36-generic (Ubuntu) 	11/24/2025 	_aarch64_	(5 CPU)

06:51:55 PM  CPU    %usr   %nice    %sys %iowait    %irq   %soft  %steal  %guest  %gnice   %idle
06:51:56 PM    0   12.50    0.00    6.25    0.00    0.00    1.04    0.00    0.00    0.00   80.21

06:51:56 PM  CPU    %usr   %nice    %sys %iowait    %irq   %soft  %steal  %guest  %gnice   %idle
06:51:57 PM    0    9.90    0.00   16.83    0.00    0.00   73.27    0.00    0.00    0.00    0.00

06:51:57 PM  CPU    %usr   %nice    %sys %iowait    %irq   %soft  %steal  %guest  %gnice   %idle
06:51:58 PM    0    7.07    0.00   11.11    0.00    0.00   81.82    0.00    0.00    0.00    0.00

06:51:58 PM  CPU    %usr   %nice    %sys %iowait    %irq   %soft  %steal  %guest  %gnice   %idle
06:51:59 PM    0    8.16    0.00   13.27    1.02    0.00   70.41    0.00    0.00    0.00    7.14

06:51:59 PM  CPU    %usr   %nice    %sys %iowait    %irq   %soft  %steal  %guest  %gnice   %idle
06:52:00 PM    0   10.00    0.00   16.67    0.00    0.00   72.22    0.00    0.00    0.00    1.11

06:52:00 PM  CPU    %usr   %nice    %sys %iowait    %irq   %soft  %steal  %guest  %gnice   %idle
06:52:01 PM    0    9.90    0.00   15.84    0.00    0.00   74.26    0.00    0.00    0.00    0.00

06:52:01 PM  CPU    %usr   %nice    %sys %iowait    %irq   %soft  %steal  %guest  %gnice   %idle
06:52:02 PM    0   11.11    0.00   14.14    0.00    0.00   74.75    0.00    0.00    0.00    0.00

06:52:02 PM  CPU    %usr   %nice    %sys %iowait    %irq   %soft  %steal  %guest  %gnice   %idle
06:52:03 PM    0    7.92    0.00   14.85    0.00    0.00   77.23    0.00    0.00    0.00    0.00

06:52:03 PM  CPU    %usr   %nice    %sys %iowait    %irq   %soft  %steal  %guest  %gnice   %idle
06:52:04 PM    0    8.08    0.00   16.16    0.00    0.00   75.76    0.00    0.00    0.00    0.00

06:52:04 PM  CPU    %usr   %nice    %sys %iowait    %irq   %soft  %steal  %guest  %gnice   %idle
06:52:05 PM    0   10.00    0.00   14.00    0.00    0.00   76.00    0.00    0.00    0.00    0.00

06:52:05 PM  CPU    %usr   %nice    %sys %iowait    %irq   %soft  %steal  %guest  %gnice   %idle
06:52:06 PM    0    8.00    0.00   13.00    0.00    0.00   79.00    0.00    0.00    0.00    0.00

06:52:06 PM  CPU    %usr   %nice    %sys %iowait    %irq   %soft  %steal  %guest  %gnice   %idle
06:52:07 PM    0    8.08    0.00   14.14    0.00    0.00   77.78    0.00    0.00    0.00    0.00

06:52:07 PM  CPU    %usr   %nice    %sys %iowait    %irq   %soft  %steal  %guest  %gnice   %idle
06:52:08 PM    0    9.90    0.00   12.87    0.00    0.00   77.23    0.00    0.00    0.00    0.00

06:52:08 PM  CPU    %usr   %nice    %sys %iowait    %irq   %soft  %steal  %guest  %gnice   %idle
06:52:09 PM    0   10.00    0.00   16.00    0.00    0.00   74.00    0.00    0.00    0.00    0.00

06:52:09 PM  CPU    %usr   %nice    %sys %iowait    %irq   %soft  %steal  %guest  %gnice   %idle
06:52:10 PM    0    9.00    0.00   15.00    0.00    0.00   76.00    0.00    0.00    0.00    0.00

06:52:10 PM  CPU    %usr   %nice    %sys %iowait    %irq   %soft  %steal  %guest  %gnice   %idle
06:52:11 PM    0   10.10    0.00   14.14    0.00    0.00   75.76    0.00    0.00    0.00    0.00

06:52:11 PM  CPU    %usr   %nice    %sys %iowait    %irq   %soft  %steal  %guest  %gnice   %idle
06:52:12 PM    0    8.91    0.00   14.85    0.00    0.00   76.24    0.00    0.00    0.00    0.00

06:52:12 PM  CPU    %usr   %nice    %sys %iowait    %irq   %soft  %steal  %guest  %gnice   %idle
06:52:13 PM    0    8.08    0.00   14.14    0.00    0.00   77.78    0.00    0.00    0.00    0.00

06:52:13 PM  CPU    %usr   %nice    %sys %iowait    %irq   %soft  %steal  %guest  %gnice   %idle
06:52:14 PM    0    9.00    0.00   13.00    0.00    0.00   78.00    0.00    0.00    0.00    0.00

06:52:14 PM  CPU    %usr   %nice    %sys %iowait    %irq   %soft  %steal  %guest  %gnice   %idle
06:52:15 PM    0    9.09    0.00   13.13    0.00    0.00   77.78    0.00    0.00    0.00    0.00

06:52:15 PM  CPU    %usr   %nice    %sys %iowait    %irq   %soft  %steal  %guest  %gnice   %idle
06:52:16 PM    0    7.00    0.00   12.00    0.00    0.00   81.00    0.00    0.00    0.00    0.00

06:52:16 PM  CPU    %usr   %nice    %sys %iowait    %irq   %soft  %steal  %guest  %gnice   %idle
06:52:17 PM    0    9.90    0.00   12.87    0.00    0.00   77.23    0.00    0.00    0.00    0.00

06:52:17 PM  CPU    %usr   %nice    %sys %iowait    %irq   %soft  %steal  %guest  %gnice   %idle
06:52:18 PM    0    8.08    0.00   13.13    0.00    0.00   78.79    0.00    0.00    0.00    0.00

06:52:18 PM  CPU    %usr   %nice    %sys %iowait    %irq   %soft  %steal  %guest  %gnice   %idle
06:52:19 PM    0    9.09    0.00   13.13    0.00    0.00   77.78    0.00    0.00    0.00    0.00

06:52:19 PM  CPU    %usr   %nice    %sys %iowait    %irq   %soft  %steal  %guest  %gnice   %idle
06:52:20 PM    0    9.90    0.00   13.86    0.00    0.00   76.24    0.00    0.00    0.00    0.00

06:52:20 PM  CPU    %usr   %nice    %sys %iowait    %irq   %soft  %steal  %guest  %gnice   %idle
06:52:21 PM    0   10.10    0.00   15.15    0.00    0.00   74.75    0.00    0.00    0.00    0.00

06:52:21 PM  CPU    %usr   %nice    %sys %iowait    %irq   %soft  %steal  %guest  %gnice   %idle
06:52:22 PM    0    9.90    0.00   13.86    0.00    0.00   76.24    0.00    0.00    0.00    0.00

06:52:22 PM  CPU    %usr   %nice    %sys %iowait    %irq   %soft  %steal  %guest  %gnice   %idle
06:52:23 PM    0    9.18    0.00   15.31    0.00    0.00   75.51    0.00    0.00    0.00    0.00

06:52:23 PM  CPU    %usr   %nice    %sys %iowait    %irq   %soft  %steal  %guest  %gnice   %idle
06:52:24 PM    0    9.90    0.00   13.86    0.00    0.00   76.24    0.00    0.00    0.00    0.00

06:52:24 PM  CPU    %usr   %nice    %sys %iowait    %irq   %soft  %steal  %guest  %gnice   %idle
06:52:25 PM    0    9.00    0.00   14.00    0.00    0.00   77.00    0.00    0.00    0.00    0.00

06:52:25 PM  CPU    %usr   %nice    %sys %iowait    %irq   %soft  %steal  %guest  %gnice   %idle
06:52:26 PM    0    9.09    0.00   12.12    0.00    0.00   78.79    0.00    0.00    0.00    0.00

06:52:26 PM  CPU    %usr   %nice    %sys %iowait    %irq   %soft  %steal  %guest  %gnice   %idle
06:52:27 PM    0    9.00    0.00   14.00    0.00    0.00   77.00    0.00    0.00    0.00    0.00

06:52:27 PM  CPU    %usr   %nice    %sys %iowait    %irq   %soft  %steal  %guest  %gnice   %idle
06:52:28 PM    0    9.00    0.00   15.00    0.00    0.00   76.00    0.00    0.00    0.00    0.00

06:52:28 PM  CPU    %usr   %nice    %sys %iowait    %irq   %soft  %steal  %guest  %gnice   %idle
06:52:29 PM    0    9.00    0.00   15.00    0.00    0.00   76.00    0.00    0.00    0.00    0.00

06:52:29 PM  CPU    %usr   %nice    %sys %iowait    %irq   %soft  %steal  %guest  %gnice   %idle
06:52:30 PM    0   10.10    0.00   13.13    0.00    0.00   75.76    0.00    0.00    0.00    1.01

06:52:30 PM  CPU    %usr   %nice    %sys %iowait    %irq   %soft  %steal  %guest  %gnice   %idle
06:52:31 PM    0    8.00    0.00   15.00    0.00    0.00   77.00    0.00    0.00    0.00    0.00

06:52:31 PM  CPU    %usr   %nice    %sys %iowait    %irq   %soft  %steal  %guest  %gnice   %idle
06:52:32 PM    0    9.00    0.00   15.00    0.00    0.00   76.00    0.00    0.00    0.00    0.00

06:52:32 PM  CPU    %usr   %nice    %sys %iowait    %irq   %soft  %steal  %guest  %gnice   %idle
06:52:33 PM    0   10.00    0.00   15.00    0.00    0.00   75.00    0.00    0.00    0.00    0.00

06:52:33 PM  CPU    %usr   %nice    %sys %iowait    %irq   %soft  %steal  %guest  %gnice   %idle
06:52:34 PM    0   10.00    0.00   15.00    0.00    0.00   75.00    0.00    0.00    0.00    0.00

06:52:34 PM  CPU    %usr   %nice    %sys %iowait    %irq   %soft  %steal  %guest  %gnice   %idle
06:52:35 PM    0    9.00    0.00   12.00    0.00    0.00   79.00    0.00    0.00    0.00    0.00

06:52:35 PM  CPU    %usr   %nice    %sys %iowait    %irq   %soft  %steal  %guest  %gnice   %idle
06:52:36 PM    0   10.10    0.00   16.16    0.00    0.00   72.73    0.00    0.00    0.00    1.01

06:52:36 PM  CPU    %usr   %nice    %sys %iowait    %irq   %soft  %steal  %guest  %gnice   %idle
06:52:37 PM    0    9.00    0.00   16.00    0.00    0.00   75.00    0.00    0.00    0.00    0.00

06:52:37 PM  CPU    %usr   %nice    %sys %iowait    %irq   %soft  %steal  %guest  %gnice   %idle
06:52:38 PM    0    8.08    0.00   14.14    0.00    0.00   77.78    0.00    0.00    0.00    0.00

06:52:38 PM  CPU    %usr   %nice    %sys %iowait    %irq   %soft  %steal  %guest  %gnice   %idle
06:52:39 PM    0    9.90    0.00   15.84    0.00    0.00   74.26    0.00    0.00    0.00    0.00

06:52:39 PM  CPU    %usr   %nice    %sys %iowait    %irq   %soft  %steal  %guest  %gnice   %idle
06:52:40 PM    0    8.08    0.00   14.14    0.00    0.00   77.78    0.00    0.00    0.00    0.00

06:52:40 PM  CPU    %usr   %nice    %sys %iowait    %irq   %soft  %steal  %guest  %gnice   %idle
06:52:41 PM    0    9.00    0.00   14.00    0.00    0.00   77.00    0.00    0.00    0.00    0.00

06:52:41 PM  CPU    %usr   %nice    %sys %iowait    %irq   %soft  %steal  %guest  %gnice   %idle
06:52:42 PM    0    8.08    0.00   14.14    0.00    0.00   77.78    0.00    0.00    0.00    0.00

06:52:42 PM  CPU    %usr   %nice    %sys %iowait    %irq   %soft  %steal  %guest  %gnice   %idle
06:52:43 PM    0    9.00    0.00   13.00    0.00    0.00   78.00    0.00    0.00    0.00    0.00

06:52:43 PM  CPU    %usr   %nice    %sys %iowait    %irq   %soft  %steal  %guest  %gnice   %idle
06:52:44 PM    0   12.00    0.00   14.00    0.00    0.00   74.00    0.00    0.00    0.00    0.00

06:52:44 PM  CPU    %usr   %nice    %sys %iowait    %irq   %soft  %steal  %guest  %gnice   %idle
06:52:45 PM    0    9.09    0.00   14.14    0.00    0.00   76.77    0.00    0.00    0.00    0.00

06:52:45 PM  CPU    %usr   %nice    %sys %iowait    %irq   %soft  %steal  %guest  %gnice   %idle
06:52:46 PM    0    9.90    0.00   14.85    0.00    0.00   75.25    0.00    0.00    0.00    0.00

06:52:46 PM  CPU    %usr   %nice    %sys %iowait    %irq   %soft  %steal  %guest  %gnice   %idle
06:52:47 PM    0    9.00    0.00   13.00    0.00    0.00   78.00    0.00    0.00    0.00    0.00

06:52:47 PM  CPU    %usr   %nice    %sys %iowait    %irq   %soft  %steal  %guest  %gnice   %idle
06:52:48 PM    0    8.08    0.00   14.14    0.00    0.00   77.78    0.00    0.00    0.00    0.00

06:52:48 PM  CPU    %usr   %nice    %sys %iowait    %irq   %soft  %steal  %guest  %gnice   %idle
06:52:49 PM    0    9.90    0.00   13.86    0.00    0.00   75.25    0.00    0.00    0.00    0.99

06:52:49 PM  CPU    %usr   %nice    %sys %iowait    %irq   %soft  %steal  %guest  %gnice   %idle
06:52:50 PM    0   10.10    0.00   13.13    0.00    0.00   76.77    0.00    0.00    0.00    0.00

06:52:50 PM  CPU    %usr   %nice    %sys %iowait    %irq   %soft  %steal  %guest  %gnice   %idle
06:52:51 PM    0    8.91    0.00   14.85    0.00    0.00   76.24    0.00    0.00    0.00    0.00

06:52:51 PM  CPU    %usr   %nice    %sys %iowait    %irq   %soft  %steal  %guest  %gnice   %idle
06:52:52 PM    0   10.10    0.00   16.16    0.00    0.00   73.74    0.00    0.00    0.00    0.00

06:52:52 PM  CPU    %usr   %nice    %sys %iowait    %irq   %soft  %steal  %guest  %gnice   %idle
06:52:53 PM    0   10.00    0.00   18.00    0.00    0.00   71.00    0.00    0.00    0.00    1.00

06:52:53 PM  CPU    %usr   %nice    %sys %iowait    %irq   %soft  %steal  %guest  %gnice   %idle
06:52:54 PM    0   11.00    0.00   15.00    0.00    0.00   74.00    0.00    0.00    0.00    0.00

06:52:54 PM  CPU    %usr   %nice    %sys %iowait    %irq   %soft  %steal  %guest  %gnice   %idle
06:52:55 PM    0    9.00    0.00   13.00    0.00    0.00   78.00    0.00    0.00    0.00    0.00
