Linux 6.14.0-36-generic (Ubuntu) 	11/24/2025 	_aarch64_	(5 CPU)

06:47:50 PM  CPU    %usr   %nice    %sys %iowait    %irq   %soft  %steal  %guest  %gnice   %idle
06:47:51 PM    0    7.45    0.00    5.32    0.00    0.00    1.06    0.00    0.00    0.00   86.17

06:47:51 PM  CPU    %usr   %nice    %sys %iowait    %irq   %soft  %steal  %guest  %gnice   %idle
06:47:52 PM    0    9.09    0.00   30.30    0.00    0.00   60.61    0.00    0.00    0.00    0.00

06:47:52 PM  CPU    %usr   %nice    %sys %iowait    %irq   %soft  %steal  %guest  %gnice   %idle
06:47:53 PM    0    9.18    0.00   23.47    0.00    0.00   64.29    0.00    0.00    0.00    3.06

06:47:53 PM  CPU    %usr   %nice    %sys %iowait    %irq   %soft  %steal  %guest  %gnice   %idle
06:47:54 PM    0    9.28    0.00   19.59    0.00    0.00   71.13    0.00    0.00    0.00    0.00

06:47:54 PM  CPU    %usr   %nice    %sys %iowait    %irq   %soft  %steal  %guest  %gnice   %idle
06:47:55 PM    0    7.14    0.00   20.41    0.00    0.00   71.43    0.00    0.00    0.00    1.02

06:47:55 PM  CPU    %usr   %nice    %sys %iowait    %irq   %soft  %steal  %guest  %gnice   %idle
06:47:56 PM    0    9.09    0.00   16.16    0.00    0.00   73.74    0.00    0.00    0.00    1.01

06:47:56 PM  CPU    %usr   %nice    %sys %iowait    %irq   %soft  %steal  %guest  %gnice   %idle
06:47:57 PM    0    7.14    0.00   16.33    0.00    0.00   75.51    0.00    0.00    0.00    1.02

06:47:57 PM  CPU    %usr   %nice    %sys %iowait    %irq   %soft  %steal  %guest  %gnice   %idle
06:47:58 PM    0    6.93    0.00   15.84    0.00    0.00   76.24    0.00    0.00    0.00    0.99

06:47:58 PM  CPU    %usr   %nice    %sys %iowait    %irq   %soft  %steal  %guest  %gnice   %idle
06:47:59 PM    0    8.16    0.00   19.39    0.00    0.00   72.45    0.00    0.00    0.00    0.00

06:47:59 PM  CPU    %usr   %nice    %sys %iowait    %irq   %soft  %steal  %guest  %gnice   %idle
06:48:00 PM    0    8.16    0.00   16.33    0.00    0.00   74.49    0.00    0.00    0.00    1.02

06:48:00 PM  CPU    %usr   %nice    %sys %iowait    %irq   %soft  %steal  %guest  %gnice   %idle
06:48:01 PM    0    7.22    0.00   16.49    0.00    0.00   76.29    0.00    0.00    0.00    0.00

06:48:01 PM  CPU    %usr   %nice    %sys %iowait    %irq   %soft  %steal  %guest  %gnice   %idle
06:48:02 PM    0    8.08    0.00   17.17    0.00    0.00   73.74    0.00    0.00    0.00    1.01

06:48:02 PM  CPU    %usr   %nice    %sys %iowait    %irq   %soft  %steal  %guest  %gnice   %idle
06:48:03 PM    0    8.08    0.00   15.15    0.00    0.00   76.77    0.00    0.00    0.00    0.00

06:48:03 PM  CPU    %usr   %nice    %sys %iowait    %irq   %soft  %steal  %guest  %gnice   %idle
06:48:04 PM    0    9.00    0.00   16.00    0.00    0.00   74.00    0.00    0.00    0.00    1.00

06:48:04 PM  CPU    %usr   %nice    %sys %iowait    %irq   %soft  %steal  %guest  %gnice   %idle
06:48:05 PM    0    9.28    0.00   16.49    0.00    0.00   74.23    0.00    0.00    0.00    0.00

06:48:05 PM  CPU    %usr   %nice    %sys %iowait    %irq   %soft  %steal  %guest  %gnice   %idle
06:48:06 PM    0    9.00    0.00   18.00    0.00    0.00   73.00    0.00    0.00    0.00    0.00

06:48:06 PM  CPU    %usr   %nice    %sys %iowait    %irq   %soft  %steal  %guest  %gnice   %idle
06:48:07 PM    0    8.08    0.00   17.17    0.00    0.00   73.74    0.00    0.00    0.00    1.01

06:48:07 PM  CPU    %usr   %nice    %sys %iowait    %irq   %soft  %steal  %guest  %gnice   %idle
06:48:08 PM    0    8.08    0.00   16.16    0.00    0.00   75.76    0.00    0.00    0.00    0.00

06:48:08 PM  CPU    %usr   %nice    %sys %iowait    %irq   %soft  %steal  %guest  %gnice   %idle
06:48:09 PM    0   10.10    0.00   15.15    0.00    0.00   73.74    0.00    0.00    0.00    1.01

06:48:09 PM  CPU    %usr   %nice    %sys %iowait    %irq   %soft  %steal  %guest  %gnice   %idle
06:48:10 PM    0    9.00    0.00   16.00    0.00    0.00   75.00    0.00    0.00    0.00    0.00

06:48:10 PM  CPU    %usr   %nice    %sys %iowait    %irq   %soft  %steal  %guest  %gnice   %idle
06:48:11 PM    0    8.08    0.00   15.15    0.00    0.00   75.76    0.00    0.00    0.00    1.01

06:48:11 PM  CPU    %usr   %nice    %sys %iowait    %irq   %soft  %steal  %guest  %gnice   %idle
06:48:12 PM    0    7.22    0.00   19.59    0.00    0.00   73.20    0.00    0.00    0.00    0.00

06:48:12 PM  CPU    %usr   %nice    %sys %iowait    %irq   %soft  %steal  %guest  %gnice   %idle
06:48:13 PM    0   12.12    0.00   16.16    0.00    0.00   70.71    0.00    0.00    0.00    1.01

06:48:13 PM  CPU    %usr   %nice    %sys %iowait    %irq   %soft  %steal  %guest  %gnice   %idle
06:48:14 PM    0   12.90    0.00   18.28    1.08    0.00   66.67    0.00    0.00    0.00    1.08

06:48:14 PM  CPU    %usr   %nice    %sys %iowait    %irq   %soft  %steal  %guest  %gnice   %idle
06:48:15 PM    0    8.08    0.00   14.14    0.00    0.00   76.77    0.00    0.00    0.00    1.01

06:48:15 PM  CPU    %usr   %nice    %sys %iowait    %irq   %soft  %steal  %guest  %gnice   %idle
06:48:16 PM    0    8.08    0.00   15.15    0.00    0.00   76.77    0.00    0.00    0.00    0.00

06:48:16 PM  CPU    %usr   %nice    %sys %iowait    %irq   %soft  %steal  %guest  %gnice   %idle
06:48:17 PM    0    8.16    0.00   16.33    0.00    0.00   74.49    0.00    0.00    0.00    1.02

06:48:17 PM  CPU    %usr   %nice    %sys %iowait    %irq   %soft  %steal  %guest  %gnice   %idle
06:48:18 PM    0    9.18    0.00   14.29    0.00    0.00   75.51    0.00    0.00    0.00    1.02

06:48:18 PM  CPU    %usr   %nice    %sys %iowait    %irq   %soft  %steal  %guest  %gnice   %idle
06:48:19 PM    0    8.25    0.00   16.49    0.00    0.00   75.26    0.00    0.00    0.00    0.00

06:48:19 PM  CPU    %usr   %nice    %sys %iowait    %irq   %soft  %steal  %guest  %gnice   %idle
06:48:20 PM    0    8.00    0.00   15.00    0.00    0.00   76.00    0.00    0.00    0.00    1.00

06:48:20 PM  CPU    %usr   %nice    %sys %iowait    %irq   %soft  %steal  %guest  %gnice   %idle
06:48:21 PM    0    8.16    0.00   15.31    0.00    0.00   75.51    0.00    0.00    0.00    1.02

06:48:21 PM  CPU    %usr   %nice    %sys %iowait    %irq   %soft  %steal  %guest  %gnice   %idle
06:48:22 PM    0    9.18    0.00   16.33    0.00    0.00   73.47    0.00    0.00    0.00    1.02

06:48:22 PM  CPU    %usr   %nice    %sys %iowait    %irq   %soft  %steal  %guest  %gnice   %idle
06:48:23 PM    0    8.33    0.00   14.58    0.00    0.00   68.75    0.00    0.00    0.00    8.33

06:48:23 PM  CPU    %usr   %nice    %sys %iowait    %irq   %soft  %steal  %guest  %gnice   %idle
06:48:24 PM    0    8.08    0.00   16.16    0.00    0.00   74.75    0.00    0.00    0.00    1.01

06:48:24 PM  CPU    %usr   %nice    %sys %iowait    %irq   %soft  %steal  %guest  %gnice   %idle
06:48:25 PM    0    7.14    0.00   14.29    0.00    0.00   78.57    0.00    0.00    0.00    0.00

06:48:25 PM  CPU    %usr   %nice    %sys %iowait    %irq   %soft  %steal  %guest  %gnice   %idle
06:48:26 PM    0    7.22    0.00   14.43    0.00    0.00   77.32    0.00    0.00    0.00    1.03

06:48:26 PM  CPU    %usr   %nice    %sys %iowait    %irq   %soft  %steal  %guest  %gnice   %idle
06:48:27 PM    0    8.08    0.00   15.15    0.00    0.00   76.77    0.00    0.00    0.00    0.00

06:48:27 PM  CPU    %usr   %nice    %sys %iowait    %irq   %soft  %steal  %guest  %gnice   %idle
06:48:28 PM    0    9.09    0.00   15.15    0.00    0.00   74.75    0.00    0.00    0.00    1.01

06:48:28 PM  CPU    %usr   %nice    %sys %iowait    %irq   %soft  %steal  %guest  %gnice   %idle
06:48:29 PM    0    7.14    0.00   15.31    0.00    0.00   76.53    0.00    0.00    0.00    1.02

06:48:29 PM  CPU    %usr   %nice    %sys %iowait    %irq   %soft  %steal  %guest  %gnice   %idle
06:48:30 PM    0    8.08    0.00   15.15    0.00    0.00   75.76    0.00    0.00    0.00    1.01

06:48:30 PM  CPU    %usr   %nice    %sys %iowait    %irq   %soft  %steal  %guest  %gnice   %idle
06:48:31 PM    0    8.25    0.00   15.46    0.00    0.00   76.29    0.00    0.00    0.00    0.00

06:48:31 PM  CPU    %usr   %nice    %sys %iowait    %irq   %soft  %steal  %guest  %gnice   %idle
06:48:32 PM    0    8.08    0.00   16.16    0.00    0.00   74.75    0.00    0.00    0.00    1.01

06:48:32 PM  CPU    %usr   %nice    %sys %iowait    %irq   %soft  %steal  %guest  %gnice   %idle
06:48:33 PM    0    8.16    0.00   13.27    0.00    0.00   77.55    0.00    0.00    0.00    1.02

06:48:33 PM  CPU    %usr   %nice    %sys %iowait    %irq   %soft  %steal  %guest  %gnice   %idle
06:48:34 PM    0    8.08    0.00   15.15    0.00    0.00   75.76    0.00    0.00    0.00    1.01

06:48:34 PM  CPU    %usr   %nice    %sys %iowait    %irq   %soft  %steal  %guest  %gnice   %idle
06:48:35 PM    0    6.19    0.00   14.43    0.00    0.00   79.38    0.00    0.00    0.00    0.00

06:48:35 PM  CPU    %usr   %nice    %sys %iowait    %irq   %soft  %steal  %guest  %gnice   %idle
06:48:36 PM    0    7.07    0.00   15.15    0.00    0.00   76.77    0.00    0.00    0.00    1.01

06:48:36 PM  CPU    %usr   %nice    %sys %iowait    %irq   %soft  %steal  %guest  %gnice   %idle
06:48:37 PM    0    8.08    0.00   15.15    0.00    0.00   75.76    0.00    0.00    0.00    1.01

06:48:37 PM  CPU    %usr   %nice    %sys %iowait    %irq   %soft  %steal  %guest  %gnice   %idle
06:48:38 PM    0    7.22    0.00   13.40    0.00    0.00   78.35    0.00    0.00    0.00    1.03

06:48:38 PM  CPU    %usr   %nice    %sys %iowait    %irq   %soft  %steal  %guest  %gnice   %idle
06:48:39 PM    0    8.08    0.00   14.14    0.00    0.00   76.77    0.00    0.00    0.00    1.01

06:48:39 PM  CPU    %usr   %nice    %sys %iowait    %irq   %soft  %steal  %guest  %gnice   %idle
06:48:40 PM    0    7.14    0.00   12.24    0.00    0.00   80.61    0.00    0.00    0.00    0.00

06:48:40 PM  CPU    %usr   %nice    %sys %iowait    %irq   %soft  %steal  %guest  %gnice   %idle
06:48:41 PM    0    8.08    0.00   15.15    0.00    0.00   75.76    0.00    0.00    0.00    1.01

06:48:41 PM  CPU    %usr   %nice    %sys %iowait    %irq   %soft  %steal  %guest  %gnice   %idle
06:48:42 PM    0    9.18    0.00   14.29    0.00    0.00   75.51    0.00    0.00    0.00    1.02

06:48:42 PM  CPU    %usr   %nice    %sys %iowait    %irq   %soft  %steal  %guest  %gnice   %idle
06:48:43 PM    0    7.22    0.00   14.43    0.00    0.00   78.35    0.00    0.00    0.00    0.00

06:48:43 PM  CPU    %usr   %nice    %sys %iowait    %irq   %soft  %steal  %guest  %gnice   %idle
06:48:44 PM    0    8.33    0.00   15.62    0.00    0.00   75.00    0.00    0.00    0.00    1.04

06:48:44 PM  CPU    %usr   %nice    %sys %iowait    %irq   %soft  %steal  %guest  %gnice   %idle
06:48:45 PM    0    9.38    0.00   16.67    0.00    0.00   69.79    0.00    0.00    0.00    4.17

06:48:45 PM  CPU    %usr   %nice    %sys %iowait    %irq   %soft  %steal  %guest  %gnice   %idle
06:48:46 PM    0    9.28    0.00   14.43    0.00    0.00   75.26    0.00    0.00    0.00    1.03

06:48:46 PM  CPU    %usr   %nice    %sys %iowait    %irq   %soft  %steal  %guest  %gnice   %idle
06:48:47 PM    0    6.12    0.00   15.31    0.00    0.00   77.55    0.00    0.00    0.00    1.02

06:48:47 PM  CPU    %usr   %nice    %sys %iowait    %irq   %soft  %steal  %guest  %gnice   %idle
06:48:48 PM    0    8.08    0.00   15.15    0.00    0.00   75.76    0.00    0.00    0.00    1.01

06:48:48 PM  CPU    %usr   %nice    %sys %iowait    %irq   %soft  %steal  %guest  %gnice   %idle
06:48:49 PM    0    8.33    0.00   14.58    0.00    0.00   76.04    0.00    0.00    0.00    1.04

06:48:49 PM  CPU    %usr   %nice    %sys %iowait    %irq   %soft  %steal  %guest  %gnice   %idle
06:48:50 PM    0    8.33    0.00   14.58    0.00    0.00   76.04    0.00    0.00    0.00    1.04
