Linux 6.14.0-36-generic (Ubuntu) 	11/24/2025 	_aarch64_	(5 CPU)

06:46:48 PM  CPU    %usr   %nice    %sys %iowait    %irq   %soft  %steal  %guest  %gnice   %idle
06:46:49 PM    0    9.18    0.00    5.10    0.00    0.00    1.02    0.00    0.00    0.00   84.69

06:46:49 PM  CPU    %usr   %nice    %sys %iowait    %irq   %soft  %steal  %guest  %gnice   %idle
06:46:50 PM    0    7.37    0.00   22.11    0.00    0.00   69.47    0.00    0.00    0.00    1.05

06:46:50 PM  CPU    %usr   %nice    %sys %iowait    %irq   %soft  %steal  %guest  %gnice   %idle
06:46:51 PM    0    8.08    0.00   19.19    0.00    0.00   70.71    0.00    0.00    0.00    2.02

06:46:51 PM  CPU    %usr   %nice    %sys %iowait    %irq   %soft  %steal  %guest  %gnice   %idle
06:46:52 PM    0    7.29    0.00   15.62    0.00    0.00   73.96    0.00    0.00    0.00    3.12

06:46:52 PM  CPU    %usr   %nice    %sys %iowait    %irq   %soft  %steal  %guest  %gnice   %idle
06:46:53 PM    0    7.22    0.00   16.49    0.00    0.00   75.26    0.00    0.00    0.00    1.03

06:46:53 PM  CPU    %usr   %nice    %sys %iowait    %irq   %soft  %steal  %guest  %gnice   %idle
06:46:54 PM    0    7.37    0.00   15.79    0.00    0.00   75.79    0.00    0.00    0.00    1.05

06:46:54 PM  CPU    %usr   %nice    %sys %iowait    %irq   %soft  %steal  %guest  %gnice   %idle
06:46:55 PM    0    9.28    0.00   13.40    0.00    0.00   76.29    0.00    0.00    0.00    1.03

06:46:55 PM  CPU    %usr   %nice    %sys %iowait    %irq   %soft  %steal  %guest  %gnice   %idle
06:46:56 PM    0    6.19    0.00   15.46    0.00    0.00   76.29    0.00    0.00    0.00    2.06

06:46:56 PM  CPU    %usr   %nice    %sys %iowait    %irq   %soft  %steal  %guest  %gnice   %idle
06:46:57 PM    0    8.25    0.00   14.43    0.00    0.00   76.29    0.00    0.00    0.00    1.03

06:46:57 PM  CPU    %usr   %nice    %sys %iowait    %irq   %soft  %steal  %guest  %gnice   %idle
06:46:58 PM    0    7.14    0.00   16.33    0.00    0.00   75.51    0.00    0.00    0.00    1.02

06:46:58 PM  CPU    %usr   %nice    %sys %iowait    %irq   %soft  %steal  %guest  %gnice   %idle
06:46:59 PM    0    7.22    0.00   16.49    0.00    0.00   75.26    0.00    0.00    0.00    1.03

06:46:59 PM  CPU    %usr   %nice    %sys %iowait    %irq   %soft  %steal  %guest  %gnice   %idle
06:47:00 PM    0    7.22    0.00   16.49    0.00    0.00   75.26    0.00    0.00    0.00    1.03

06:47:00 PM  CPU    %usr   %nice    %sys %iowait    %irq   %soft  %steal  %guest  %gnice   %idle
06:47:01 PM    0    7.14    0.00   17.35    0.00    0.00   74.49    0.00    0.00    0.00    1.02

06:47:01 PM  CPU    %usr   %nice    %sys %iowait    %irq   %soft  %steal  %guest  %gnice   %idle
06:47:02 PM    0    8.25    0.00   14.43    1.03    0.00   75.26    0.00    0.00    0.00    1.03

06:47:02 PM  CPU    %usr   %nice    %sys %iowait    %irq   %soft  %steal  %guest  %gnice   %idle
06:47:03 PM    0    9.28    0.00   14.43    0.00    0.00   75.26    0.00    0.00    0.00    1.03

06:47:03 PM  CPU    %usr   %nice    %sys %iowait    %irq   %soft  %steal  %guest  %gnice   %idle
06:47:04 PM    0    7.22    0.00   15.46    0.00    0.00   76.29    0.00    0.00    0.00    1.03

06:47:04 PM  CPU    %usr   %nice    %sys %iowait    %irq   %soft  %steal  %guest  %gnice   %idle
06:47:05 PM    0    9.09    0.00   16.16    0.00    0.00   73.74    0.00    0.00    0.00    1.01

06:47:05 PM  CPU    %usr   %nice    %sys %iowait    %irq   %soft  %steal  %guest  %gnice   %idle
06:47:06 PM    0    8.16    0.00   17.35    0.00    0.00   73.47    0.00    0.00    0.00    1.02

06:47:06 PM  CPU    %usr   %nice    %sys %iowait    %irq   %soft  %steal  %guest  %gnice   %idle
06:47:07 PM    0    7.07    0.00   17.17    0.00    0.00   74.75    0.00    0.00    0.00    1.01

06:47:07 PM  CPU    %usr   %nice    %sys %iowait    %irq   %soft  %steal  %guest  %gnice   %idle
06:47:08 PM    0    7.29    0.00   16.67    0.00    0.00   76.04    0.00    0.00    0.00    0.00

06:47:08 PM  CPU    %usr   %nice    %sys %iowait    %irq   %soft  %steal  %guest  %gnice   %idle
06:47:09 PM    0    7.14    0.00   18.37    0.00    0.00   73.47    0.00    0.00    0.00    1.02

06:47:09 PM  CPU    %usr   %nice    %sys %iowait    %irq   %soft  %steal  %guest  %gnice   %idle
06:47:10 PM    0    7.07    0.00   15.15    0.00    0.00   76.77    0.00    0.00    0.00    1.01

06:47:10 PM  CPU    %usr   %nice    %sys %iowait    %irq   %soft  %steal  %guest  %gnice   %idle
06:47:11 PM    0    8.16    0.00   16.33    0.00    0.00   74.49    0.00    0.00    0.00    1.02

06:47:11 PM  CPU    %usr   %nice    %sys %iowait    %irq   %soft  %steal  %guest  %gnice   %idle
06:47:12 PM    0    7.29    0.00   17.71    0.00    0.00   73.96    0.00    0.00    0.00    1.04

06:47:12 PM  CPU    %usr   %nice    %sys %iowait    %irq   %soft  %steal  %guest  %gnice   %idle
06:47:13 PM    0    7.29    0.00   15.62    0.00    0.00   76.04    0.00    0.00    0.00    1.04

06:47:13 PM  CPU    %usr   %nice    %sys %iowait    %irq   %soft  %steal  %guest  %gnice   %idle
06:47:14 PM    0    7.22    0.00   15.46    0.00    0.00   75.26    0.00    0.00    0.00    2.06

06:47:14 PM  CPU    %usr   %nice    %sys %iowait    %irq   %soft  %steal  %guest  %gnice   %idle
06:47:15 PM    0    8.33    0.00   14.58    0.00    0.00   76.04    0.00    0.00    0.00    1.04

06:47:15 PM  CPU    %usr   %nice    %sys %iowait    %irq   %soft  %steal  %guest  %gnice   %idle
06:47:16 PM    0    7.29    0.00   14.58    0.00    0.00   76.04    0.00    0.00    0.00    2.08

06:47:16 PM  CPU    %usr   %nice    %sys %iowait    %irq   %soft  %steal  %guest  %gnice   %idle
06:47:17 PM    0    8.25    0.00   15.46    0.00    0.00   75.26    0.00    0.00    0.00    1.03

06:47:17 PM  CPU    %usr   %nice    %sys %iowait    %irq   %soft  %steal  %guest  %gnice   %idle
06:47:18 PM    0    7.22    0.00   16.49    0.00    0.00   75.26    0.00    0.00    0.00    1.03

06:47:18 PM  CPU    %usr   %nice    %sys %iowait    %irq   %soft  %steal  %guest  %gnice   %idle
06:47:19 PM    0    9.18    0.00   13.27    0.00    0.00   75.51    0.00    0.00    0.00    2.04

06:47:19 PM  CPU    %usr   %nice    %sys %iowait    %irq   %soft  %steal  %guest  %gnice   %idle
06:47:20 PM    0    7.37    0.00   16.84    0.00    0.00   74.74    0.00    0.00    0.00    1.05

06:47:20 PM  CPU    %usr   %nice    %sys %iowait    %irq   %soft  %steal  %guest  %gnice   %idle
06:47:21 PM    0    9.18    0.00   18.37    0.00    0.00   71.43    0.00    0.00    0.00    1.02

06:47:21 PM  CPU    %usr   %nice    %sys %iowait    %irq   %soft  %steal  %guest  %gnice   %idle
06:47:22 PM    0    7.07    0.00   16.16    0.00    0.00   75.76    0.00    0.00    0.00    1.01

06:47:22 PM  CPU    %usr   %nice    %sys %iowait    %irq   %soft  %steal  %guest  %gnice   %idle
06:47:23 PM    0    7.14    0.00   15.31    0.00    0.00   76.53    0.00    0.00    0.00    1.02

06:47:23 PM  CPU    %usr   %nice    %sys %iowait    %irq   %soft  %steal  %guest  %gnice   %idle
06:47:24 PM    0    9.18    0.00   15.31    0.00    0.00   74.49    0.00    0.00    0.00    1.02

06:47:24 PM  CPU    %usr   %nice    %sys %iowait    %irq   %soft  %steal  %guest  %gnice   %idle
06:47:25 PM    0    7.22    0.00   16.49    0.00    0.00   75.26    0.00    0.00    0.00    1.03

06:47:25 PM  CPU    %usr   %nice    %sys %iowait    %irq   %soft  %steal  %guest  %gnice   %idle
06:47:26 PM    0    9.18    0.00   13.27    0.00    0.00   76.53    0.00    0.00    0.00    1.02

06:47:26 PM  CPU    %usr   %nice    %sys %iowait    %irq   %soft  %steal  %guest  %gnice   %idle
06:47:27 PM    0    7.14    0.00   14.29    0.00    0.00   77.55    0.00    0.00    0.00    1.02

06:47:27 PM  CPU    %usr   %nice    %sys %iowait    %irq   %soft  %steal  %guest  %gnice   %idle
06:47:28 PM    0    6.19    0.00   15.46    0.00    0.00   77.32    0.00    0.00    0.00    1.03

06:47:28 PM  CPU    %usr   %nice    %sys %iowait    %irq   %soft  %steal  %guest  %gnice   %idle
06:47:29 PM    0    7.07    0.00   16.16    0.00    0.00   75.76    0.00    0.00    0.00    1.01

06:47:29 PM  CPU    %usr   %nice    %sys %iowait    %irq   %soft  %steal  %guest  %gnice   %idle
06:47:30 PM    0    6.25    0.00   16.67    0.00    0.00   77.08    0.00    0.00    0.00    0.00

06:47:30 PM  CPU    %usr   %nice    %sys %iowait    %irq   %soft  %steal  %guest  %gnice   %idle
06:47:31 PM    0    7.14    0.00   17.35    0.00    0.00   73.47    0.00    0.00    0.00    2.04

06:47:31 PM  CPU    %usr   %nice    %sys %iowait    %irq   %soft  %steal  %guest  %gnice   %idle
06:47:32 PM    0    8.16    0.00   15.31    0.00    0.00   75.51    0.00    0.00    0.00    1.02

06:47:32 PM  CPU    %usr   %nice    %sys %iowait    %irq   %soft  %steal  %guest  %gnice   %idle
06:47:33 PM    0    6.06    0.00   17.17    0.00    0.00   74.75    0.00    0.00    0.00    2.02

06:47:33 PM  CPU    %usr   %nice    %sys %iowait    %irq   %soft  %steal  %guest  %gnice   %idle
06:47:34 PM    0    9.38    0.00   14.58    0.00    0.00   75.00    0.00    0.00    0.00    1.04

06:47:34 PM  CPU    %usr   %nice    %sys %iowait    %irq   %soft  %steal  %guest  %gnice   %idle
06:47:35 PM    0   10.10    0.00   17.17    0.00    0.00   71.72    0.00    0.00    0.00    1.01

06:47:35 PM  CPU    %usr   %nice    %sys %iowait    %irq   %soft  %steal  %guest  %gnice   %idle
06:47:36 PM    0   12.36    0.00   19.10    0.00    0.00   66.29    0.00    0.00    0.00    2.25

06:47:36 PM  CPU    %usr   %nice    %sys %iowait    %irq   %soft  %steal  %guest  %gnice   %idle
06:47:37 PM    0    7.22    0.00   16.49    0.00    0.00   75.26    0.00    0.00    0.00    1.03

06:47:37 PM  CPU    %usr   %nice    %sys %iowait    %irq   %soft  %steal  %guest  %gnice   %idle
06:47:38 PM    0    8.16    0.00   14.29    0.00    0.00   76.53    0.00    0.00    0.00    1.02

06:47:38 PM  CPU    %usr   %nice    %sys %iowait    %irq   %soft  %steal  %guest  %gnice   %idle
06:47:39 PM    0    8.42    0.00   15.79    0.00    0.00   74.74    0.00    0.00    0.00    1.05

06:47:39 PM  CPU    %usr   %nice    %sys %iowait    %irq   %soft  %steal  %guest  %gnice   %idle
06:47:40 PM    0    8.16    0.00   16.33    0.00    0.00   73.47    0.00    0.00    0.00    2.04

06:47:40 PM  CPU    %usr   %nice    %sys %iowait    %irq   %soft  %steal  %guest  %gnice   %idle
06:47:41 PM    0    7.29    0.00   15.62    0.00    0.00   76.04    0.00    0.00    0.00    1.04

06:47:41 PM  CPU    %usr   %nice    %sys %iowait    %irq   %soft  %steal  %guest  %gnice   %idle
06:47:42 PM    0    8.16    0.00   16.33    0.00    0.00   73.47    0.00    0.00    0.00    2.04

06:47:42 PM  CPU    %usr   %nice    %sys %iowait    %irq   %soft  %steal  %guest  %gnice   %idle
06:47:43 PM    0    6.19    0.00   15.46    0.00    0.00   77.32    0.00    0.00    0.00    1.03

06:47:43 PM  CPU    %usr   %nice    %sys %iowait    %irq   %soft  %steal  %guest  %gnice   %idle
06:47:44 PM    0    7.29    0.00   15.62    0.00    0.00   75.00    0.00    0.00    0.00    2.08

06:47:44 PM  CPU    %usr   %nice    %sys %iowait    %irq   %soft  %steal  %guest  %gnice   %idle
06:47:45 PM    0    8.25    0.00   17.53    0.00    0.00   73.20    0.00    0.00    0.00    1.03

06:47:45 PM  CPU    %usr   %nice    %sys %iowait    %irq   %soft  %steal  %guest  %gnice   %idle
06:47:46 PM    0    6.12    0.00   16.33    0.00    0.00   75.51    0.00    0.00    0.00    2.04

06:47:46 PM  CPU    %usr   %nice    %sys %iowait    %irq   %soft  %steal  %guest  %gnice   %idle
06:47:47 PM    0    7.29    0.00   16.67    0.00    0.00   75.00    0.00    0.00    0.00    1.04

06:47:47 PM  CPU    %usr   %nice    %sys %iowait    %irq   %soft  %steal  %guest  %gnice   %idle
06:47:48 PM    0    8.33    0.00   16.67    0.00    0.00   73.96    0.00    0.00    0.00    1.04
