Linux 6.14.0-36-generic (Ubuntu) 	11/24/2025 	_aarch64_	(5 CPU)

06:56:01 PM  CPU    %usr   %nice    %sys %iowait    %irq   %soft  %steal  %guest  %gnice   %idle
06:56:02 PM    0   17.89    0.00    5.26    0.00    0.00    0.00    0.00    0.00    0.00   76.84

06:56:02 PM  CPU    %usr   %nice    %sys %iowait    %irq   %soft  %steal  %guest  %gnice   %idle
06:56:03 PM    0   10.89    0.00   19.80    0.00    0.00   69.31    0.00    0.00    0.00    0.00

06:56:03 PM  CPU    %usr   %nice    %sys %iowait    %irq   %soft  %steal  %guest  %gnice   %idle
06:56:04 PM    0   10.10    0.00   13.13    0.00    0.00   76.77    0.00    0.00    0.00    0.00

06:56:04 PM  CPU    %usr   %nice    %sys %iowait    %irq   %soft  %steal  %guest  %gnice   %idle
06:56:05 PM    0    9.90    0.00   14.85    0.00    0.00   75.25    0.00    0.00    0.00    0.00

06:56:05 PM  CPU    %usr   %nice    %sys %iowait    %irq   %soft  %steal  %guest  %gnice   %idle
06:56:06 PM    0   10.10    0.00   13.13    0.00    0.00   76.77    0.00    0.00    0.00    0.00

06:56:06 PM  CPU    %usr   %nice    %sys %iowait    %irq   %soft  %steal  %guest  %gnice   %idle
06:56:07 PM    0    8.25    0.00   13.40    0.00    0.00   68.04    0.00    0.00    0.00   10.31

06:56:07 PM  CPU    %usr   %nice    %sys %iowait    %irq   %soft  %steal  %guest  %gnice   %idle
06:56:08 PM    0    9.09    0.00   14.14    0.00    0.00   76.77    0.00    0.00    0.00    0.00

06:56:08 PM  CPU    %usr   %nice    %sys %iowait    %irq   %soft  %steal  %guest  %gnice   %idle
06:56:09 PM    0    8.00    0.00   14.00    0.00    0.00   78.00    0.00    0.00    0.00    0.00

06:56:09 PM  CPU    %usr   %nice    %sys %iowait    %irq   %soft  %steal  %guest  %gnice   %idle
06:56:10 PM    0    8.08    0.00   15.15    0.00    0.00   76.77    0.00    0.00    0.00    0.00

06:56:10 PM  CPU    %usr   %nice    %sys %iowait    %irq   %soft  %steal  %guest  %gnice   %idle
06:56:11 PM    0   10.00    0.00   12.00    0.00    0.00   78.00    0.00    0.00    0.00    0.00

06:56:11 PM  CPU    %usr   %nice    %sys %iowait    %irq   %soft  %steal  %guest  %gnice   %idle
06:56:12 PM    0    8.91    0.00   13.86    0.00    0.00   77.23    0.00    0.00    0.00    0.00

06:56:12 PM  CPU    %usr   %nice    %sys %iowait    %irq   %soft  %steal  %guest  %gnice   %idle
06:56:13 PM    0    9.18    0.00   14.29    0.00    0.00   76.53    0.00    0.00    0.00    0.00

06:56:13 PM  CPU    %usr   %nice    %sys %iowait    %irq   %soft  %steal  %guest  %gnice   %idle
06:56:14 PM    0    7.92    0.00   13.86    0.00    0.00   78.22    0.00    0.00    0.00    0.00

06:56:14 PM  CPU    %usr   %nice    %sys %iowait    %irq   %soft  %steal  %guest  %gnice   %idle
06:56:15 PM    0    8.00    0.00   14.00    0.00    0.00   78.00    0.00    0.00    0.00    0.00

06:56:15 PM  CPU    %usr   %nice    %sys %iowait    %irq   %soft  %steal  %guest  %gnice   %idle
06:56:16 PM    0    8.08    0.00   15.15    0.00    0.00   76.77    0.00    0.00    0.00    0.00

06:56:16 PM  CPU    %usr   %nice    %sys %iowait    %irq   %soft  %steal  %guest  %gnice   %idle
06:56:17 PM    0    9.00    0.00   15.00    0.00    0.00   76.00    0.00    0.00    0.00    0.00

06:56:17 PM  CPU    %usr   %nice    %sys %iowait    %irq   %soft  %steal  %guest  %gnice   %idle
06:56:18 PM    0    8.16    0.00   13.27    0.00    0.00   78.57    0.00    0.00    0.00    0.00

06:56:18 PM  CPU    %usr   %nice    %sys %iowait    %irq   %soft  %steal  %guest  %gnice   %idle
06:56:19 PM    0    8.00    0.00   14.00    0.00    0.00   78.00    0.00    0.00    0.00    0.00

06:56:19 PM  CPU    %usr   %nice    %sys %iowait    %irq   %soft  %steal  %guest  %gnice   %idle
06:56:20 PM    0    7.92    0.00   13.86    0.00    0.00   77.23    0.00    0.00    0.00    0.99

06:56:20 PM  CPU    %usr   %nice    %sys %iowait    %irq   %soft  %steal  %guest  %gnice   %idle
06:56:21 PM    0    8.00    0.00   12.00    0.00    0.00   80.00    0.00    0.00    0.00    0.00

06:56:21 PM  CPU    %usr   %nice    %sys %iowait    %irq   %soft  %steal  %guest  %gnice   %idle
06:56:22 PM    0   10.10    0.00   15.15    0.00    0.00   74.75    0.00    0.00    0.00    0.00

06:56:22 PM  CPU    %usr   %nice    %sys %iowait    %irq   %soft  %steal  %guest  %gnice   %idle
06:56:23 PM    0    9.00    0.00   15.00    0.00    0.00   76.00    0.00    0.00    0.00    0.00

06:56:23 PM  CPU    %usr   %nice    %sys %iowait    %irq   %soft  %steal  %guest  %gnice   %idle
06:56:24 PM    0    8.00    0.00   13.00    0.00    0.00   79.00    0.00    0.00    0.00    0.00

06:56:24 PM  CPU    %usr   %nice    %sys %iowait    %irq   %soft  %steal  %guest  %gnice   %idle
06:56:25 PM    0    9.09    0.00   13.13    0.00    0.00   77.78    0.00    0.00    0.00    0.00

06:56:25 PM  CPU    %usr   %nice    %sys %iowait    %irq   %soft  %steal  %guest  %gnice   %idle
06:56:26 PM    0    8.08    0.00   14.14    0.00    0.00   77.78    0.00    0.00    0.00    0.00

06:56:26 PM  CPU    %usr   %nice    %sys %iowait    %irq   %soft  %steal  %guest  %gnice   %idle
06:56:27 PM    0    9.00    0.00   13.00    0.00    0.00   78.00    0.00    0.00    0.00    0.00

06:56:27 PM  CPU    %usr   %nice    %sys %iowait    %irq   %soft  %steal  %guest  %gnice   %idle
06:56:28 PM    0    8.00    0.00   14.00    0.00    0.00   78.00    0.00    0.00    0.00    0.00

06:56:28 PM  CPU    %usr   %nice    %sys %iowait    %irq   %soft  %steal  %guest  %gnice   %idle
06:56:29 PM    0    7.14    0.00   13.27    0.00    0.00   79.59    0.00    0.00    0.00    0.00

06:56:29 PM  CPU    %usr   %nice    %sys %iowait    %irq   %soft  %steal  %guest  %gnice   %idle
06:56:30 PM    0    9.90    0.00   13.86    0.00    0.00   75.25    0.00    0.00    0.00    0.99

06:56:30 PM  CPU    %usr   %nice    %sys %iowait    %irq   %soft  %steal  %guest  %gnice   %idle
06:56:31 PM    0    9.00    0.00   14.00    0.00    0.00   77.00    0.00    0.00    0.00    0.00

06:56:31 PM  CPU    %usr   %nice    %sys %iowait    %irq   %soft  %steal  %guest  %gnice   %idle
06:56:32 PM    0    8.00    0.00   15.00    0.00    0.00   77.00    0.00    0.00    0.00    0.00

06:56:32 PM  CPU    %usr   %nice    %sys %iowait    %irq   %soft  %steal  %guest  %gnice   %idle
06:56:33 PM    0    9.00    0.00   13.00    0.00    0.00   78.00    0.00    0.00    0.00    0.00

06:56:33 PM  CPU    %usr   %nice    %sys %iowait    %irq   %soft  %steal  %guest  %gnice   %idle
06:56:34 PM    0    7.14    0.00   13.27    0.00    0.00   79.59    0.00    0.00    0.00    0.00

06:56:34 PM  CPU    %usr   %nice    %sys %iowait    %irq   %soft  %steal  %guest  %gnice   %idle
06:56:35 PM    0   10.00    0.00   15.00    0.00    0.00   75.00    0.00    0.00    0.00    0.00

06:56:35 PM  CPU    %usr   %nice    %sys %iowait    %irq   %soft  %steal  %guest  %gnice   %idle
06:56:36 PM    0    7.92    0.00   15.84    0.00    0.00   75.25    0.00    0.00    0.00    0.99

06:56:36 PM  CPU    %usr   %nice    %sys %iowait    %irq   %soft  %steal  %guest  %gnice   %idle
06:56:37 PM    0    9.09    0.00   15.15    0.00    0.00   75.76    0.00    0.00    0.00    0.00

06:56:37 PM  CPU    %usr   %nice    %sys %iowait    %irq   %soft  %steal  %guest  %gnice   %idle
06:56:38 PM    0    9.00    0.00   16.00    0.00    0.00   72.00    0.00    0.00    0.00    3.00

06:56:38 PM  CPU    %usr   %nice    %sys %iowait    %irq   %soft  %steal  %guest  %gnice   %idle
06:56:39 PM    0    9.18    0.00   12.24    0.00    0.00   78.57    0.00    0.00    0.00    0.00

06:56:39 PM  CPU    %usr   %nice    %sys %iowait    %irq   %soft  %steal  %guest  %gnice   %idle
06:56:40 PM    0    9.80    0.00   15.69    0.00    0.00   74.51    0.00    0.00    0.00    0.00

06:56:40 PM  CPU    %usr   %nice    %sys %iowait    %irq   %soft  %steal  %guest  %gnice   %idle
06:56:41 PM    0    9.09    0.00   14.14    0.00    0.00   76.77    0.00    0.00    0.00    0.00

06:56:41 PM  CPU    %usr   %nice    %sys %iowait    %irq   %soft  %steal  %guest  %gnice   %idle
06:56:42 PM    0    7.07    0.00   15.15    0.00    0.00   77.78    0.00    0.00    0.00    0.00

06:56:42 PM  CPU    %usr   %nice    %sys %iowait    %irq   %soft  %steal  %guest  %gnice   %idle
06:56:43 PM    0    9.90    0.00   14.85    0.00    0.00   75.25    0.00    0.00    0.00    0.00

06:56:43 PM  CPU    %usr   %nice    %sys %iowait    %irq   %soft  %steal  %guest  %gnice   %idle
06:56:44 PM    0    9.00    0.00   16.00    0.00    0.00   75.00    0.00    0.00    0.00    0.00

06:56:44 PM  CPU    %usr   %nice    %sys %iowait    %irq   %soft  %steal  %guest  %gnice   %idle
06:56:45 PM    0    9.00    0.00   13.00    0.00    0.00   78.00    0.00    0.00    0.00    0.00

06:56:45 PM  CPU    %usr   %nice    %sys %iowait    %irq   %soft  %steal  %guest  %gnice   %idle
06:56:46 PM    0    8.00    0.00   15.00    0.00    0.00   77.00    0.00    0.00    0.00    0.00

06:56:46 PM  CPU    %usr   %nice    %sys %iowait    %irq   %soft  %steal  %guest  %gnice   %idle
06:56:47 PM    0    8.08    0.00   15.15    0.00    0.00   76.77    0.00    0.00    0.00    0.00

06:56:47 PM  CPU    %usr   %nice    %sys %iowait    %irq   %soft  %steal  %guest  %gnice   %idle
06:56:48 PM    0    9.00    0.00   16.00    0.00    0.00   75.00    0.00    0.00    0.00    0.00

06:56:48 PM  CPU    %usr   %nice    %sys %iowait    %irq   %soft  %steal  %guest  %gnice   %idle
06:56:49 PM    0   10.00    0.00   12.00    0.00    0.00   78.00    0.00    0.00    0.00    0.00

06:56:49 PM  CPU    %usr   %nice    %sys %iowait    %irq   %soft  %steal  %guest  %gnice   %idle
06:56:50 PM    0   10.00    0.00   14.00    0.00    0.00   76.00    0.00    0.00    0.00    0.00

06:56:50 PM  CPU    %usr   %nice    %sys %iowait    %irq   %soft  %steal  %guest  %gnice   %idle
06:56:51 PM    0   10.10    0.00   14.14    0.00    0.00   75.76    0.00    0.00    0.00    0.00

06:56:51 PM  CPU    %usr   %nice    %sys %iowait    %irq   %soft  %steal  %guest  %gnice   %idle
06:56:52 PM    0    8.91    0.00   14.85    0.00    0.00   76.24    0.00    0.00    0.00    0.00

06:56:52 PM  CPU    %usr   %nice    %sys %iowait    %irq   %soft  %steal  %guest  %gnice   %idle
06:56:53 PM    0    9.00    0.00   17.00    0.00    0.00   74.00    0.00    0.00    0.00    0.00

06:56:53 PM  CPU    %usr   %nice    %sys %iowait    %irq   %soft  %steal  %guest  %gnice   %idle
06:56:54 PM    0   10.00    0.00   15.00    0.00    0.00   75.00    0.00    0.00    0.00    0.00

06:56:54 PM  CPU    %usr   %nice    %sys %iowait    %irq   %soft  %steal  %guest  %gnice   %idle
06:56:55 PM    0    8.16    0.00   13.27    0.00    0.00   78.57    0.00    0.00    0.00    0.00

06:56:55 PM  CPU    %usr   %nice    %sys %iowait    %irq   %soft  %steal  %guest  %gnice   %idle
06:56:56 PM    0   10.00    0.00   13.00    0.00    0.00   77.00    0.00    0.00    0.00    0.00

06:56:56 PM  CPU    %usr   %nice    %sys %iowait    %irq   %soft  %steal  %guest  %gnice   %idle
06:56:57 PM    0   10.10    0.00   12.12    0.00    0.00   77.78    0.00    0.00    0.00    0.00

06:56:57 PM  CPU    %usr   %nice    %sys %iowait    %irq   %soft  %steal  %guest  %gnice   %idle
06:56:58 PM    0   10.78    0.00   12.75    0.00    0.00   75.49    0.00    0.00    0.00    0.98

06:56:58 PM  CPU    %usr   %nice    %sys %iowait    %irq   %soft  %steal  %guest  %gnice   %idle
06:56:59 PM    0    9.00    0.00   13.00    0.00    0.00   78.00    0.00    0.00    0.00    0.00

06:56:59 PM  CPU    %usr   %nice    %sys %iowait    %irq   %soft  %steal  %guest  %gnice   %idle
06:57:00 PM    0   11.00    0.00   15.00    0.00    0.00   74.00    0.00    0.00    0.00    0.00

06:57:00 PM  CPU    %usr   %nice    %sys %iowait    %irq   %soft  %steal  %guest  %gnice   %idle
06:57:01 PM    0    9.09    0.00   13.13    0.00    0.00   77.78    0.00    0.00    0.00    0.00
