Linux 6.14.0-36-generic (Ubuntu) 	11/24/2025 	_aarch64_	(5 CPU)

06:43:44 PM  CPU    %usr   %nice    %sys %iowait    %irq   %soft  %steal  %guest  %gnice   %idle
06:43:45 PM    0    4.17    0.00    3.12    0.00    0.00    1.04    0.00    0.00    0.00   91.67

06:43:45 PM  CPU    %usr   %nice    %sys %iowait    %irq   %soft  %steal  %guest  %gnice   %idle
06:43:46 PM    0    7.79    0.00   19.48    0.00    0.00   57.14    0.00    0.00    0.00   15.58

06:43:46 PM  CPU    %usr   %nice    %sys %iowait    %irq   %soft  %steal  %guest  %gnice   %idle
06:43:47 PM    0    6.17    0.00   16.05    0.00    0.00   65.43    0.00    0.00    0.00   12.35

06:43:47 PM  CPU    %usr   %nice    %sys %iowait    %irq   %soft  %steal  %guest  %gnice   %idle
06:43:48 PM    0    6.90    0.00   18.39    0.00    0.00   65.52    0.00    0.00    0.00    9.20

06:43:48 PM  CPU    %usr   %nice    %sys %iowait    %irq   %soft  %steal  %guest  %gnice   %idle
06:43:49 PM    0    5.88    0.00   17.65    0.00    0.00   65.88    0.00    0.00    0.00   10.59

06:43:49 PM  CPU    %usr   %nice    %sys %iowait    %irq   %soft  %steal  %guest  %gnice   %idle
06:43:50 PM    0    5.95    0.00   15.48    0.00    0.00   69.05    0.00    0.00    0.00    9.52

06:43:50 PM  CPU    %usr   %nice    %sys %iowait    %irq   %soft  %steal  %guest  %gnice   %idle
06:43:51 PM    0    7.23    0.00   15.66    0.00    0.00   67.47    0.00    0.00    0.00    9.64

06:43:51 PM  CPU    %usr   %nice    %sys %iowait    %irq   %soft  %steal  %guest  %gnice   %idle
06:43:52 PM    0    4.94    0.00   17.28    0.00    0.00   67.90    0.00    0.00    0.00    9.88

06:43:52 PM  CPU    %usr   %nice    %sys %iowait    %irq   %soft  %steal  %guest  %gnice   %idle
06:43:53 PM    0    4.94    0.00   17.28    0.00    0.00   66.67    0.00    0.00    0.00   11.11

06:43:53 PM  CPU    %usr   %nice    %sys %iowait    %irq   %soft  %steal  %guest  %gnice   %idle
06:43:54 PM    0    5.88    0.00   17.65    0.00    0.00   67.06    0.00    0.00    0.00    9.41

06:43:54 PM  CPU    %usr   %nice    %sys %iowait    %irq   %soft  %steal  %guest  %gnice   %idle
06:43:55 PM    0    6.02    0.00   16.87    0.00    0.00   67.47    0.00    0.00    0.00    9.64

06:43:55 PM  CPU    %usr   %nice    %sys %iowait    %irq   %soft  %steal  %guest  %gnice   %idle
06:43:56 PM    0    6.10    0.00   14.63    0.00    0.00   70.73    0.00    0.00    0.00    8.54

06:43:56 PM  CPU    %usr   %nice    %sys %iowait    %irq   %soft  %steal  %guest  %gnice   %idle
06:43:57 PM    0    5.95    0.00   17.86    0.00    0.00   66.67    0.00    0.00    0.00    9.52

06:43:57 PM  CPU    %usr   %nice    %sys %iowait    %irq   %soft  %steal  %guest  %gnice   %idle
06:43:58 PM    0    3.61    0.00   14.46    0.00    0.00   72.29    0.00    0.00    0.00    9.64

06:43:58 PM  CPU    %usr   %nice    %sys %iowait    %irq   %soft  %steal  %guest  %gnice   %idle
06:43:59 PM    0    7.06    0.00   16.47    0.00    0.00   67.06    0.00    0.00    0.00    9.41

06:43:59 PM  CPU    %usr   %nice    %sys %iowait    %irq   %soft  %steal  %guest  %gnice   %idle
06:44:00 PM    0    6.02    0.00   18.07    0.00    0.00   63.86    0.00    0.00    0.00   12.05

06:44:00 PM  CPU    %usr   %nice    %sys %iowait    %irq   %soft  %steal  %guest  %gnice   %idle
06:44:01 PM    0    4.76    0.00   17.86    0.00    0.00   66.67    0.00    0.00    0.00   10.71

06:44:01 PM  CPU    %usr   %nice    %sys %iowait    %irq   %soft  %steal  %guest  %gnice   %idle
06:44:02 PM    0    5.88    0.00   14.12    0.00    0.00   70.59    0.00    0.00    0.00    9.41

06:44:02 PM  CPU    %usr   %nice    %sys %iowait    %irq   %soft  %steal  %guest  %gnice   %idle
06:44:03 PM    0    5.00    0.00   16.25    0.00    0.00   68.75    0.00    0.00    0.00   10.00

06:44:03 PM  CPU    %usr   %nice    %sys %iowait    %irq   %soft  %steal  %guest  %gnice   %idle
06:44:04 PM    0    8.43    0.00   15.66    0.00    0.00   62.65    0.00    0.00    0.00   13.25

06:44:04 PM  CPU    %usr   %nice    %sys %iowait    %irq   %soft  %steal  %guest  %gnice   %idle
06:44:05 PM    0    5.95    0.00   16.67    0.00    0.00   67.86    0.00    0.00    0.00    9.52

06:44:05 PM  CPU    %usr   %nice    %sys %iowait    %irq   %soft  %steal  %guest  %gnice   %idle
06:44:06 PM    0    7.23    0.00   16.87    0.00    0.00   66.27    0.00    0.00    0.00    9.64

06:44:06 PM  CPU    %usr   %nice    %sys %iowait    %irq   %soft  %steal  %guest  %gnice   %idle
06:44:07 PM    0    4.82    0.00   18.07    0.00    0.00   67.47    0.00    0.00    0.00    9.64

06:44:07 PM  CPU    %usr   %nice    %sys %iowait    %irq   %soft  %steal  %guest  %gnice   %idle
06:44:08 PM    0   10.00    0.00   22.50    0.00    0.00   51.25    0.00    0.00    0.00   16.25

06:44:08 PM  CPU    %usr   %nice    %sys %iowait    %irq   %soft  %steal  %guest  %gnice   %idle
06:44:09 PM    0    7.32    0.00   15.85    0.00    0.00   65.85    0.00    0.00    0.00   10.98

06:44:09 PM  CPU    %usr   %nice    %sys %iowait    %irq   %soft  %steal  %guest  %gnice   %idle
06:44:10 PM    0    8.64    0.00   20.99    0.00    0.00   58.02    0.00    0.00    0.00   12.35

06:44:10 PM  CPU    %usr   %nice    %sys %iowait    %irq   %soft  %steal  %guest  %gnice   %idle
06:44:11 PM    0   10.71    0.00   20.24    1.19    0.00   57.14    0.00    0.00    0.00   10.71

06:44:11 PM  CPU    %usr   %nice    %sys %iowait    %irq   %soft  %steal  %guest  %gnice   %idle
06:44:12 PM    0    7.14    0.00   15.48    0.00    0.00   65.48    0.00    0.00    0.00   11.90

06:44:12 PM  CPU    %usr   %nice    %sys %iowait    %irq   %soft  %steal  %guest  %gnice   %idle
06:44:13 PM    0    7.23    0.00   18.07    0.00    0.00   65.06    0.00    0.00    0.00    9.64

06:44:13 PM  CPU    %usr   %nice    %sys %iowait    %irq   %soft  %steal  %guest  %gnice   %idle
06:44:14 PM    0    6.02    0.00   15.66    0.00    0.00   67.47    0.00    0.00    0.00   10.84

06:44:14 PM  CPU    %usr   %nice    %sys %iowait    %irq   %soft  %steal  %guest  %gnice   %idle
06:44:15 PM    0    6.02    0.00   20.48    0.00    0.00   63.86    0.00    0.00    0.00    9.64

06:44:15 PM  CPU    %usr   %nice    %sys %iowait    %irq   %soft  %steal  %guest  %gnice   %idle
06:44:16 PM    0    4.88    0.00   14.63    0.00    0.00   67.07    0.00    0.00    0.00   13.41

06:44:16 PM  CPU    %usr   %nice    %sys %iowait    %irq   %soft  %steal  %guest  %gnice   %idle
06:44:17 PM    0    7.06    0.00   17.65    0.00    0.00   63.53    0.00    0.00    0.00   11.76

06:44:17 PM  CPU    %usr   %nice    %sys %iowait    %irq   %soft  %steal  %guest  %gnice   %idle
06:44:18 PM    0    7.14    0.00   16.67    0.00    0.00   66.67    0.00    0.00    0.00    9.52

06:44:18 PM  CPU    %usr   %nice    %sys %iowait    %irq   %soft  %steal  %guest  %gnice   %idle
06:44:19 PM    0    4.76    0.00   17.86    0.00    0.00   67.86    0.00    0.00    0.00    9.52

06:44:19 PM  CPU    %usr   %nice    %sys %iowait    %irq   %soft  %steal  %guest  %gnice   %idle
06:44:20 PM    0    5.88    0.00   18.82    0.00    0.00   65.88    0.00    0.00    0.00    9.41

06:44:20 PM  CPU    %usr   %nice    %sys %iowait    %irq   %soft  %steal  %guest  %gnice   %idle
06:44:21 PM    0    6.10    0.00   15.85    0.00    0.00   67.07    0.00    0.00    0.00   10.98

06:44:21 PM  CPU    %usr   %nice    %sys %iowait    %irq   %soft  %steal  %guest  %gnice   %idle
06:44:22 PM    0    5.95    0.00   19.05    0.00    0.00   65.48    0.00    0.00    0.00    9.52

06:44:22 PM  CPU    %usr   %nice    %sys %iowait    %irq   %soft  %steal  %guest  %gnice   %idle
06:44:23 PM    0    5.95    0.00   16.67    0.00    0.00   67.86    0.00    0.00    0.00    9.52

06:44:23 PM  CPU    %usr   %nice    %sys %iowait    %irq   %soft  %steal  %guest  %gnice   %idle
06:44:24 PM    0    4.76    0.00   19.05    0.00    0.00   65.48    0.00    0.00    0.00   10.71

06:44:24 PM  CPU    %usr   %nice    %sys %iowait    %irq   %soft  %steal  %guest  %gnice   %idle
06:44:25 PM    0    5.81    0.00   16.28    0.00    0.00   68.60    0.00    0.00    0.00    9.30

06:44:25 PM  CPU    %usr   %nice    %sys %iowait    %irq   %soft  %steal  %guest  %gnice   %idle
06:44:26 PM    0    5.81    0.00   18.60    0.00    0.00   65.12    0.00    0.00    0.00   10.47

06:44:26 PM  CPU    %usr   %nice    %sys %iowait    %irq   %soft  %steal  %guest  %gnice   %idle
06:44:27 PM    0    4.88    0.00   15.85    0.00    0.00   69.51    0.00    0.00    0.00    9.76

06:44:27 PM  CPU    %usr   %nice    %sys %iowait    %irq   %soft  %steal  %guest  %gnice   %idle
06:44:28 PM    0    6.02    0.00   15.66    0.00    0.00   67.47    0.00    0.00    0.00   10.84

06:44:28 PM  CPU    %usr   %nice    %sys %iowait    %irq   %soft  %steal  %guest  %gnice   %idle
06:44:29 PM    0    4.82    0.00   16.87    0.00    0.00   67.47    0.00    0.00    0.00   10.84

06:44:29 PM  CPU    %usr   %nice    %sys %iowait    %irq   %soft  %steal  %guest  %gnice   %idle
06:44:30 PM    0    5.95    0.00   16.67    0.00    0.00   67.86    0.00    0.00    0.00    9.52

06:44:30 PM  CPU    %usr   %nice    %sys %iowait    %irq   %soft  %steal  %guest  %gnice   %idle
06:44:31 PM    0    5.95    0.00   16.67    0.00    0.00   65.48    0.00    0.00    0.00   11.90

06:44:31 PM  CPU    %usr   %nice    %sys %iowait    %irq   %soft  %steal  %guest  %gnice   %idle
06:44:32 PM    0    5.95    0.00   17.86    0.00    0.00   66.67    0.00    0.00    0.00    9.52

06:44:32 PM  CPU    %usr   %nice    %sys %iowait    %irq   %soft  %steal  %guest  %gnice   %idle
06:44:33 PM    0    6.10    0.00   18.29    0.00    0.00   65.85    0.00    0.00    0.00    9.76

06:44:33 PM  CPU    %usr   %nice    %sys %iowait    %irq   %soft  %steal  %guest  %gnice   %idle
06:44:34 PM    0    5.95    0.00   21.43    0.00    0.00   61.90    0.00    0.00    0.00   10.71

06:44:34 PM  CPU    %usr   %nice    %sys %iowait    %irq   %soft  %steal  %guest  %gnice   %idle
06:44:35 PM    0    5.88    0.00   16.47    0.00    0.00   68.24    0.00    0.00    0.00    9.41

06:44:35 PM  CPU    %usr   %nice    %sys %iowait    %irq   %soft  %steal  %guest  %gnice   %idle
06:44:36 PM    0    6.02    0.00   18.07    0.00    0.00   66.27    0.00    0.00    0.00    9.64

06:44:36 PM  CPU    %usr   %nice    %sys %iowait    %irq   %soft  %steal  %guest  %gnice   %idle
06:44:37 PM    0    6.98    0.00   15.12    0.00    0.00   67.44    0.00    0.00    0.00   10.47

06:44:37 PM  CPU    %usr   %nice    %sys %iowait    %irq   %soft  %steal  %guest  %gnice   %idle
06:44:38 PM    0    4.94    0.00   19.75    0.00    0.00   65.43    0.00    0.00    0.00    9.88

06:44:38 PM  CPU    %usr   %nice    %sys %iowait    %irq   %soft  %steal  %guest  %gnice   %idle
06:44:39 PM    0    6.02    0.00   16.87    0.00    0.00   67.47    0.00    0.00    0.00    9.64

06:44:39 PM  CPU    %usr   %nice    %sys %iowait    %irq   %soft  %steal  %guest  %gnice   %idle
06:44:40 PM    0    7.32    0.00   15.85    0.00    0.00   65.85    0.00    0.00    0.00   10.98

06:44:40 PM  CPU    %usr   %nice    %sys %iowait    %irq   %soft  %steal  %guest  %gnice   %idle
06:44:41 PM    0    5.75    0.00   16.09    0.00    0.00   70.11    0.00    0.00    0.00    8.05

06:44:41 PM  CPU    %usr   %nice    %sys %iowait    %irq   %soft  %steal  %guest  %gnice   %idle
06:44:42 PM    0    5.95    0.00   16.67    0.00    0.00   67.86    0.00    0.00    0.00    9.52

06:44:42 PM  CPU    %usr   %nice    %sys %iowait    %irq   %soft  %steal  %guest  %gnice   %idle
06:44:43 PM    0    6.17    0.00   17.28    0.00    0.00   66.67    0.00    0.00    0.00    9.88

06:44:43 PM  CPU    %usr   %nice    %sys %iowait    %irq   %soft  %steal  %guest  %gnice   %idle
06:44:44 PM    0    6.25    0.00   15.00    0.00    0.00   67.50    0.00    0.00    0.00   11.25
