Linux 6.14.0-36-generic (Ubuntu) 	11/24/2025 	_aarch64_	(5 CPU)

07:27:37 PM  CPU    %usr   %nice    %sys %iowait    %irq   %soft  %steal  %guest  %gnice   %idle
07:27:38 PM    0    6.19    0.00    2.06    0.00    0.00    0.00    0.00    0.00    0.00   91.75

07:27:38 PM  CPU    %usr   %nice    %sys %iowait    %irq   %soft  %steal  %guest  %gnice   %idle
07:27:39 PM    0    8.54    0.00    9.76    0.00    0.00   36.59    0.00    0.00    0.00   45.12

07:27:39 PM  CPU    %usr   %nice    %sys %iowait    %irq   %soft  %steal  %guest  %gnice   %idle
07:27:40 PM    0    6.67    0.00    5.33    0.00    0.00   36.00    0.00    0.00    0.00   52.00

07:27:40 PM  CPU    %usr   %nice    %sys %iowait    %irq   %soft  %steal  %guest  %gnice   %idle
07:27:41 PM    0    6.67    0.00    5.33    0.00    0.00   36.00    0.00    0.00    0.00   52.00

07:27:41 PM  CPU    %usr   %nice    %sys %iowait    %irq   %soft  %steal  %guest  %gnice   %idle
07:27:42 PM    0    6.41    0.00    7.69    0.00    0.00   38.46    0.00    0.00    0.00   47.44

07:27:42 PM  CPU    %usr   %nice    %sys %iowait    %irq   %soft  %steal  %guest  %gnice   %idle
07:27:43 PM    0    6.67    0.00    6.67    0.00    0.00   34.67    0.00    0.00    0.00   52.00

07:27:43 PM  CPU    %usr   %nice    %sys %iowait    %irq   %soft  %steal  %guest  %gnice   %idle
07:27:44 PM    0    7.79    0.00    7.79    0.00    0.00   33.77    0.00    0.00    0.00   50.65

07:27:44 PM  CPU    %usr   %nice    %sys %iowait    %irq   %soft  %steal  %guest  %gnice   %idle
07:27:45 PM    0    6.58    0.00    5.26    0.00    0.00   36.84    0.00    0.00    0.00   51.32

07:27:45 PM  CPU    %usr   %nice    %sys %iowait    %irq   %soft  %steal  %guest  %gnice   %idle
07:27:46 PM    0    7.59    0.00    7.59    0.00    0.00   35.44    0.00    0.00    0.00   49.37

07:27:46 PM  CPU    %usr   %nice    %sys %iowait    %irq   %soft  %steal  %guest  %gnice   %idle
07:27:47 PM    0    6.58    0.00    6.58    0.00    0.00   35.53    0.00    0.00    0.00   51.32

07:27:47 PM  CPU    %usr   %nice    %sys %iowait    %irq   %soft  %steal  %guest  %gnice   %idle
07:27:48 PM    0    9.21    0.00    6.58    0.00    0.00   32.89    0.00    0.00    0.00   51.32

07:27:48 PM  CPU    %usr   %nice    %sys %iowait    %irq   %soft  %steal  %guest  %gnice   %idle
07:27:49 PM    0    5.41    0.00    6.76    0.00    0.00   35.14    0.00    0.00    0.00   52.70

07:27:49 PM  CPU    %usr   %nice    %sys %iowait    %irq   %soft  %steal  %guest  %gnice   %idle
07:27:50 PM    0    7.50    0.00    8.75    0.00    0.00   35.00    0.00    0.00    0.00   48.75

07:27:50 PM  CPU    %usr   %nice    %sys %iowait    %irq   %soft  %steal  %guest  %gnice   %idle
07:27:51 PM    0    6.49    0.00    7.79    0.00    0.00   33.77    0.00    0.00    0.00   51.95

07:27:51 PM  CPU    %usr   %nice    %sys %iowait    %irq   %soft  %steal  %guest  %gnice   %idle
07:27:52 PM    0    8.11    0.00    5.41    0.00    0.00   33.78    0.00    0.00    0.00   52.70

07:27:52 PM  CPU    %usr   %nice    %sys %iowait    %irq   %soft  %steal  %guest  %gnice   %idle
07:27:53 PM    0    6.49    0.00    6.49    0.00    0.00   33.77    0.00    0.00    0.00   53.25

07:27:53 PM  CPU    %usr   %nice    %sys %iowait    %irq   %soft  %steal  %guest  %gnice   %idle
07:27:54 PM    0    7.69    0.00    7.69    0.00    0.00   33.33    0.00    0.00    0.00   51.28

07:27:54 PM  CPU    %usr   %nice    %sys %iowait    %irq   %soft  %steal  %guest  %gnice   %idle
07:27:55 PM    0    7.79    0.00    6.49    0.00    0.00   33.77    0.00    0.00    0.00   51.95

07:27:55 PM  CPU    %usr   %nice    %sys %iowait    %irq   %soft  %steal  %guest  %gnice   %idle
07:27:56 PM    0    6.49    0.00    6.49    0.00    0.00   36.36    0.00    0.00    0.00   50.65

07:27:56 PM  CPU    %usr   %nice    %sys %iowait    %irq   %soft  %steal  %guest  %gnice   %idle
07:27:57 PM    0    6.67    0.00    5.33    0.00    0.00   36.00    0.00    0.00    0.00   52.00

07:27:57 PM  CPU    %usr   %nice    %sys %iowait    %irq   %soft  %steal  %guest  %gnice   %idle
07:27:58 PM    0    7.89    0.00    7.89    0.00    0.00   32.89    0.00    0.00    0.00   51.32

07:27:58 PM  CPU    %usr   %nice    %sys %iowait    %irq   %soft  %steal  %guest  %gnice   %idle
07:27:59 PM    0    6.76    0.00    8.11    0.00    0.00   32.43    0.00    0.00    0.00   52.70

07:27:59 PM  CPU    %usr   %nice    %sys %iowait    %irq   %soft  %steal  %guest  %gnice   %idle
07:28:00 PM    0    6.58    0.00    7.89    0.00    0.00   34.21    0.00    0.00    0.00   51.32

07:28:00 PM  CPU    %usr   %nice    %sys %iowait    %irq   %soft  %steal  %guest  %gnice   %idle
07:28:01 PM    0    7.89    0.00    6.58    0.00    0.00   34.21    0.00    0.00    0.00   51.32

07:28:01 PM  CPU    %usr   %nice    %sys %iowait    %irq   %soft  %steal  %guest  %gnice   %idle
07:28:02 PM    0    5.19    0.00    7.79    0.00    0.00   36.36    0.00    0.00    0.00   50.65

07:28:02 PM  CPU    %usr   %nice    %sys %iowait    %irq   %soft  %steal  %guest  %gnice   %idle
07:28:03 PM    0    6.41    0.00    6.41    0.00    0.00   37.18    0.00    0.00    0.00   50.00

07:28:03 PM  CPU    %usr   %nice    %sys %iowait    %irq   %soft  %steal  %guest  %gnice   %idle
07:28:04 PM    0    7.79    0.00    6.49    0.00    0.00   35.06    0.00    0.00    0.00   50.65

07:28:04 PM  CPU    %usr   %nice    %sys %iowait    %irq   %soft  %steal  %guest  %gnice   %idle
07:28:05 PM    0    6.58    0.00    3.95    0.00    0.00   36.84    0.00    0.00    0.00   52.63

07:28:05 PM  CPU    %usr   %nice    %sys %iowait    %irq   %soft  %steal  %guest  %gnice   %idle
07:28:06 PM    0    6.58    0.00    6.58    0.00    0.00   34.21    0.00    0.00    0.00   52.63

07:28:06 PM  CPU    %usr   %nice    %sys %iowait    %irq   %soft  %steal  %guest  %gnice   %idle
07:28:07 PM    0    7.69    0.00    6.41    0.00    0.00   37.18    0.00    0.00    0.00   48.72

07:28:07 PM  CPU    %usr   %nice    %sys %iowait    %irq   %soft  %steal  %guest  %gnice   %idle
07:28:08 PM    0    6.67    0.00    5.33    0.00    0.00   34.67    0.00    0.00    0.00   53.33

07:28:08 PM  CPU    %usr   %nice    %sys %iowait    %irq   %soft  %steal  %guest  %gnice   %idle
07:28:09 PM    0    8.86    0.00    8.86    0.00    0.00   32.91    0.00    0.00    0.00   49.37

07:28:09 PM  CPU    %usr   %nice    %sys %iowait    %irq   %soft  %steal  %guest  %gnice   %idle
07:28:10 PM    0    7.89    0.00    6.58    0.00    0.00   32.89    0.00    0.00    0.00   52.63

07:28:10 PM  CPU    %usr   %nice    %sys %iowait    %irq   %soft  %steal  %guest  %gnice   %idle
07:28:11 PM    0   10.26    0.00    7.69    0.00    0.00   32.05    0.00    0.00    0.00   50.00

07:28:11 PM  CPU    %usr   %nice    %sys %iowait    %irq   %soft  %steal  %guest  %gnice   %idle
07:28:12 PM    0    7.89    0.00    7.89    0.00    0.00   32.89    0.00    0.00    0.00   51.32

07:28:12 PM  CPU    %usr   %nice    %sys %iowait    %irq   %soft  %steal  %guest  %gnice   %idle
07:28:13 PM    0    7.69    0.00    6.41    0.00    0.00   35.90    0.00    0.00    0.00   50.00

07:28:13 PM  CPU    %usr   %nice    %sys %iowait    %irq   %soft  %steal  %guest  %gnice   %idle
07:28:14 PM    0    7.79    0.00    5.19    0.00    0.00   35.06    0.00    0.00    0.00   51.95

07:28:14 PM  CPU    %usr   %nice    %sys %iowait    %irq   %soft  %steal  %guest  %gnice   %idle
07:28:15 PM    0    5.19    0.00    7.79    0.00    0.00   36.36    0.00    0.00    0.00   50.65

07:28:15 PM  CPU    %usr   %nice    %sys %iowait    %irq   %soft  %steal  %guest  %gnice   %idle
07:28:16 PM    0    6.49    0.00    6.49    0.00    0.00   36.36    0.00    0.00    0.00   50.65

07:28:16 PM  CPU    %usr   %nice    %sys %iowait    %irq   %soft  %steal  %guest  %gnice   %idle
07:28:17 PM    0    5.19    0.00    6.49    0.00    0.00   36.36    0.00    0.00    0.00   51.95

07:28:17 PM  CPU    %usr   %nice    %sys %iowait    %irq   %soft  %steal  %guest  %gnice   %idle
07:28:18 PM    0    6.58    0.00    6.58    0.00    0.00   34.21    0.00    0.00    0.00   52.63

07:28:18 PM  CPU    %usr   %nice    %sys %iowait    %irq   %soft  %steal  %guest  %gnice   %idle
07:28:19 PM    0    6.58    0.00    6.58    0.00    0.00   34.21    0.00    0.00    0.00   52.63

07:28:19 PM  CPU    %usr   %nice    %sys %iowait    %irq   %soft  %steal  %guest  %gnice   %idle
07:28:20 PM    0    8.00    0.00    8.00    0.00    0.00   30.67    0.00    0.00    0.00   53.33

07:28:20 PM  CPU    %usr   %nice    %sys %iowait    %irq   %soft  %steal  %guest  %gnice   %idle
07:28:21 PM    0    5.41    0.00    6.76    0.00    0.00   35.14    0.00    0.00    0.00   52.70

07:28:21 PM  CPU    %usr   %nice    %sys %iowait    %irq   %soft  %steal  %guest  %gnice   %idle
07:28:22 PM    0    7.69    0.00    6.41    0.00    0.00   35.90    0.00    0.00    0.00   50.00

07:28:22 PM  CPU    %usr   %nice    %sys %iowait    %irq   %soft  %steal  %guest  %gnice   %idle
07:28:23 PM    0    6.49    0.00    6.49    0.00    0.00   36.36    0.00    0.00    0.00   50.65

07:28:23 PM  CPU    %usr   %nice    %sys %iowait    %irq   %soft  %steal  %guest  %gnice   %idle
07:28:24 PM    0    7.79    0.00    5.19    0.00    0.00   37.66    0.00    0.00    0.00   49.35

07:28:24 PM  CPU    %usr   %nice    %sys %iowait    %irq   %soft  %steal  %guest  %gnice   %idle
07:28:25 PM    0    6.41    0.00    7.69    0.00    0.00   34.62    0.00    0.00    0.00   51.28

07:28:25 PM  CPU    %usr   %nice    %sys %iowait    %irq   %soft  %steal  %guest  %gnice   %idle
07:28:26 PM    0    7.89    0.00    6.58    0.00    0.00   34.21    0.00    0.00    0.00   51.32

07:28:26 PM  CPU    %usr   %nice    %sys %iowait    %irq   %soft  %steal  %guest  %gnice   %idle
07:28:27 PM    0    6.58    0.00    6.58    0.00    0.00   35.53    0.00    0.00    0.00   51.32

07:28:27 PM  CPU    %usr   %nice    %sys %iowait    %irq   %soft  %steal  %guest  %gnice   %idle
07:28:28 PM    0    8.00    0.00    8.00    0.00    0.00   32.00    0.00    0.00    0.00   52.00

07:28:28 PM  CPU    %usr   %nice    %sys %iowait    %irq   %soft  %steal  %guest  %gnice   %idle
07:28:29 PM    0    6.33    0.00    6.33    0.00    0.00   36.71    0.00    0.00    0.00   50.63

07:28:29 PM  CPU    %usr   %nice    %sys %iowait    %irq   %soft  %steal  %guest  %gnice   %idle
07:28:30 PM    0    7.79    0.00    6.49    0.00    0.00   35.06    0.00    0.00    0.00   50.65

07:28:30 PM  CPU    %usr   %nice    %sys %iowait    %irq   %soft  %steal  %guest  %gnice   %idle
07:28:31 PM    0    6.58    0.00    6.58    0.00    0.00   35.53    0.00    0.00    0.00   51.32

07:28:31 PM  CPU    %usr   %nice    %sys %iowait    %irq   %soft  %steal  %guest  %gnice   %idle
07:28:32 PM    0    8.75    0.00    7.50    0.00    0.00   23.75    0.00    0.00    0.00   60.00

07:28:32 PM  CPU    %usr   %nice    %sys %iowait    %irq   %soft  %steal  %guest  %gnice   %idle
07:28:33 PM    0    5.33    0.00    9.33    0.00    0.00   29.33    0.00    0.00    0.00   56.00

07:28:33 PM  CPU    %usr   %nice    %sys %iowait    %irq   %soft  %steal  %guest  %gnice   %idle
07:28:34 PM    0    6.76    0.00    8.11    0.00    0.00   33.78    0.00    0.00    0.00   51.35

07:28:34 PM  CPU    %usr   %nice    %sys %iowait    %irq   %soft  %steal  %guest  %gnice   %idle
07:28:35 PM    0    3.80    0.00    7.59    0.00    0.00   35.44    0.00    0.00    0.00   53.16

07:28:35 PM  CPU    %usr   %nice    %sys %iowait    %irq   %soft  %steal  %guest  %gnice   %idle
07:28:36 PM    0    7.59    0.00    7.59    0.00    0.00   35.44    0.00    0.00    0.00   49.37

07:28:36 PM  CPU    %usr   %nice    %sys %iowait    %irq   %soft  %steal  %guest  %gnice   %idle
07:28:37 PM    0    6.49    0.00    7.79    0.00    0.00   35.06    0.00    0.00    0.00   50.65
