Linux 6.14.0-36-generic (Ubuntu) 	11/24/2025 	_aarch64_	(5 CPU)

07:37:47 PM  CPU    %usr   %nice    %sys %iowait    %irq   %soft  %steal  %guest  %gnice   %idle
07:37:48 PM    0    8.08    1.01    2.02    0.00    0.00    0.00    0.00    0.00    0.00   88.89

07:37:48 PM  CPU    %usr   %nice    %sys %iowait    %irq   %soft  %steal  %guest  %gnice   %idle
07:37:49 PM    0   10.89    0.00   16.83    0.00    0.00   72.28    0.00    0.00    0.00    0.00

07:37:49 PM  CPU    %usr   %nice    %sys %iowait    %irq   %soft  %steal  %guest  %gnice   %idle
07:37:50 PM    0    8.08    0.00   15.15    0.00    0.00   76.77    0.00    0.00    0.00    0.00

07:37:50 PM  CPU    %usr   %nice    %sys %iowait    %irq   %soft  %steal  %guest  %gnice   %idle
07:37:51 PM    0    9.00    0.00   12.00    0.00    0.00   79.00    0.00    0.00    0.00    0.00

07:37:51 PM  CPU    %usr   %nice    %sys %iowait    %irq   %soft  %steal  %guest  %gnice   %idle
07:37:52 PM    0    8.91    0.00   12.87    0.00    0.00   78.22    0.00    0.00    0.00    0.00

07:37:52 PM  CPU    %usr   %nice    %sys %iowait    %irq   %soft  %steal  %guest  %gnice   %idle
07:37:53 PM    0    8.00    0.00   13.00    0.00    0.00   79.00    0.00    0.00    0.00    0.00

07:37:53 PM  CPU    %usr   %nice    %sys %iowait    %irq   %soft  %steal  %guest  %gnice   %idle
07:37:54 PM    0    7.07    0.00   13.13    0.00    0.00   79.80    0.00    0.00    0.00    0.00

07:37:54 PM  CPU    %usr   %nice    %sys %iowait    %irq   %soft  %steal  %guest  %gnice   %idle
07:37:55 PM    0    7.92    0.00   13.86    0.00    0.00   78.22    0.00    0.00    0.00    0.00

07:37:55 PM  CPU    %usr   %nice    %sys %iowait    %irq   %soft  %steal  %guest  %gnice   %idle
07:37:56 PM    0    8.08    0.00   13.13    0.00    0.00   78.79    0.00    0.00    0.00    0.00

07:37:56 PM  CPU    %usr   %nice    %sys %iowait    %irq   %soft  %steal  %guest  %gnice   %idle
07:37:57 PM    0    8.91    0.00   13.86    0.00    0.00   77.23    0.00    0.00    0.00    0.00

07:37:57 PM  CPU    %usr   %nice    %sys %iowait    %irq   %soft  %steal  %guest  %gnice   %idle
07:37:58 PM    0    6.00    0.00   13.00    0.00    0.00   81.00    0.00    0.00    0.00    0.00

07:37:58 PM  CPU    %usr   %nice    %sys %iowait    %irq   %soft  %steal  %guest  %gnice   %idle
07:37:59 PM    0    8.00    0.00   12.00    0.00    0.00   80.00    0.00    0.00    0.00    0.00

07:37:59 PM  CPU    %usr   %nice    %sys %iowait    %irq   %soft  %steal  %guest  %gnice   %idle
07:38:00 PM    0    8.00    0.00   15.00    0.00    0.00   77.00    0.00    0.00    0.00    0.00

07:38:00 PM  CPU    %usr   %nice    %sys %iowait    %irq   %soft  %steal  %guest  %gnice   %idle
07:38:01 PM    0    6.00    0.00   14.00    0.00    0.00   80.00    0.00    0.00    0.00    0.00

07:38:01 PM  CPU    %usr   %nice    %sys %iowait    %irq   %soft  %steal  %guest  %gnice   %idle
07:38:02 PM    0    7.00    0.00   12.00    0.00    0.00   81.00    0.00    0.00    0.00    0.00

07:38:02 PM  CPU    %usr   %nice    %sys %iowait    %irq   %soft  %steal  %guest  %gnice   %idle
07:38:03 PM    0    7.00    0.00   14.00    0.00    0.00   79.00    0.00    0.00    0.00    0.00

07:38:03 PM  CPU    %usr   %nice    %sys %iowait    %irq   %soft  %steal  %guest  %gnice   %idle
07:38:04 PM    0    7.00    0.00   10.00    0.00    0.00   83.00    0.00    0.00    0.00    0.00

07:38:04 PM  CPU    %usr   %nice    %sys %iowait    %irq   %soft  %steal  %guest  %gnice   %idle
07:38:05 PM    0    7.92    0.00   15.84    0.00    0.00   76.24    0.00    0.00    0.00    0.00

07:38:05 PM  CPU    %usr   %nice    %sys %iowait    %irq   %soft  %steal  %guest  %gnice   %idle
07:38:06 PM    0    7.07    0.00   14.14    0.00    0.00   78.79    0.00    0.00    0.00    0.00

07:38:06 PM  CPU    %usr   %nice    %sys %iowait    %irq   %soft  %steal  %guest  %gnice   %idle
07:38:07 PM    0    7.00    0.00   16.00    0.00    0.00   77.00    0.00    0.00    0.00    0.00

07:38:07 PM  CPU    %usr   %nice    %sys %iowait    %irq   %soft  %steal  %guest  %gnice   %idle
07:38:08 PM    0    9.00    0.00   17.00    0.00    0.00   74.00    0.00    0.00    0.00    0.00

07:38:08 PM  CPU    %usr   %nice    %sys %iowait    %irq   %soft  %steal  %guest  %gnice   %idle
07:38:09 PM    0    7.07    0.00   13.13    0.00    0.00   79.80    0.00    0.00    0.00    0.00

07:38:09 PM  CPU    %usr   %nice    %sys %iowait    %irq   %soft  %steal  %guest  %gnice   %idle
07:38:10 PM    0    7.92    0.00   13.86    0.00    0.00   78.22    0.00    0.00    0.00    0.00

07:38:10 PM  CPU    %usr   %nice    %sys %iowait    %irq   %soft  %steal  %guest  %gnice   %idle
07:38:11 PM    0    9.00    0.00   13.00    0.00    0.00   78.00    0.00    0.00    0.00    0.00

07:38:11 PM  CPU    %usr   %nice    %sys %iowait    %irq   %soft  %steal  %guest  %gnice   %idle
07:38:12 PM    0    8.08    0.00   14.14    0.00    0.00   77.78    0.00    0.00    0.00    0.00

07:38:12 PM  CPU    %usr   %nice    %sys %iowait    %irq   %soft  %steal  %guest  %gnice   %idle
07:38:13 PM    0    9.90    0.00   17.82    0.00    0.00   72.28    0.00    0.00    0.00    0.00

07:38:13 PM  CPU    %usr   %nice    %sys %iowait    %irq   %soft  %steal  %guest  %gnice   %idle
07:38:14 PM    0    9.00    0.00   14.00    0.00    0.00   77.00    0.00    0.00    0.00    0.00

07:38:14 PM  CPU    %usr   %nice    %sys %iowait    %irq   %soft  %steal  %guest  %gnice   %idle
07:38:15 PM    0    7.00    0.00   14.00    0.00    0.00   79.00    0.00    0.00    0.00    0.00

07:38:15 PM  CPU    %usr   %nice    %sys %iowait    %irq   %soft  %steal  %guest  %gnice   %idle
07:38:16 PM    0    7.00    0.00   16.00    0.00    0.00   76.00    0.00    0.00    0.00    1.00

07:38:16 PM  CPU    %usr   %nice    %sys %iowait    %irq   %soft  %steal  %guest  %gnice   %idle
07:38:17 PM    0    9.00    0.00   13.00    0.00    0.00   78.00    0.00    0.00    0.00    0.00

07:38:17 PM  CPU    %usr   %nice    %sys %iowait    %irq   %soft  %steal  %guest  %gnice   %idle
07:38:18 PM    0    8.00    0.00   15.00    0.00    0.00   77.00    0.00    0.00    0.00    0.00

07:38:18 PM  CPU    %usr   %nice    %sys %iowait    %irq   %soft  %steal  %guest  %gnice   %idle
07:38:19 PM    0    7.00    0.00   13.00    0.00    0.00   80.00    0.00    0.00    0.00    0.00

07:38:19 PM  CPU    %usr   %nice    %sys %iowait    %irq   %soft  %steal  %guest  %gnice   %idle
07:38:20 PM    0    8.00    0.00   12.00    0.00    0.00   80.00    0.00    0.00    0.00    0.00

07:38:20 PM  CPU    %usr   %nice    %sys %iowait    %irq   %soft  %steal  %guest  %gnice   %idle
07:38:21 PM    0    8.00    0.00   14.00    0.00    0.00   78.00    0.00    0.00    0.00    0.00

07:38:21 PM  CPU    %usr   %nice    %sys %iowait    %irq   %soft  %steal  %guest  %gnice   %idle
07:38:22 PM    0    8.00    0.00   13.00    0.00    0.00   79.00    0.00    0.00    0.00    0.00

07:38:22 PM  CPU    %usr   %nice    %sys %iowait    %irq   %soft  %steal  %guest  %gnice   %idle
07:38:23 PM    0    7.07    0.00   13.13    0.00    0.00   79.80    0.00    0.00    0.00    0.00

07:38:23 PM  CPU    %usr   %nice    %sys %iowait    %irq   %soft  %steal  %guest  %gnice   %idle
07:38:24 PM    0    7.92    0.00   12.87    0.00    0.00   79.21    0.00    0.00    0.00    0.00

07:38:24 PM  CPU    %usr   %nice    %sys %iowait    %irq   %soft  %steal  %guest  %gnice   %idle
07:38:25 PM    0    7.92    0.00   13.86    0.00    0.00   78.22    0.00    0.00    0.00    0.00

07:38:25 PM  CPU    %usr   %nice    %sys %iowait    %irq   %soft  %steal  %guest  %gnice   %idle
07:38:26 PM    0    8.08    0.00   13.13    0.00    0.00   78.79    0.00    0.00    0.00    0.00

07:38:26 PM  CPU    %usr   %nice    %sys %iowait    %irq   %soft  %steal  %guest  %gnice   %idle
07:38:27 PM    0    6.93    0.00   12.87    0.00    0.00   80.20    0.00    0.00    0.00    0.00

07:38:27 PM  CPU    %usr   %nice    %sys %iowait    %irq   %soft  %steal  %guest  %gnice   %idle
07:38:28 PM    0    8.08    0.00   12.12    0.00    0.00   79.80    0.00    0.00    0.00    0.00

07:38:28 PM  CPU    %usr   %nice    %sys %iowait    %irq   %soft  %steal  %guest  %gnice   %idle
07:38:29 PM    0    8.00    0.00   12.00    0.00    0.00   80.00    0.00    0.00    0.00    0.00

07:38:29 PM  CPU    %usr   %nice    %sys %iowait    %irq   %soft  %steal  %guest  %gnice   %idle
07:38:30 PM    0   11.00    0.00   22.00    0.00    0.00   67.00    0.00    0.00    0.00    0.00

07:38:30 PM  CPU    %usr   %nice    %sys %iowait    %irq   %soft  %steal  %guest  %gnice   %idle
07:38:31 PM    0    8.08    0.00   13.13    0.00    0.00   78.79    0.00    0.00    0.00    0.00

07:38:31 PM  CPU    %usr   %nice    %sys %iowait    %irq   %soft  %steal  %guest  %gnice   %idle
07:38:32 PM    0    6.93    0.00   13.86    0.00    0.00   79.21    0.00    0.00    0.00    0.00

07:38:32 PM  CPU    %usr   %nice    %sys %iowait    %irq   %soft  %steal  %guest  %gnice   %idle
07:38:33 PM    0    8.00    0.00   14.00    0.00    0.00   78.00    0.00    0.00    0.00    0.00

07:38:33 PM  CPU    %usr   %nice    %sys %iowait    %irq   %soft  %steal  %guest  %gnice   %idle
07:38:34 PM    0    9.00    0.00   13.00    0.00    0.00   78.00    0.00    0.00    0.00    0.00

07:38:34 PM  CPU    %usr   %nice    %sys %iowait    %irq   %soft  %steal  %guest  %gnice   %idle
07:38:35 PM    0    5.05    0.00   14.14    0.00    0.00   80.81    0.00    0.00    0.00    0.00

07:38:35 PM  CPU    %usr   %nice    %sys %iowait    %irq   %soft  %steal  %guest  %gnice   %idle
07:38:36 PM    0    6.93    0.00   13.86    0.00    0.00   79.21    0.00    0.00    0.00    0.00

07:38:36 PM  CPU    %usr   %nice    %sys %iowait    %irq   %soft  %steal  %guest  %gnice   %idle
07:38:37 PM    0   12.00    0.00   24.00    0.00    0.00   64.00    0.00    0.00    0.00    0.00

07:38:37 PM  CPU    %usr   %nice    %sys %iowait    %irq   %soft  %steal  %guest  %gnice   %idle
07:38:38 PM    0   15.31    0.00   23.47    0.00    0.00   61.22    0.00    0.00    0.00    0.00

07:38:38 PM  CPU    %usr   %nice    %sys %iowait    %irq   %soft  %steal  %guest  %gnice   %idle
07:38:39 PM    0   12.00    0.00   27.00    0.00    0.00   61.00    0.00    0.00    0.00    0.00

07:38:39 PM  CPU    %usr   %nice    %sys %iowait    %irq   %soft  %steal  %guest  %gnice   %idle
07:38:40 PM    0   14.00    0.00   30.00    0.00    0.00   56.00    0.00    0.00    0.00    0.00

07:38:40 PM  CPU    %usr   %nice    %sys %iowait    %irq   %soft  %steal  %guest  %gnice   %idle
07:38:41 PM    0   12.00    0.00   26.00    0.00    0.00   62.00    0.00    0.00    0.00    0.00

07:38:41 PM  CPU    %usr   %nice    %sys %iowait    %irq   %soft  %steal  %guest  %gnice   %idle
07:38:42 PM    0   13.00    0.00   26.00    0.00    0.00   60.00    0.00    0.00    0.00    1.00

07:38:42 PM  CPU    %usr   %nice    %sys %iowait    %irq   %soft  %steal  %guest  %gnice   %idle
07:38:43 PM    0   14.00    0.00   34.00    0.00    0.00   52.00    0.00    0.00    0.00    0.00

07:38:43 PM  CPU    %usr   %nice    %sys %iowait    %irq   %soft  %steal  %guest  %gnice   %idle
07:38:44 PM    0   17.00    0.00   30.00    0.00    0.00   53.00    0.00    0.00    0.00    0.00

07:38:44 PM  CPU    %usr   %nice    %sys %iowait    %irq   %soft  %steal  %guest  %gnice   %idle
07:38:45 PM    0   15.15    0.00   28.28    0.00    0.00   56.57    0.00    0.00    0.00    0.00

07:38:45 PM  CPU    %usr   %nice    %sys %iowait    %irq   %soft  %steal  %guest  %gnice   %idle
07:38:46 PM    0    5.94    0.00   13.86    0.00    0.00   80.20    0.00    0.00    0.00    0.00

07:38:46 PM  CPU    %usr   %nice    %sys %iowait    %irq   %soft  %steal  %guest  %gnice   %idle
07:38:47 PM    0    7.07    0.00   11.11    0.00    0.00   81.82    0.00    0.00    0.00    0.00
