Linux 6.14.0-36-generic (Ubuntu) 	11/24/2025 	_aarch64_	(5 CPU)

09:06:03 PM  CPU    %usr   %nice    %sys %iowait    %irq   %soft  %steal  %guest  %gnice   %idle
09:06:04 PM    0    6.19    0.00    5.15    0.00    0.00    2.06    0.00    0.00    0.00   86.60

09:06:04 PM  CPU    %usr   %nice    %sys %iowait    %irq   %soft  %steal  %guest  %gnice   %idle
09:06:05 PM    0   11.11    0.00   21.21    0.00    0.00   67.68    0.00    0.00    0.00    0.00

09:06:05 PM  CPU    %usr   %nice    %sys %iowait    %irq   %soft  %steal  %guest  %gnice   %idle
09:06:06 PM    0    9.90    0.00   15.84    0.00    0.00   74.26    0.00    0.00    0.00    0.00

09:06:06 PM  CPU    %usr   %nice    %sys %iowait    %irq   %soft  %steal  %guest  %gnice   %idle
09:06:07 PM    0    9.09    0.00   14.14    0.00    0.00   76.77    0.00    0.00    0.00    0.00

09:06:07 PM  CPU    %usr   %nice    %sys %iowait    %irq   %soft  %steal  %guest  %gnice   %idle
09:06:08 PM    0    9.90    0.00   13.86    0.00    0.00   76.24    0.00    0.00    0.00    0.00

09:06:08 PM  CPU    %usr   %nice    %sys %iowait    %irq   %soft  %steal  %guest  %gnice   %idle
09:06:09 PM    0    8.16    0.00   14.29    0.00    0.00   77.55    0.00    0.00    0.00    0.00

09:06:09 PM  CPU    %usr   %nice    %sys %iowait    %irq   %soft  %steal  %guest  %gnice   %idle
09:06:10 PM    0   10.10    0.00   13.13    0.00    0.00   76.77    0.00    0.00    0.00    0.00

09:06:10 PM  CPU    %usr   %nice    %sys %iowait    %irq   %soft  %steal  %guest  %gnice   %idle
09:06:11 PM    0    8.00    0.00   15.00    0.00    0.00   77.00    0.00    0.00    0.00    0.00

09:06:11 PM  CPU    %usr   %nice    %sys %iowait    %irq   %soft  %steal  %guest  %gnice   %idle
09:06:12 PM    0    9.09    0.00   14.14    0.00    0.00   76.77    0.00    0.00    0.00    0.00

09:06:12 PM  CPU    %usr   %nice    %sys %iowait    %irq   %soft  %steal  %guest  %gnice   %idle
09:06:13 PM    0    8.91    0.00   13.86    0.00    0.00   76.24    0.00    0.00    0.00    0.99

09:06:13 PM  CPU    %usr   %nice    %sys %iowait    %irq   %soft  %steal  %guest  %gnice   %idle
09:06:14 PM    0    9.09    0.00   15.15    0.00    0.00   75.76    0.00    0.00    0.00    0.00

09:06:14 PM  CPU    %usr   %nice    %sys %iowait    %irq   %soft  %steal  %guest  %gnice   %idle
09:06:15 PM    0    9.09    0.00   13.13    0.00    0.00   77.78    0.00    0.00    0.00    0.00

09:06:15 PM  CPU    %usr   %nice    %sys %iowait    %irq   %soft  %steal  %guest  %gnice   %idle
09:06:16 PM    0    9.09    0.00   12.12    0.00    0.00   78.79    0.00    0.00    0.00    0.00

09:06:16 PM  CPU    %usr   %nice    %sys %iowait    %irq   %soft  %steal  %guest  %gnice   %idle
09:06:17 PM    0    8.08    0.00   14.14    0.00    0.00   77.78    0.00    0.00    0.00    0.00

09:06:17 PM  CPU    %usr   %nice    %sys %iowait    %irq   %soft  %steal  %guest  %gnice   %idle
09:06:18 PM    0   10.10    0.00   13.13    0.00    0.00   76.77    0.00    0.00    0.00    0.00

09:06:18 PM  CPU    %usr   %nice    %sys %iowait    %irq   %soft  %steal  %guest  %gnice   %idle
09:06:19 PM    0   10.78    0.00   12.75    0.00    0.00   75.49    0.00    0.00    0.00    0.98

09:06:19 PM  CPU    %usr   %nice    %sys %iowait    %irq   %soft  %steal  %guest  %gnice   %idle
09:06:20 PM    0    9.09    0.00   15.15    0.00    0.00   75.76    0.00    0.00    0.00    0.00

09:06:20 PM  CPU    %usr   %nice    %sys %iowait    %irq   %soft  %steal  %guest  %gnice   %idle
09:06:21 PM    0    9.09    0.00   13.13    0.00    0.00   77.78    0.00    0.00    0.00    0.00

09:06:21 PM  CPU    %usr   %nice    %sys %iowait    %irq   %soft  %steal  %guest  %gnice   %idle
09:06:22 PM    0   10.00    0.00   13.00    0.00    0.00   77.00    0.00    0.00    0.00    0.00

09:06:22 PM  CPU    %usr   %nice    %sys %iowait    %irq   %soft  %steal  %guest  %gnice   %idle
09:06:23 PM    0   10.20    0.00   13.27    0.00    0.00   76.53    0.00    0.00    0.00    0.00

09:06:23 PM  CPU    %usr   %nice    %sys %iowait    %irq   %soft  %steal  %guest  %gnice   %idle
09:06:24 PM    0    8.00    0.00   13.00    0.00    0.00   79.00    0.00    0.00    0.00    0.00

09:06:24 PM  CPU    %usr   %nice    %sys %iowait    %irq   %soft  %steal  %guest  %gnice   %idle
09:06:25 PM    0    9.00    0.00   13.00    0.00    0.00   77.00    0.00    0.00    0.00    1.00

09:06:25 PM  CPU    %usr   %nice    %sys %iowait    %irq   %soft  %steal  %guest  %gnice   %idle
09:06:26 PM    0    9.18    0.00   14.29    0.00    0.00   76.53    0.00    0.00    0.00    0.00

09:06:26 PM  CPU    %usr   %nice    %sys %iowait    %irq   %soft  %steal  %guest  %gnice   %idle
09:06:27 PM    0    9.00    0.00   13.00    0.00    0.00   78.00    0.00    0.00    0.00    0.00

09:06:27 PM  CPU    %usr   %nice    %sys %iowait    %irq   %soft  %steal  %guest  %gnice   %idle
09:06:28 PM    0    9.09    0.00   14.14    0.00    0.00   76.77    0.00    0.00    0.00    0.00

09:06:28 PM  CPU    %usr   %nice    %sys %iowait    %irq   %soft  %steal  %guest  %gnice   %idle
09:06:29 PM    0   10.00    0.00   13.00    0.00    0.00   77.00    0.00    0.00    0.00    0.00

09:06:29 PM  CPU    %usr   %nice    %sys %iowait    %irq   %soft  %steal  %guest  %gnice   %idle
09:06:30 PM    0    9.09    0.00   14.14    0.00    0.00   76.77    0.00    0.00    0.00    0.00

09:06:30 PM  CPU    %usr   %nice    %sys %iowait    %irq   %soft  %steal  %guest  %gnice   %idle
09:06:31 PM    0    8.08    0.00   15.15    0.00    0.00   75.76    0.00    0.00    0.00    1.01

09:06:31 PM  CPU    %usr   %nice    %sys %iowait    %irq   %soft  %steal  %guest  %gnice   %idle
09:06:32 PM    0    9.00    0.00   13.00    0.00    0.00   78.00    0.00    0.00    0.00    0.00

09:06:32 PM  CPU    %usr   %nice    %sys %iowait    %irq   %soft  %steal  %guest  %gnice   %idle
09:06:33 PM    0    8.00    0.00   15.00    0.00    0.00   77.00    0.00    0.00    0.00    0.00

09:06:33 PM  CPU    %usr   %nice    %sys %iowait    %irq   %soft  %steal  %guest  %gnice   %idle
09:06:34 PM    0    8.08    0.00   13.13    0.00    0.00   78.79    0.00    0.00    0.00    0.00

09:06:34 PM  CPU    %usr   %nice    %sys %iowait    %irq   %soft  %steal  %guest  %gnice   %idle
09:06:35 PM    0   10.00    0.00   15.00    0.00    0.00   75.00    0.00    0.00    0.00    0.00

09:06:35 PM  CPU    %usr   %nice    %sys %iowait    %irq   %soft  %steal  %guest  %gnice   %idle
09:06:36 PM    0    9.18    0.00   13.27    0.00    0.00   76.53    0.00    0.00    0.00    1.02

09:06:36 PM  CPU    %usr   %nice    %sys %iowait    %irq   %soft  %steal  %guest  %gnice   %idle
09:06:37 PM    0   10.00    0.00   14.00    0.00    0.00   76.00    0.00    0.00    0.00    0.00

09:06:37 PM  CPU    %usr   %nice    %sys %iowait    %irq   %soft  %steal  %guest  %gnice   %idle
09:06:38 PM    0   11.46    0.00   17.71    0.00    0.00   70.83    0.00    0.00    0.00    0.00

09:06:38 PM  CPU    %usr   %nice    %sys %iowait    %irq   %soft  %steal  %guest  %gnice   %idle
09:06:39 PM    0   11.88    0.00   15.84    0.00    0.00   72.28    0.00    0.00    0.00    0.00

09:06:39 PM  CPU    %usr   %nice    %sys %iowait    %irq   %soft  %steal  %guest  %gnice   %idle
09:06:40 PM    0   10.10    0.00   13.13    0.00    0.00   76.77    0.00    0.00    0.00    0.00

09:06:40 PM  CPU    %usr   %nice    %sys %iowait    %irq   %soft  %steal  %guest  %gnice   %idle
09:06:41 PM    0   10.89    0.00   15.84    0.00    0.00   73.27    0.00    0.00    0.00    0.00

09:06:41 PM  CPU    %usr   %nice    %sys %iowait    %irq   %soft  %steal  %guest  %gnice   %idle
09:06:42 PM    0   10.00    0.00   12.00    0.00    0.00   78.00    0.00    0.00    0.00    0.00

09:06:42 PM  CPU    %usr   %nice    %sys %iowait    %irq   %soft  %steal  %guest  %gnice   %idle
09:06:43 PM    0   10.10    0.00   16.16    0.00    0.00   72.73    0.00    0.00    0.00    1.01

09:06:43 PM  CPU    %usr   %nice    %sys %iowait    %irq   %soft  %steal  %guest  %gnice   %idle
09:06:44 PM    0    9.00    0.00   14.00    0.00    0.00   77.00    0.00    0.00    0.00    0.00

09:06:44 PM  CPU    %usr   %nice    %sys %iowait    %irq   %soft  %steal  %guest  %gnice   %idle
09:06:45 PM    0    9.18    0.00   17.35    0.00    0.00   73.47    0.00    0.00    0.00    0.00

09:06:45 PM  CPU    %usr   %nice    %sys %iowait    %irq   %soft  %steal  %guest  %gnice   %idle
09:06:46 PM    0    9.09    0.00   17.17    0.00    0.00   73.74    0.00    0.00    0.00    0.00

09:06:46 PM  CPU    %usr   %nice    %sys %iowait    %irq   %soft  %steal  %guest  %gnice   %idle
09:06:47 PM    0   10.10    0.00   19.19    0.00    0.00   69.70    0.00    0.00    0.00    1.01

09:06:47 PM  CPU    %usr   %nice    %sys %iowait    %irq   %soft  %steal  %guest  %gnice   %idle
09:06:48 PM    0   10.20    0.00   16.33    0.00    0.00   73.47    0.00    0.00    0.00    0.00

09:06:48 PM  CPU    %usr   %nice    %sys %iowait    %irq   %soft  %steal  %guest  %gnice   %idle
09:06:49 PM    0   10.00    0.00   17.00    0.00    0.00   73.00    0.00    0.00    0.00    0.00

09:06:49 PM  CPU    %usr   %nice    %sys %iowait    %irq   %soft  %steal  %guest  %gnice   %idle
09:06:50 PM    0    8.08    0.00   13.13    0.00    0.00   78.79    0.00    0.00    0.00    0.00

09:06:50 PM  CPU    %usr   %nice    %sys %iowait    %irq   %soft  %steal  %guest  %gnice   %idle
09:06:51 PM    0    9.09    0.00   14.14    0.00    0.00   76.77    0.00    0.00    0.00    0.00

09:06:51 PM  CPU    %usr   %nice    %sys %iowait    %irq   %soft  %steal  %guest  %gnice   %idle
09:06:52 PM    0    9.00    0.00   12.00    0.00    0.00   79.00    0.00    0.00    0.00    0.00

09:06:52 PM  CPU    %usr   %nice    %sys %iowait    %irq   %soft  %steal  %guest  %gnice   %idle
09:06:53 PM    0    9.90    0.00   14.85    0.00    0.00   74.26    0.00    0.00    0.00    0.99

09:06:53 PM  CPU    %usr   %nice    %sys %iowait    %irq   %soft  %steal  %guest  %gnice   %idle
09:06:54 PM    0    8.16    0.00   14.29    0.00    0.00   77.55    0.00    0.00    0.00    0.00

09:06:54 PM  CPU    %usr   %nice    %sys %iowait    %irq   %soft  %steal  %guest  %gnice   %idle
09:06:55 PM    0    8.91    0.00   13.86    0.00    0.00   77.23    0.00    0.00    0.00    0.00

09:06:55 PM  CPU    %usr   %nice    %sys %iowait    %irq   %soft  %steal  %guest  %gnice   %idle
09:06:56 PM    0    8.16    0.00   15.31    0.00    0.00   76.53    0.00    0.00    0.00    0.00

09:06:56 PM  CPU    %usr   %nice    %sys %iowait    %irq   %soft  %steal  %guest  %gnice   %idle
09:06:57 PM    0    9.09    0.00   16.16    0.00    0.00   74.75    0.00    0.00    0.00    0.00

09:06:57 PM  CPU    %usr   %nice    %sys %iowait    %irq   %soft  %steal  %guest  %gnice   %idle
09:06:58 PM    0    8.00    0.00   14.00    0.00    0.00   78.00    0.00    0.00    0.00    0.00

09:06:58 PM  CPU    %usr   %nice    %sys %iowait    %irq   %soft  %steal  %guest  %gnice   %idle
09:06:59 PM    0    8.00    0.00   15.00    0.00    0.00   76.00    0.00    0.00    0.00    1.00

09:06:59 PM  CPU    %usr   %nice    %sys %iowait    %irq   %soft  %steal  %guest  %gnice   %idle
09:07:00 PM    0    9.00    0.00   14.00    0.00    0.00   77.00    0.00    0.00    0.00    0.00

09:07:00 PM  CPU    %usr   %nice    %sys %iowait    %irq   %soft  %steal  %guest  %gnice   %idle
09:07:01 PM    0    8.16    0.00   13.27    0.00    0.00   78.57    0.00    0.00    0.00    0.00

09:07:01 PM  CPU    %usr   %nice    %sys %iowait    %irq   %soft  %steal  %guest  %gnice   %idle
09:07:02 PM    0    8.91    0.00   13.86    0.00    0.00   77.23    0.00    0.00    0.00    0.00

09:07:02 PM  CPU    %usr   %nice    %sys %iowait    %irq   %soft  %steal  %guest  %gnice   %idle
09:07:03 PM    0    8.00    0.00   13.00    0.00    0.00   79.00    0.00    0.00    0.00    0.00
