Linux 6.14.0-36-generic (Ubuntu) 	11/24/2025 	_aarch64_	(5 CPU)

08:41:53 PM  CPU    %usr   %nice    %sys %iowait    %irq   %soft  %steal  %guest  %gnice   %idle
08:41:54 PM    0    7.14    0.00    2.04    0.00    0.00    0.00    0.00    0.00    0.00   90.82

08:41:54 PM  CPU    %usr   %nice    %sys %iowait    %irq   %soft  %steal  %guest  %gnice   %idle
08:41:55 PM    0    7.14    0.00   11.43    0.00    0.00   35.71    0.00    0.00    0.00   45.71

08:41:55 PM  CPU    %usr   %nice    %sys %iowait    %irq   %soft  %steal  %guest  %gnice   %idle
08:41:56 PM    0    7.25    0.00    5.80    0.00    0.00   42.03    0.00    0.00    0.00   44.93

08:41:56 PM  CPU    %usr   %nice    %sys %iowait    %irq   %soft  %steal  %guest  %gnice   %idle
08:41:57 PM    0    7.14    0.00    8.57    0.00    0.00   38.57    0.00    0.00    0.00   45.71

08:41:57 PM  CPU    %usr   %nice    %sys %iowait    %irq   %soft  %steal  %guest  %gnice   %idle
08:41:58 PM    0    5.88    0.00    5.88    0.00    0.00   41.18    0.00    0.00    0.00   47.06

08:41:58 PM  CPU    %usr   %nice    %sys %iowait    %irq   %soft  %steal  %guest  %gnice   %idle
08:41:59 PM    0    5.56    0.00    6.94    0.00    0.00   44.44    0.00    0.00    0.00   43.06

08:41:59 PM  CPU    %usr   %nice    %sys %iowait    %irq   %soft  %steal  %guest  %gnice   %idle
08:42:00 PM    0    7.14    0.00    5.71    0.00    0.00   42.86    0.00    0.00    0.00   44.29

08:42:00 PM  CPU    %usr   %nice    %sys %iowait    %irq   %soft  %steal  %guest  %gnice   %idle
08:42:01 PM    0    5.88    0.00    5.88    0.00    0.00   42.65    0.00    0.00    0.00   45.59

08:42:01 PM  CPU    %usr   %nice    %sys %iowait    %irq   %soft  %steal  %guest  %gnice   %idle
08:42:02 PM    0    5.71    0.00    5.71    0.00    0.00   42.86    0.00    0.00    0.00   45.71

08:42:02 PM  CPU    %usr   %nice    %sys %iowait    %irq   %soft  %steal  %guest  %gnice   %idle
08:42:03 PM    0    7.14    0.00    5.71    0.00    0.00   41.43    0.00    0.00    0.00   45.71

08:42:03 PM  CPU    %usr   %nice    %sys %iowait    %irq   %soft  %steal  %guest  %gnice   %idle
08:42:04 PM    0    5.88    0.00    5.88    0.00    0.00   42.65    0.00    0.00    0.00   45.59

08:42:04 PM  CPU    %usr   %nice    %sys %iowait    %irq   %soft  %steal  %guest  %gnice   %idle
08:42:05 PM    0    6.94    0.00    6.94    0.00    0.00   41.67    0.00    0.00    0.00   44.44

08:42:05 PM  CPU    %usr   %nice    %sys %iowait    %irq   %soft  %steal  %guest  %gnice   %idle
08:42:06 PM    0    7.14    0.00    7.14    0.00    0.00   40.00    0.00    0.00    0.00   45.71

08:42:06 PM  CPU    %usr   %nice    %sys %iowait    %irq   %soft  %steal  %guest  %gnice   %idle
08:42:07 PM    0    7.35    0.00    5.88    0.00    0.00   41.18    0.00    0.00    0.00   45.59

08:42:07 PM  CPU    %usr   %nice    %sys %iowait    %irq   %soft  %steal  %guest  %gnice   %idle
08:42:08 PM    0    5.88    0.00    5.88    0.00    0.00   41.18    0.00    0.00    0.00   47.06

08:42:08 PM  CPU    %usr   %nice    %sys %iowait    %irq   %soft  %steal  %guest  %gnice   %idle
08:42:09 PM    0    5.71    0.00    5.71    0.00    0.00   42.86    0.00    0.00    0.00   45.71

08:42:09 PM  CPU    %usr   %nice    %sys %iowait    %irq   %soft  %steal  %guest  %gnice   %idle
08:42:10 PM    0    5.88    0.00    5.88    0.00    0.00   41.18    0.00    0.00    0.00   47.06

08:42:10 PM  CPU    %usr   %nice    %sys %iowait    %irq   %soft  %steal  %guest  %gnice   %idle
08:42:11 PM    0    6.85    0.00    9.59    0.00    0.00   39.73    0.00    0.00    0.00   43.84

08:42:11 PM  CPU    %usr   %nice    %sys %iowait    %irq   %soft  %steal  %guest  %gnice   %idle
08:42:12 PM    0    7.58    0.00    6.06    0.00    0.00   37.88    0.00    0.00    0.00   48.48

08:42:12 PM  CPU    %usr   %nice    %sys %iowait    %irq   %soft  %steal  %guest  %gnice   %idle
08:42:13 PM    0    7.46    0.00    5.97    0.00    0.00   40.30    0.00    0.00    0.00   46.27

08:42:13 PM  CPU    %usr   %nice    %sys %iowait    %irq   %soft  %steal  %guest  %gnice   %idle
08:42:14 PM    0    5.80    0.00    5.80    0.00    0.00   40.58    0.00    0.00    0.00   47.83

08:42:14 PM  CPU    %usr   %nice    %sys %iowait    %irq   %soft  %steal  %guest  %gnice   %idle
08:42:15 PM    0    5.80    0.00    8.70    0.00    0.00   40.58    0.00    0.00    0.00   44.93

08:42:15 PM  CPU    %usr   %nice    %sys %iowait    %irq   %soft  %steal  %guest  %gnice   %idle
08:42:16 PM    0    5.71    0.00    7.14    0.00    0.00   41.43    0.00    0.00    0.00   45.71

08:42:16 PM  CPU    %usr   %nice    %sys %iowait    %irq   %soft  %steal  %guest  %gnice   %idle
08:42:17 PM    0    8.57    0.00    5.71    0.00    0.00   40.00    0.00    0.00    0.00   45.71

08:42:17 PM  CPU    %usr   %nice    %sys %iowait    %irq   %soft  %steal  %guest  %gnice   %idle
08:42:18 PM    0    7.46    0.00    5.97    0.00    0.00   38.81    0.00    0.00    0.00   47.76

08:42:18 PM  CPU    %usr   %nice    %sys %iowait    %irq   %soft  %steal  %guest  %gnice   %idle
08:42:19 PM    0    7.25    0.00    7.25    0.00    0.00   39.13    0.00    0.00    0.00   46.38

08:42:19 PM  CPU    %usr   %nice    %sys %iowait    %irq   %soft  %steal  %guest  %gnice   %idle
08:42:20 PM    0    5.80    0.00    7.25    0.00    0.00   40.58    0.00    0.00    0.00   46.38

08:42:20 PM  CPU    %usr   %nice    %sys %iowait    %irq   %soft  %steal  %guest  %gnice   %idle
08:42:21 PM    0    6.94    0.00    5.56    0.00    0.00   44.44    0.00    0.00    0.00   43.06

08:42:21 PM  CPU    %usr   %nice    %sys %iowait    %irq   %soft  %steal  %guest  %gnice   %idle
08:42:22 PM    0    6.94    0.00    6.94    0.00    0.00   41.67    0.00    0.00    0.00   44.44

08:42:22 PM  CPU    %usr   %nice    %sys %iowait    %irq   %soft  %steal  %guest  %gnice   %idle
08:42:23 PM    0    5.71    0.00    5.71    0.00    0.00   42.86    0.00    0.00    0.00   45.71

08:42:23 PM  CPU    %usr   %nice    %sys %iowait    %irq   %soft  %steal  %guest  %gnice   %idle
08:42:24 PM    0    7.25    0.00    7.25    0.00    0.00   37.68    0.00    0.00    0.00   47.83

08:42:24 PM  CPU    %usr   %nice    %sys %iowait    %irq   %soft  %steal  %guest  %gnice   %idle
08:42:25 PM    0    5.97    0.00    7.46    0.00    0.00   40.30    0.00    0.00    0.00   46.27

08:42:25 PM  CPU    %usr   %nice    %sys %iowait    %irq   %soft  %steal  %guest  %gnice   %idle
08:42:26 PM    0    5.80    0.00    7.25    0.00    0.00   40.58    0.00    0.00    0.00   46.38

08:42:26 PM  CPU    %usr   %nice    %sys %iowait    %irq   %soft  %steal  %guest  %gnice   %idle
08:42:27 PM    0    4.35    0.00    7.25    0.00    0.00   40.58    0.00    0.00    0.00   47.83

08:42:27 PM  CPU    %usr   %nice    %sys %iowait    %irq   %soft  %steal  %guest  %gnice   %idle
08:42:28 PM    0    7.14    0.00    7.14    0.00    0.00   41.43    0.00    0.00    0.00   44.29

08:42:28 PM  CPU    %usr   %nice    %sys %iowait    %irq   %soft  %steal  %guest  %gnice   %idle
08:42:29 PM    0    5.63    0.00    7.04    0.00    0.00   42.25    0.00    0.00    0.00   45.07

08:42:29 PM  CPU    %usr   %nice    %sys %iowait    %irq   %soft  %steal  %guest  %gnice   %idle
08:42:30 PM    0    6.94    0.00    5.56    0.00    0.00   43.06    0.00    0.00    0.00   44.44

08:42:30 PM  CPU    %usr   %nice    %sys %iowait    %irq   %soft  %steal  %guest  %gnice   %idle
08:42:31 PM    0    7.14    0.00    7.14    0.00    0.00   40.00    0.00    0.00    0.00   45.71

08:42:31 PM  CPU    %usr   %nice    %sys %iowait    %irq   %soft  %steal  %guest  %gnice   %idle
08:42:32 PM    0    6.06    0.00    7.58    0.00    0.00   39.39    0.00    0.00    0.00   46.97

08:42:32 PM  CPU    %usr   %nice    %sys %iowait    %irq   %soft  %steal  %guest  %gnice   %idle
08:42:33 PM    0    7.14    0.00    7.14    0.00    0.00   40.00    0.00    0.00    0.00   45.71

08:42:33 PM  CPU    %usr   %nice    %sys %iowait    %irq   %soft  %steal  %guest  %gnice   %idle
08:42:34 PM    0    7.35    0.00    5.88    0.00    0.00   39.71    0.00    0.00    0.00   47.06

08:42:34 PM  CPU    %usr   %nice    %sys %iowait    %irq   %soft  %steal  %guest  %gnice   %idle
08:42:35 PM    0    5.71    0.00    7.14    0.00    0.00   41.43    0.00    0.00    0.00   45.71

08:42:35 PM  CPU    %usr   %nice    %sys %iowait    %irq   %soft  %steal  %guest  %gnice   %idle
08:42:36 PM    0    9.72    0.00    9.72    0.00    0.00   37.50    0.00    0.00    0.00   43.06

08:42:36 PM  CPU    %usr   %nice    %sys %iowait    %irq   %soft  %steal  %guest  %gnice   %idle
08:42:37 PM    0    7.25    0.00   10.14    0.00    0.00   37.68    0.00    0.00    0.00   44.93

08:42:37 PM  CPU    %usr   %nice    %sys %iowait    %irq   %soft  %steal  %guest  %gnice   %idle
08:42:38 PM    0   10.29    0.00    7.35    0.00    0.00   36.76    0.00    0.00    0.00   45.59

08:42:38 PM  CPU    %usr   %nice    %sys %iowait    %irq   %soft  %steal  %guest  %gnice   %idle
08:42:39 PM    0    6.85    0.00    6.85    0.00    0.00   41.10    0.00    0.00    0.00   45.21

08:42:39 PM  CPU    %usr   %nice    %sys %iowait    %irq   %soft  %steal  %guest  %gnice   %idle
08:42:40 PM    0    4.55    0.00    6.06    0.00    0.00   40.91    0.00    0.00    0.00   48.48

08:42:40 PM  CPU    %usr   %nice    %sys %iowait    %irq   %soft  %steal  %guest  %gnice   %idle
08:42:41 PM    0    7.14    0.00    5.71    0.00    0.00   40.00    0.00    0.00    0.00   47.14

08:42:41 PM  CPU    %usr   %nice    %sys %iowait    %irq   %soft  %steal  %guest  %gnice   %idle
08:42:42 PM    0    8.33    0.00    8.33    0.00    0.00   33.33    0.00    0.00    0.00   50.00

08:42:42 PM  CPU    %usr   %nice    %sys %iowait    %irq   %soft  %steal  %guest  %gnice   %idle
08:42:43 PM    0    5.88    0.00    8.82    0.00    0.00   38.24    0.00    0.00    0.00   47.06

08:42:43 PM  CPU    %usr   %nice    %sys %iowait    %irq   %soft  %steal  %guest  %gnice   %idle
08:42:44 PM    0    5.63    0.00    7.04    0.00    0.00   42.25    0.00    0.00    0.00   45.07

08:42:44 PM  CPU    %usr   %nice    %sys %iowait    %irq   %soft  %steal  %guest  %gnice   %idle
08:42:45 PM    0    7.14    0.00    8.57    0.00    0.00   40.00    0.00    0.00    0.00   44.29

08:42:45 PM  CPU    %usr   %nice    %sys %iowait    %irq   %soft  %steal  %guest  %gnice   %idle
08:42:46 PM    0    5.88    0.00    5.88    0.00    0.00   41.18    0.00    0.00    0.00   47.06

08:42:46 PM  CPU    %usr   %nice    %sys %iowait    %irq   %soft  %steal  %guest  %gnice   %idle
08:42:47 PM    0    6.94    0.00    5.56    0.00    0.00   43.06    0.00    0.00    0.00   44.44

08:42:47 PM  CPU    %usr   %nice    %sys %iowait    %irq   %soft  %steal  %guest  %gnice   %idle
08:42:48 PM    0    6.94    0.00    6.94    0.00    0.00   43.06    0.00    0.00    0.00   43.06

08:42:48 PM  CPU    %usr   %nice    %sys %iowait    %irq   %soft  %steal  %guest  %gnice   %idle
08:42:49 PM    0    6.94    0.00    8.33    0.00    0.00   40.28    0.00    0.00    0.00   44.44

08:42:49 PM  CPU    %usr   %nice    %sys %iowait    %irq   %soft  %steal  %guest  %gnice   %idle
08:42:50 PM    0    7.25    0.00    5.80    0.00    0.00   42.03    0.00    0.00    0.00   44.93

08:42:50 PM  CPU    %usr   %nice    %sys %iowait    %irq   %soft  %steal  %guest  %gnice   %idle
08:42:51 PM    0    7.04    0.00    5.63    0.00    0.00   42.25    0.00    0.00    0.00   45.07

08:42:51 PM  CPU    %usr   %nice    %sys %iowait    %irq   %soft  %steal  %guest  %gnice   %idle
08:42:52 PM    0    7.35    0.00    5.88    0.00    0.00   41.18    0.00    0.00    0.00   45.59

08:42:52 PM  CPU    %usr   %nice    %sys %iowait    %irq   %soft  %steal  %guest  %gnice   %idle
08:42:53 PM    0    5.97    0.00    5.97    0.00    0.00   40.30    0.00    0.00    0.00   47.76
