Linux 6.14.0-36-generic (Ubuntu) 	11/24/2025 	_aarch64_	(5 CPU)

08:45:59 PM  CPU    %usr   %nice    %sys %iowait    %irq   %soft  %steal  %guest  %gnice   %idle
08:46:00 PM    0    9.47    0.00    6.32    0.00    0.00    0.00    0.00    0.00    0.00   84.21

08:46:00 PM  CPU    %usr   %nice    %sys %iowait    %irq   %soft  %steal  %guest  %gnice   %idle
08:46:01 PM    0   10.31    0.00   20.62    0.00    0.00   68.04    0.00    0.00    0.00    1.03

08:46:01 PM  CPU    %usr   %nice    %sys %iowait    %irq   %soft  %steal  %guest  %gnice   %idle
08:46:02 PM    0    9.38    0.00   14.58    0.00    0.00   75.00    0.00    0.00    0.00    1.04

08:46:02 PM  CPU    %usr   %nice    %sys %iowait    %irq   %soft  %steal  %guest  %gnice   %idle
08:46:03 PM    0    7.22    0.00   13.40    0.00    0.00   79.38    0.00    0.00    0.00    0.00

08:46:03 PM  CPU    %usr   %nice    %sys %iowait    %irq   %soft  %steal  %guest  %gnice   %idle
08:46:04 PM    0    8.16    0.00   14.29    0.00    0.00   76.53    0.00    0.00    0.00    1.02

08:46:04 PM  CPU    %usr   %nice    %sys %iowait    %irq   %soft  %steal  %guest  %gnice   %idle
08:46:05 PM    0    8.33    0.00   13.54    0.00    0.00   77.08    0.00    0.00    0.00    1.04

08:46:05 PM  CPU    %usr   %nice    %sys %iowait    %irq   %soft  %steal  %guest  %gnice   %idle
08:46:06 PM    0    9.00    0.00   15.00    0.00    0.00   75.00    0.00    0.00    0.00    1.00

08:46:06 PM  CPU    %usr   %nice    %sys %iowait    %irq   %soft  %steal  %guest  %gnice   %idle
08:46:07 PM    0    7.22    0.00   14.43    0.00    0.00   77.32    0.00    0.00    0.00    1.03

08:46:07 PM  CPU    %usr   %nice    %sys %iowait    %irq   %soft  %steal  %guest  %gnice   %idle
08:46:08 PM    0   10.20    0.00   15.31    0.00    0.00   74.49    0.00    0.00    0.00    0.00

08:46:08 PM  CPU    %usr   %nice    %sys %iowait    %irq   %soft  %steal  %guest  %gnice   %idle
08:46:09 PM    0    7.07    0.00   17.17    0.00    0.00   74.75    0.00    0.00    0.00    1.01

08:46:09 PM  CPU    %usr   %nice    %sys %iowait    %irq   %soft  %steal  %guest  %gnice   %idle
08:46:10 PM    0    8.25    0.00   14.43    0.00    0.00   76.29    0.00    0.00    0.00    1.03

08:46:10 PM  CPU    %usr   %nice    %sys %iowait    %irq   %soft  %steal  %guest  %gnice   %idle
08:46:11 PM    0    8.16    0.00   14.29    0.00    0.00   77.55    0.00    0.00    0.00    0.00

08:46:11 PM  CPU    %usr   %nice    %sys %iowait    %irq   %soft  %steal  %guest  %gnice   %idle
08:46:12 PM    0    7.07    0.00   16.16    0.00    0.00   75.76    0.00    0.00    0.00    1.01

08:46:12 PM  CPU    %usr   %nice    %sys %iowait    %irq   %soft  %steal  %guest  %gnice   %idle
08:46:13 PM    0    7.00    0.00   16.00    0.00    0.00   77.00    0.00    0.00    0.00    0.00

08:46:13 PM  CPU    %usr   %nice    %sys %iowait    %irq   %soft  %steal  %guest  %gnice   %idle
08:46:14 PM    0    9.18    0.00   13.27    0.00    0.00   76.53    0.00    0.00    0.00    1.02

08:46:14 PM  CPU    %usr   %nice    %sys %iowait    %irq   %soft  %steal  %guest  %gnice   %idle
08:46:15 PM    0    8.08    0.00   15.15    0.00    0.00   76.77    0.00    0.00    0.00    0.00

08:46:15 PM  CPU    %usr   %nice    %sys %iowait    %irq   %soft  %steal  %guest  %gnice   %idle
08:46:16 PM    0    7.07    0.00   15.15    0.00    0.00   76.77    0.00    0.00    0.00    1.01

08:46:16 PM  CPU    %usr   %nice    %sys %iowait    %irq   %soft  %steal  %guest  %gnice   %idle
08:46:17 PM    0    8.16    0.00   13.27    0.00    0.00   78.57    0.00    0.00    0.00    0.00

08:46:17 PM  CPU    %usr   %nice    %sys %iowait    %irq   %soft  %steal  %guest  %gnice   %idle
08:46:18 PM    0    7.14    0.00   16.33    0.00    0.00   75.51    0.00    0.00    0.00    1.02

08:46:18 PM  CPU    %usr   %nice    %sys %iowait    %irq   %soft  %steal  %guest  %gnice   %idle
08:46:19 PM    0    7.22    0.00   15.46    0.00    0.00   77.32    0.00    0.00    0.00    0.00

08:46:19 PM  CPU    %usr   %nice    %sys %iowait    %irq   %soft  %steal  %guest  %gnice   %idle
08:46:20 PM    0    7.07    0.00   15.15    0.00    0.00   76.77    0.00    0.00    0.00    1.01

08:46:20 PM  CPU    %usr   %nice    %sys %iowait    %irq   %soft  %steal  %guest  %gnice   %idle
08:46:21 PM    0    7.07    0.00   14.14    0.00    0.00   77.78    0.00    0.00    0.00    1.01

08:46:21 PM  CPU    %usr   %nice    %sys %iowait    %irq   %soft  %steal  %guest  %gnice   %idle
08:46:22 PM    0    9.09    0.00   15.15    0.00    0.00   75.76    0.00    0.00    0.00    0.00

08:46:22 PM  CPU    %usr   %nice    %sys %iowait    %irq   %soft  %steal  %guest  %gnice   %idle
08:46:23 PM    0    8.08    0.00   16.16    0.00    0.00   75.76    0.00    0.00    0.00    0.00

08:46:23 PM  CPU    %usr   %nice    %sys %iowait    %irq   %soft  %steal  %guest  %gnice   %idle
08:46:24 PM    0    9.00    0.00   15.00    0.00    0.00   75.00    0.00    0.00    0.00    1.00

08:46:24 PM  CPU    %usr   %nice    %sys %iowait    %irq   %soft  %steal  %guest  %gnice   %idle
08:46:25 PM    0    7.37    0.00   14.74    0.00    0.00   76.84    0.00    0.00    0.00    1.05

08:46:25 PM  CPU    %usr   %nice    %sys %iowait    %irq   %soft  %steal  %guest  %gnice   %idle
08:46:26 PM    0    8.33    0.00   13.54    0.00    0.00   77.08    0.00    0.00    0.00    1.04

08:46:26 PM  CPU    %usr   %nice    %sys %iowait    %irq   %soft  %steal  %guest  %gnice   %idle
08:46:27 PM    0    9.18    0.00   16.33    0.00    0.00   73.47    0.00    0.00    0.00    1.02

08:46:27 PM  CPU    %usr   %nice    %sys %iowait    %irq   %soft  %steal  %guest  %gnice   %idle
08:46:28 PM    0   11.70    0.00   17.02    0.00    0.00   69.15    0.00    0.00    0.00    2.13

08:46:28 PM  CPU    %usr   %nice    %sys %iowait    %irq   %soft  %steal  %guest  %gnice   %idle
08:46:29 PM    0    8.33    0.00   14.58    0.00    0.00   76.04    0.00    0.00    0.00    1.04

08:46:29 PM  CPU    %usr   %nice    %sys %iowait    %irq   %soft  %steal  %guest  %gnice   %idle
08:46:30 PM    0    8.42    0.00   12.63    0.00    0.00   77.89    0.00    0.00    0.00    1.05

08:46:30 PM  CPU    %usr   %nice    %sys %iowait    %irq   %soft  %steal  %guest  %gnice   %idle
08:46:31 PM    0    8.25    0.00   16.49    0.00    0.00   68.04    0.00    0.00    0.00    7.22

08:46:31 PM  CPU    %usr   %nice    %sys %iowait    %irq   %soft  %steal  %guest  %gnice   %idle
08:46:32 PM    0    9.28    0.00   15.46    0.00    0.00   74.23    0.00    0.00    0.00    1.03

08:46:32 PM  CPU    %usr   %nice    %sys %iowait    %irq   %soft  %steal  %guest  %gnice   %idle
08:46:33 PM    0    9.28    0.00   15.46    0.00    0.00   74.23    0.00    0.00    0.00    1.03

08:46:33 PM  CPU    %usr   %nice    %sys %iowait    %irq   %soft  %steal  %guest  %gnice   %idle
08:46:34 PM    0    8.16    0.00   16.33    0.00    0.00   74.49    0.00    0.00    0.00    1.02

08:46:34 PM  CPU    %usr   %nice    %sys %iowait    %irq   %soft  %steal  %guest  %gnice   %idle
08:46:35 PM    0    6.19    0.00   14.43    0.00    0.00   78.35    0.00    0.00    0.00    1.03

08:46:35 PM  CPU    %usr   %nice    %sys %iowait    %irq   %soft  %steal  %guest  %gnice   %idle
08:46:36 PM    0    8.33    0.00   16.67    0.00    0.00   73.96    0.00    0.00    0.00    1.04

08:46:36 PM  CPU    %usr   %nice    %sys %iowait    %irq   %soft  %steal  %guest  %gnice   %idle
08:46:37 PM    0    8.25    0.00   13.40    0.00    0.00   77.32    0.00    0.00    0.00    1.03

08:46:37 PM  CPU    %usr   %nice    %sys %iowait    %irq   %soft  %steal  %guest  %gnice   %idle
08:46:38 PM    0    7.29    0.00   14.58    0.00    0.00   76.04    0.00    0.00    0.00    2.08

08:46:38 PM  CPU    %usr   %nice    %sys %iowait    %irq   %soft  %steal  %guest  %gnice   %idle
08:46:39 PM    0    8.25    0.00   14.43    0.00    0.00   76.29    0.00    0.00    0.00    1.03

08:46:39 PM  CPU    %usr   %nice    %sys %iowait    %irq   %soft  %steal  %guest  %gnice   %idle
08:46:40 PM    0    8.25    0.00   14.43    0.00    0.00   76.29    0.00    0.00    0.00    1.03

08:46:40 PM  CPU    %usr   %nice    %sys %iowait    %irq   %soft  %steal  %guest  %gnice   %idle
08:46:41 PM    0    9.28    0.00   16.49    0.00    0.00   72.16    0.00    0.00    0.00    2.06

08:46:41 PM  CPU    %usr   %nice    %sys %iowait    %irq   %soft  %steal  %guest  %gnice   %idle
08:46:42 PM    0    8.33    0.00   16.67    0.00    0.00   73.96    0.00    0.00    0.00    1.04

08:46:42 PM  CPU    %usr   %nice    %sys %iowait    %irq   %soft  %steal  %guest  %gnice   %idle
08:46:43 PM    0    7.37    0.00   15.79    0.00    0.00   74.74    0.00    0.00    0.00    2.11

08:46:43 PM  CPU    %usr   %nice    %sys %iowait    %irq   %soft  %steal  %guest  %gnice   %idle
08:46:44 PM    0    8.16    0.00   16.33    0.00    0.00   73.47    0.00    0.00    0.00    2.04

08:46:44 PM  CPU    %usr   %nice    %sys %iowait    %irq   %soft  %steal  %guest  %gnice   %idle
08:46:45 PM    0    8.42    0.00   18.95    0.00    0.00   70.53    0.00    0.00    0.00    2.11

08:46:45 PM  CPU    %usr   %nice    %sys %iowait    %irq   %soft  %steal  %guest  %gnice   %idle
08:46:46 PM    0    7.29    0.00   15.62    0.00    0.00   76.04    0.00    0.00    0.00    1.04

08:46:46 PM  CPU    %usr   %nice    %sys %iowait    %irq   %soft  %steal  %guest  %gnice   %idle
08:46:47 PM    0    8.33    0.00   15.62    0.00    0.00   72.92    0.00    0.00    0.00    3.12

08:46:47 PM  CPU    %usr   %nice    %sys %iowait    %irq   %soft  %steal  %guest  %gnice   %idle
08:46:48 PM    0   10.31    0.00   12.37    0.00    0.00   76.29    0.00    0.00    0.00    1.03

08:46:48 PM  CPU    %usr   %nice    %sys %iowait    %irq   %soft  %steal  %guest  %gnice   %idle
08:46:49 PM    0    7.22    0.00   13.40    0.00    0.00   78.35    0.00    0.00    0.00    1.03

08:46:49 PM  CPU    %usr   %nice    %sys %iowait    %irq   %soft  %steal  %guest  %gnice   %idle
08:46:50 PM    0    9.28    0.00   14.43    0.00    0.00   75.26    0.00    0.00    0.00    1.03

08:46:50 PM  CPU    %usr   %nice    %sys %iowait    %irq   %soft  %steal  %guest  %gnice   %idle
08:46:51 PM    0    8.25    0.00   14.43    0.00    0.00   75.26    0.00    0.00    0.00    2.06

08:46:51 PM  CPU    %usr   %nice    %sys %iowait    %irq   %soft  %steal  %guest  %gnice   %idle
08:46:52 PM    0    8.33    0.00   13.54    0.00    0.00   77.08    0.00    0.00    0.00    1.04

08:46:52 PM  CPU    %usr   %nice    %sys %iowait    %irq   %soft  %steal  %guest  %gnice   %idle
08:46:53 PM    0    8.25    0.00   17.53    0.00    0.00   73.20    0.00    0.00    0.00    1.03

08:46:53 PM  CPU    %usr   %nice    %sys %iowait    %irq   %soft  %steal  %guest  %gnice   %idle
08:46:54 PM    0    7.29    0.00   14.58    0.00    0.00   77.08    0.00    0.00    0.00    1.04

08:46:54 PM  CPU    %usr   %nice    %sys %iowait    %irq   %soft  %steal  %guest  %gnice   %idle
08:46:55 PM    0    9.09    0.00   15.15    0.00    0.00   74.75    0.00    0.00    0.00    1.01

08:46:55 PM  CPU    %usr   %nice    %sys %iowait    %irq   %soft  %steal  %guest  %gnice   %idle
08:46:56 PM    0    7.29    0.00   14.58    0.00    0.00   77.08    0.00    0.00    0.00    1.04

08:46:56 PM  CPU    %usr   %nice    %sys %iowait    %irq   %soft  %steal  %guest  %gnice   %idle
08:46:57 PM    0    7.07    0.00   16.16    0.00    0.00   75.76    0.00    0.00    0.00    1.01

08:46:57 PM  CPU    %usr   %nice    %sys %iowait    %irq   %soft  %steal  %guest  %gnice   %idle
08:46:58 PM    0    7.29    0.00   13.54    0.00    0.00   78.12    0.00    0.00    0.00    1.04

08:46:58 PM  CPU    %usr   %nice    %sys %iowait    %irq   %soft  %steal  %guest  %gnice   %idle
08:46:59 PM    0    8.08    0.00   12.12    0.00    0.00   77.78    0.00    0.00    0.00    2.02
