Linux 6.14.0-36-generic (Ubuntu) 	11/24/2025 	_aarch64_	(5 CPU)

08:48:02 PM  CPU    %usr   %nice    %sys %iowait    %irq   %soft  %steal  %guest  %gnice   %idle
08:48:03 PM    0    8.42    0.00    3.16    0.00    0.00    1.05    0.00    0.00    0.00   87.37

08:48:03 PM  CPU    %usr   %nice    %sys %iowait    %irq   %soft  %steal  %guest  %gnice   %idle
08:48:04 PM    0   10.10    0.00   21.21    0.00    0.00   68.69    0.00    0.00    0.00    0.00

08:48:04 PM  CPU    %usr   %nice    %sys %iowait    %irq   %soft  %steal  %guest  %gnice   %idle
08:48:05 PM    0    9.09    0.00   16.16    0.00    0.00   73.74    0.00    0.00    0.00    1.01

08:48:05 PM  CPU    %usr   %nice    %sys %iowait    %irq   %soft  %steal  %guest  %gnice   %idle
08:48:06 PM    0    7.07    0.00   16.16    0.00    0.00   76.77    0.00    0.00    0.00    0.00

08:48:06 PM  CPU    %usr   %nice    %sys %iowait    %irq   %soft  %steal  %guest  %gnice   %idle
08:48:07 PM    0    9.00    0.00   13.00    0.00    0.00   77.00    0.00    0.00    0.00    1.00

08:48:07 PM  CPU    %usr   %nice    %sys %iowait    %irq   %soft  %steal  %guest  %gnice   %idle
08:48:08 PM    0    9.38    0.00   13.54    0.00    0.00   77.08    0.00    0.00    0.00    0.00

08:48:08 PM  CPU    %usr   %nice    %sys %iowait    %irq   %soft  %steal  %guest  %gnice   %idle
08:48:09 PM    0    9.18    0.00   15.31    0.00    0.00   74.49    0.00    0.00    0.00    1.02

08:48:09 PM  CPU    %usr   %nice    %sys %iowait    %irq   %soft  %steal  %guest  %gnice   %idle
08:48:10 PM    0    9.28    0.00   16.49    0.00    0.00   73.20    0.00    0.00    0.00    1.03

08:48:10 PM  CPU    %usr   %nice    %sys %iowait    %irq   %soft  %steal  %guest  %gnice   %idle
08:48:11 PM    0    8.08    0.00   14.14    0.00    0.00   77.78    0.00    0.00    0.00    0.00

08:48:11 PM  CPU    %usr   %nice    %sys %iowait    %irq   %soft  %steal  %guest  %gnice   %idle
08:48:12 PM    0    8.00    0.00   13.00    0.00    0.00   79.00    0.00    0.00    0.00    0.00

08:48:12 PM  CPU    %usr   %nice    %sys %iowait    %irq   %soft  %steal  %guest  %gnice   %idle
08:48:13 PM    0    9.09    0.00   14.14    0.00    0.00   75.76    0.00    0.00    0.00    1.01

08:48:13 PM  CPU    %usr   %nice    %sys %iowait    %irq   %soft  %steal  %guest  %gnice   %idle
08:48:14 PM    0    8.00    0.00   16.00    0.00    0.00   76.00    0.00    0.00    0.00    0.00

08:48:14 PM  CPU    %usr   %nice    %sys %iowait    %irq   %soft  %steal  %guest  %gnice   %idle
08:48:15 PM    0    9.18    0.00   14.29    0.00    0.00   76.53    0.00    0.00    0.00    0.00

08:48:15 PM  CPU    %usr   %nice    %sys %iowait    %irq   %soft  %steal  %guest  %gnice   %idle
08:48:16 PM    0    9.00    0.00   14.00    0.00    0.00   77.00    0.00    0.00    0.00    0.00

08:48:16 PM  CPU    %usr   %nice    %sys %iowait    %irq   %soft  %steal  %guest  %gnice   %idle
08:48:17 PM    0    8.91    0.00   13.86    0.00    0.00   76.24    0.00    0.00    0.00    0.99

08:48:17 PM  CPU    %usr   %nice    %sys %iowait    %irq   %soft  %steal  %guest  %gnice   %idle
08:48:18 PM    0    8.08    0.00   15.15    0.00    0.00   76.77    0.00    0.00    0.00    0.00

08:48:18 PM  CPU    %usr   %nice    %sys %iowait    %irq   %soft  %steal  %guest  %gnice   %idle
08:48:19 PM    0   11.00    0.00   17.00    0.00    0.00   72.00    0.00    0.00    0.00    0.00

08:48:19 PM  CPU    %usr   %nice    %sys %iowait    %irq   %soft  %steal  %guest  %gnice   %idle
08:48:20 PM    0    8.08    0.00   14.14    0.00    0.00   77.78    0.00    0.00    0.00    0.00

08:48:20 PM  CPU    %usr   %nice    %sys %iowait    %irq   %soft  %steal  %guest  %gnice   %idle
08:48:21 PM    0    9.09    0.00   14.14    0.00    0.00   76.77    0.00    0.00    0.00    0.00

08:48:21 PM  CPU    %usr   %nice    %sys %iowait    %irq   %soft  %steal  %guest  %gnice   %idle
08:48:22 PM    0   10.10    0.00   14.14    0.00    0.00   74.75    0.00    0.00    0.00    1.01

08:48:22 PM  CPU    %usr   %nice    %sys %iowait    %irq   %soft  %steal  %guest  %gnice   %idle
08:48:23 PM    0    9.00    0.00   17.00    0.00    0.00   74.00    0.00    0.00    0.00    0.00

08:48:23 PM  CPU    %usr   %nice    %sys %iowait    %irq   %soft  %steal  %guest  %gnice   %idle
08:48:24 PM    0   10.00    0.00   18.00    0.00    0.00   72.00    0.00    0.00    0.00    0.00

08:48:24 PM  CPU    %usr   %nice    %sys %iowait    %irq   %soft  %steal  %guest  %gnice   %idle
08:48:25 PM    0    8.08    0.00   15.15    0.00    0.00   75.76    0.00    0.00    0.00    1.01

08:48:25 PM  CPU    %usr   %nice    %sys %iowait    %irq   %soft  %steal  %guest  %gnice   %idle
08:48:26 PM    0   15.12    0.00   29.07    0.00    0.00   54.65    0.00    0.00    0.00    1.16

08:48:26 PM  CPU    %usr   %nice    %sys %iowait    %irq   %soft  %steal  %guest  %gnice   %idle
08:48:27 PM    0   12.24    0.00   23.47    0.00    0.00   63.27    0.00    0.00    0.00    1.02

08:48:27 PM  CPU    %usr   %nice    %sys %iowait    %irq   %soft  %steal  %guest  %gnice   %idle
08:48:28 PM    0    9.18    0.00   15.31    0.00    0.00   75.51    0.00    0.00    0.00    0.00

08:48:28 PM  CPU    %usr   %nice    %sys %iowait    %irq   %soft  %steal  %guest  %gnice   %idle
08:48:29 PM    0    9.00    0.00   15.00    0.00    0.00   76.00    0.00    0.00    0.00    0.00

08:48:29 PM  CPU    %usr   %nice    %sys %iowait    %irq   %soft  %steal  %guest  %gnice   %idle
08:48:30 PM    0    7.07    0.00   15.15    0.00    0.00   77.78    0.00    0.00    0.00    0.00

08:48:30 PM  CPU    %usr   %nice    %sys %iowait    %irq   %soft  %steal  %guest  %gnice   %idle
08:48:31 PM    0   12.37    0.00   18.56    0.00    0.00   65.98    0.00    0.00    0.00    3.09

08:48:31 PM  CPU    %usr   %nice    %sys %iowait    %irq   %soft  %steal  %guest  %gnice   %idle
08:48:32 PM    0    8.25    0.00   14.43    0.00    0.00   77.32    0.00    0.00    0.00    0.00

08:48:32 PM  CPU    %usr   %nice    %sys %iowait    %irq   %soft  %steal  %guest  %gnice   %idle
08:48:33 PM    0   10.20    0.00   16.33    0.00    0.00   72.45    0.00    0.00    0.00    1.02

08:48:33 PM  CPU    %usr   %nice    %sys %iowait    %irq   %soft  %steal  %guest  %gnice   %idle
08:48:34 PM    0    8.16    0.00   13.27    0.00    0.00   77.55    0.00    0.00    0.00    1.02

08:48:34 PM  CPU    %usr   %nice    %sys %iowait    %irq   %soft  %steal  %guest  %gnice   %idle
08:48:35 PM    0    8.08    0.00   14.14    0.00    0.00   76.77    0.00    0.00    0.00    1.01

08:48:35 PM  CPU    %usr   %nice    %sys %iowait    %irq   %soft  %steal  %guest  %gnice   %idle
08:48:36 PM    0    9.18    0.00   12.24    0.00    0.00   78.57    0.00    0.00    0.00    0.00

08:48:36 PM  CPU    %usr   %nice    %sys %iowait    %irq   %soft  %steal  %guest  %gnice   %idle
08:48:37 PM    0    8.08    0.00   15.15    0.00    0.00   75.76    0.00    0.00    0.00    1.01

08:48:37 PM  CPU    %usr   %nice    %sys %iowait    %irq   %soft  %steal  %guest  %gnice   %idle
08:48:38 PM    0    9.09    0.00   13.13    0.00    0.00   77.78    0.00    0.00    0.00    0.00

08:48:38 PM  CPU    %usr   %nice    %sys %iowait    %irq   %soft  %steal  %guest  %gnice   %idle
08:48:39 PM    0    9.18    0.00   13.27    0.00    0.00   76.53    0.00    0.00    0.00    1.02

08:48:39 PM  CPU    %usr   %nice    %sys %iowait    %irq   %soft  %steal  %guest  %gnice   %idle
08:48:40 PM    0    8.16    0.00   12.24    0.00    0.00   79.59    0.00    0.00    0.00    0.00

08:48:40 PM  CPU    %usr   %nice    %sys %iowait    %irq   %soft  %steal  %guest  %gnice   %idle
08:48:41 PM    0    8.08    0.00   14.14    0.00    0.00   76.77    0.00    0.00    0.00    1.01

08:48:41 PM  CPU    %usr   %nice    %sys %iowait    %irq   %soft  %steal  %guest  %gnice   %idle
08:48:42 PM    0   10.10    0.00   13.13    0.00    0.00   75.76    0.00    0.00    0.00    1.01

08:48:42 PM  CPU    %usr   %nice    %sys %iowait    %irq   %soft  %steal  %guest  %gnice   %idle
08:48:43 PM    0    7.29    0.00   14.58    0.00    0.00   78.12    0.00    0.00    0.00    0.00

08:48:43 PM  CPU    %usr   %nice    %sys %iowait    %irq   %soft  %steal  %guest  %gnice   %idle
08:48:44 PM    0    8.00    0.00   13.00    0.00    0.00   78.00    0.00    0.00    0.00    1.00

08:48:44 PM  CPU    %usr   %nice    %sys %iowait    %irq   %soft  %steal  %guest  %gnice   %idle
08:48:45 PM    0   10.31    0.00   15.46    0.00    0.00   73.20    0.00    0.00    0.00    1.03

08:48:45 PM  CPU    %usr   %nice    %sys %iowait    %irq   %soft  %steal  %guest  %gnice   %idle
08:48:46 PM    0    8.08    0.00   16.16    0.00    0.00   74.75    0.00    0.00    0.00    1.01

08:48:46 PM  CPU    %usr   %nice    %sys %iowait    %irq   %soft  %steal  %guest  %gnice   %idle
08:48:47 PM    0    8.16    0.00   13.27    0.00    0.00   78.57    0.00    0.00    0.00    0.00

08:48:47 PM  CPU    %usr   %nice    %sys %iowait    %irq   %soft  %steal  %guest  %gnice   %idle
08:48:48 PM    0    7.07    0.00   13.13    0.00    0.00   78.79    0.00    0.00    0.00    1.01

08:48:48 PM  CPU    %usr   %nice    %sys %iowait    %irq   %soft  %steal  %guest  %gnice   %idle
08:48:49 PM    0    8.08    0.00   15.15    0.00    0.00   76.77    0.00    0.00    0.00    0.00

08:48:49 PM  CPU    %usr   %nice    %sys %iowait    %irq   %soft  %steal  %guest  %gnice   %idle
08:48:50 PM    0    8.25    0.00   13.40    0.00    0.00   77.32    0.00    0.00    0.00    1.03

08:48:50 PM  CPU    %usr   %nice    %sys %iowait    %irq   %soft  %steal  %guest  %gnice   %idle
08:48:51 PM    0    7.22    0.00   14.43    0.00    0.00   78.35    0.00    0.00    0.00    0.00

08:48:51 PM  CPU    %usr   %nice    %sys %iowait    %irq   %soft  %steal  %guest  %gnice   %idle
08:48:52 PM    0    8.00    0.00   13.00    0.00    0.00   78.00    0.00    0.00    0.00    1.00

08:48:52 PM  CPU    %usr   %nice    %sys %iowait    %irq   %soft  %steal  %guest  %gnice   %idle
08:48:53 PM    0    8.25    0.00   15.46    0.00    0.00   74.23    0.00    0.00    0.00    2.06

08:48:53 PM  CPU    %usr   %nice    %sys %iowait    %irq   %soft  %steal  %guest  %gnice   %idle
08:48:54 PM    0    8.25    0.00   12.37    0.00    0.00   79.38    0.00    0.00    0.00    0.00

08:48:54 PM  CPU    %usr   %nice    %sys %iowait    %irq   %soft  %steal  %guest  %gnice   %idle
08:48:55 PM    0   10.10    0.00   13.13    0.00    0.00   75.76    0.00    0.00    0.00    1.01

08:48:55 PM  CPU    %usr   %nice    %sys %iowait    %irq   %soft  %steal  %guest  %gnice   %idle
08:48:56 PM    0   10.20    0.00   15.31    0.00    0.00   70.41    0.00    0.00    0.00    4.08

08:48:56 PM  CPU    %usr   %nice    %sys %iowait    %irq   %soft  %steal  %guest  %gnice   %idle
08:48:57 PM    0    8.16    0.00   14.29    0.00    0.00   77.55    0.00    0.00    0.00    0.00

08:48:57 PM  CPU    %usr   %nice    %sys %iowait    %irq   %soft  %steal  %guest  %gnice   %idle
08:48:58 PM    0    9.09    0.00   12.12    0.00    0.00   77.78    0.00    0.00    0.00    1.01

08:48:58 PM  CPU    %usr   %nice    %sys %iowait    %irq   %soft  %steal  %guest  %gnice   %idle
08:48:59 PM    0    8.16    0.00   13.27    0.00    0.00   78.57    0.00    0.00    0.00    0.00

08:48:59 PM  CPU    %usr   %nice    %sys %iowait    %irq   %soft  %steal  %guest  %gnice   %idle
08:49:00 PM    0   10.00    0.00   16.00    0.00    0.00   73.00    0.00    0.00    0.00    1.00

08:49:00 PM  CPU    %usr   %nice    %sys %iowait    %irq   %soft  %steal  %guest  %gnice   %idle
08:49:01 PM    0    9.09    0.00   14.14    0.00    0.00   76.77    0.00    0.00    0.00    0.00

08:49:01 PM  CPU    %usr   %nice    %sys %iowait    %irq   %soft  %steal  %guest  %gnice   %idle
08:49:02 PM    0    9.00    0.00   14.00    0.00    0.00   76.00    0.00    0.00    0.00    1.00
