Linux 6.14.0-36-generic (Ubuntu) 	11/24/2025 	_aarch64_	(5 CPU)

08:43:56 PM  CPU    %usr   %nice    %sys %iowait    %irq   %soft  %steal  %guest  %gnice   %idle
08:43:57 PM    0    7.45    0.00    4.26    0.00    0.00    0.00    0.00    0.00    0.00   88.30

08:43:57 PM  CPU    %usr   %nice    %sys %iowait    %irq   %soft  %steal  %guest  %gnice   %idle
08:43:58 PM    0   11.49    0.00   20.69    0.00    0.00   60.92    0.00    0.00    0.00    6.90

08:43:58 PM  CPU    %usr   %nice    %sys %iowait    %irq   %soft  %steal  %guest  %gnice   %idle
08:43:59 PM    0    5.43    0.00   17.39    0.00    0.00   73.91    0.00    0.00    0.00    3.26

08:43:59 PM  CPU    %usr   %nice    %sys %iowait    %irq   %soft  %steal  %guest  %gnice   %idle
08:44:00 PM    0    7.37    0.00   14.74    0.00    0.00   73.68    0.00    0.00    0.00    4.21

08:44:00 PM  CPU    %usr   %nice    %sys %iowait    %irq   %soft  %steal  %guest  %gnice   %idle
08:44:01 PM    0    6.45    0.00   18.28    0.00    0.00   70.97    0.00    0.00    0.00    4.30

08:44:01 PM  CPU    %usr   %nice    %sys %iowait    %irq   %soft  %steal  %guest  %gnice   %idle
08:44:02 PM    0    6.59    0.00   17.58    0.00    0.00   69.23    0.00    0.00    0.00    6.59

08:44:02 PM  CPU    %usr   %nice    %sys %iowait    %irq   %soft  %steal  %guest  %gnice   %idle
08:44:03 PM    0    5.56    0.00   16.67    0.00    0.00   74.44    0.00    0.00    0.00    3.33

08:44:03 PM  CPU    %usr   %nice    %sys %iowait    %irq   %soft  %steal  %guest  %gnice   %idle
08:44:04 PM    0    6.45    0.00   18.28    0.00    0.00   70.97    0.00    0.00    0.00    4.30

08:44:04 PM  CPU    %usr   %nice    %sys %iowait    %irq   %soft  %steal  %guest  %gnice   %idle
08:44:05 PM    0    7.53    0.00   15.05    0.00    0.00   75.27    0.00    0.00    0.00    2.15

08:44:05 PM  CPU    %usr   %nice    %sys %iowait    %irq   %soft  %steal  %guest  %gnice   %idle
08:44:06 PM    0    7.37    0.00   15.79    0.00    0.00   73.68    0.00    0.00    0.00    3.16

08:44:06 PM  CPU    %usr   %nice    %sys %iowait    %irq   %soft  %steal  %guest  %gnice   %idle
08:44:07 PM    0    7.37    0.00   15.79    0.00    0.00   73.68    0.00    0.00    0.00    3.16

08:44:07 PM  CPU    %usr   %nice    %sys %iowait    %irq   %soft  %steal  %guest  %gnice   %idle
08:44:08 PM    0    7.45    0.00   17.02    0.00    0.00   73.40    0.00    0.00    0.00    2.13

08:44:08 PM  CPU    %usr   %nice    %sys %iowait    %irq   %soft  %steal  %guest  %gnice   %idle
08:44:09 PM    0    6.38    0.00   15.96    0.00    0.00   73.40    0.00    0.00    0.00    4.26

08:44:09 PM  CPU    %usr   %nice    %sys %iowait    %irq   %soft  %steal  %guest  %gnice   %idle
08:44:10 PM    0    7.45    0.00   17.02    0.00    0.00   72.34    0.00    0.00    0.00    3.19

08:44:10 PM  CPU    %usr   %nice    %sys %iowait    %irq   %soft  %steal  %guest  %gnice   %idle
08:44:11 PM    0    7.61    0.00   15.22    0.00    0.00   73.91    0.00    0.00    0.00    3.26

08:44:11 PM  CPU    %usr   %nice    %sys %iowait    %irq   %soft  %steal  %guest  %gnice   %idle
08:44:12 PM    0    4.30    0.00   16.13    0.00    0.00   76.34    0.00    0.00    0.00    3.23

08:44:12 PM  CPU    %usr   %nice    %sys %iowait    %irq   %soft  %steal  %guest  %gnice   %idle
08:44:13 PM    0    7.37    0.00   13.68    0.00    0.00   75.79    0.00    0.00    0.00    3.16

08:44:13 PM  CPU    %usr   %nice    %sys %iowait    %irq   %soft  %steal  %guest  %gnice   %idle
08:44:14 PM    0    7.53    0.00   18.28    0.00    0.00   70.97    0.00    0.00    0.00    3.23

08:44:14 PM  CPU    %usr   %nice    %sys %iowait    %irq   %soft  %steal  %guest  %gnice   %idle
08:44:15 PM    0    6.59    0.00   16.48    0.00    0.00   73.63    0.00    0.00    0.00    3.30

08:44:15 PM  CPU    %usr   %nice    %sys %iowait    %irq   %soft  %steal  %guest  %gnice   %idle
08:44:16 PM    0    8.42    0.00   17.89    0.00    0.00   69.47    0.00    0.00    0.00    4.21

08:44:16 PM  CPU    %usr   %nice    %sys %iowait    %irq   %soft  %steal  %guest  %gnice   %idle
08:44:17 PM    0    6.32    0.00   15.79    0.00    0.00   74.74    0.00    0.00    0.00    3.16

08:44:17 PM  CPU    %usr   %nice    %sys %iowait    %irq   %soft  %steal  %guest  %gnice   %idle
08:44:18 PM    0    6.45    0.00   15.05    0.00    0.00   76.34    0.00    0.00    0.00    2.15

08:44:18 PM  CPU    %usr   %nice    %sys %iowait    %irq   %soft  %steal  %guest  %gnice   %idle
08:44:19 PM    0    7.45    0.00   15.96    0.00    0.00   73.40    0.00    0.00    0.00    3.19

08:44:19 PM  CPU    %usr   %nice    %sys %iowait    %irq   %soft  %steal  %guest  %gnice   %idle
08:44:20 PM    0    6.32    0.00   16.84    0.00    0.00   73.68    0.00    0.00    0.00    3.16

08:44:20 PM  CPU    %usr   %nice    %sys %iowait    %irq   %soft  %steal  %guest  %gnice   %idle
08:44:21 PM    0    7.37    0.00   15.79    0.00    0.00   74.74    0.00    0.00    0.00    2.11

08:44:21 PM  CPU    %usr   %nice    %sys %iowait    %irq   %soft  %steal  %guest  %gnice   %idle
08:44:22 PM    0    7.37    0.00   14.74    0.00    0.00   73.68    0.00    0.00    0.00    4.21

08:44:22 PM  CPU    %usr   %nice    %sys %iowait    %irq   %soft  %steal  %guest  %gnice   %idle
08:44:23 PM    0    5.38    0.00   18.28    0.00    0.00   74.19    0.00    0.00    0.00    2.15

08:44:23 PM  CPU    %usr   %nice    %sys %iowait    %irq   %soft  %steal  %guest  %gnice   %idle
08:44:24 PM    0    6.38    0.00   14.89    0.00    0.00   75.53    0.00    0.00    0.00    3.19

08:44:24 PM  CPU    %usr   %nice    %sys %iowait    %irq   %soft  %steal  %guest  %gnice   %idle
08:44:25 PM    0    7.37    0.00   13.68    0.00    0.00   75.79    0.00    0.00    0.00    3.16

08:44:25 PM  CPU    %usr   %nice    %sys %iowait    %irq   %soft  %steal  %guest  %gnice   %idle
08:44:26 PM    0    7.61    0.00   14.13    0.00    0.00   75.00    0.00    0.00    0.00    3.26

08:44:26 PM  CPU    %usr   %nice    %sys %iowait    %irq   %soft  %steal  %guest  %gnice   %idle
08:44:27 PM    0    6.45    0.00   15.05    0.00    0.00   75.27    0.00    0.00    0.00    3.23

08:44:27 PM  CPU    %usr   %nice    %sys %iowait    %irq   %soft  %steal  %guest  %gnice   %idle
08:44:28 PM    0    7.53    0.00   15.05    0.00    0.00   74.19    0.00    0.00    0.00    3.23

08:44:28 PM  CPU    %usr   %nice    %sys %iowait    %irq   %soft  %steal  %guest  %gnice   %idle
08:44:29 PM    0    8.60    0.00   15.05    0.00    0.00   73.12    0.00    0.00    0.00    3.23

08:44:29 PM  CPU    %usr   %nice    %sys %iowait    %irq   %soft  %steal  %guest  %gnice   %idle
08:44:30 PM    0    7.37    0.00   14.74    0.00    0.00   74.74    0.00    0.00    0.00    3.16

08:44:30 PM  CPU    %usr   %nice    %sys %iowait    %irq   %soft  %steal  %guest  %gnice   %idle
08:44:31 PM    0    7.61    0.00   15.22    0.00    0.00   75.00    0.00    0.00    0.00    2.17

08:44:31 PM  CPU    %usr   %nice    %sys %iowait    %irq   %soft  %steal  %guest  %gnice   %idle
08:44:32 PM    0    6.52    0.00   16.30    0.00    0.00   73.91    0.00    0.00    0.00    3.26

08:44:32 PM  CPU    %usr   %nice    %sys %iowait    %irq   %soft  %steal  %guest  %gnice   %idle
08:44:33 PM    0    6.32    0.00   14.74    0.00    0.00   75.79    0.00    0.00    0.00    3.16

08:44:33 PM  CPU    %usr   %nice    %sys %iowait    %irq   %soft  %steal  %guest  %gnice   %idle
08:44:34 PM    0    7.37    0.00   15.79    0.00    0.00   73.68    0.00    0.00    0.00    3.16

08:44:34 PM  CPU    %usr   %nice    %sys %iowait    %irq   %soft  %steal  %guest  %gnice   %idle
08:44:35 PM    0    7.45    0.00   14.89    0.00    0.00   74.47    0.00    0.00    0.00    3.19

08:44:35 PM  CPU    %usr   %nice    %sys %iowait    %irq   %soft  %steal  %guest  %gnice   %idle
08:44:36 PM    0    5.49    0.00   17.58    0.00    0.00   74.73    0.00    0.00    0.00    2.20

08:44:36 PM  CPU    %usr   %nice    %sys %iowait    %irq   %soft  %steal  %guest  %gnice   %idle
08:44:37 PM    0    6.32    0.00   14.74    0.00    0.00   74.74    0.00    0.00    0.00    4.21

08:44:37 PM  CPU    %usr   %nice    %sys %iowait    %irq   %soft  %steal  %guest  %gnice   %idle
08:44:38 PM    0    5.38    0.00   17.20    0.00    0.00   75.27    0.00    0.00    0.00    2.15

08:44:38 PM  CPU    %usr   %nice    %sys %iowait    %irq   %soft  %steal  %guest  %gnice   %idle
08:44:39 PM    0    7.45    0.00   15.96    0.00    0.00   73.40    0.00    0.00    0.00    3.19

08:44:39 PM  CPU    %usr   %nice    %sys %iowait    %irq   %soft  %steal  %guest  %gnice   %idle
08:44:40 PM    0    5.32    0.00   15.96    0.00    0.00   75.53    0.00    0.00    0.00    3.19

08:44:40 PM  CPU    %usr   %nice    %sys %iowait    %irq   %soft  %steal  %guest  %gnice   %idle
08:44:41 PM    0    5.21    0.00   14.58    0.00    0.00   77.08    0.00    0.00    0.00    3.12

08:44:41 PM  CPU    %usr   %nice    %sys %iowait    %irq   %soft  %steal  %guest  %gnice   %idle
08:44:42 PM    0    7.45    0.00   14.89    0.00    0.00   74.47    0.00    0.00    0.00    3.19

08:44:42 PM  CPU    %usr   %nice    %sys %iowait    %irq   %soft  %steal  %guest  %gnice   %idle
08:44:43 PM    0    6.38    0.00   15.96    0.00    0.00   74.47    0.00    0.00    0.00    3.19

08:44:43 PM  CPU    %usr   %nice    %sys %iowait    %irq   %soft  %steal  %guest  %gnice   %idle
08:44:44 PM    0    5.49    0.00   15.38    0.00    0.00   74.73    0.00    0.00    0.00    4.40

08:44:44 PM  CPU    %usr   %nice    %sys %iowait    %irq   %soft  %steal  %guest  %gnice   %idle
08:44:45 PM    0    7.45    0.00   15.96    0.00    0.00   73.40    0.00    0.00    0.00    3.19

08:44:45 PM  CPU    %usr   %nice    %sys %iowait    %irq   %soft  %steal  %guest  %gnice   %idle
08:44:46 PM    0    9.57    0.00   14.89    0.00    0.00   72.34    0.00    0.00    0.00    3.19

08:44:46 PM  CPU    %usr   %nice    %sys %iowait    %irq   %soft  %steal  %guest  %gnice   %idle
08:44:47 PM    0    6.32    0.00   16.84    0.00    0.00   73.68    0.00    0.00    0.00    3.16

08:44:47 PM  CPU    %usr   %nice    %sys %iowait    %irq   %soft  %steal  %guest  %gnice   %idle
08:44:48 PM    0    4.30    0.00   16.13    0.00    0.00   76.34    0.00    0.00    0.00    3.23

08:44:48 PM  CPU    %usr   %nice    %sys %iowait    %irq   %soft  %steal  %guest  %gnice   %idle
08:44:49 PM    0    7.45    0.00   13.83    0.00    0.00   76.60    0.00    0.00    0.00    2.13

08:44:49 PM  CPU    %usr   %nice    %sys %iowait    %irq   %soft  %steal  %guest  %gnice   %idle
08:44:50 PM    0    6.45    0.00   16.13    0.00    0.00   74.19    0.00    0.00    0.00    3.23

08:44:50 PM  CPU    %usr   %nice    %sys %iowait    %irq   %soft  %steal  %guest  %gnice   %idle
08:44:51 PM    0    7.45    0.00   14.89    0.00    0.00   74.47    0.00    0.00    0.00    3.19

08:44:51 PM  CPU    %usr   %nice    %sys %iowait    %irq   %soft  %steal  %guest  %gnice   %idle
08:44:52 PM    0    7.45    0.00   14.89    0.00    0.00   74.47    0.00    0.00    0.00    3.19

08:44:52 PM  CPU    %usr   %nice    %sys %iowait    %irq   %soft  %steal  %guest  %gnice   %idle
08:44:53 PM    0    6.32    0.00   16.84    0.00    0.00   74.74    0.00    0.00    0.00    2.11

08:44:53 PM  CPU    %usr   %nice    %sys %iowait    %irq   %soft  %steal  %guest  %gnice   %idle
08:44:54 PM    0    6.45    0.00   15.05    0.00    0.00   75.27    0.00    0.00    0.00    3.23

08:44:54 PM  CPU    %usr   %nice    %sys %iowait    %irq   %soft  %steal  %guest  %gnice   %idle
08:44:55 PM    0    5.32    0.00   17.02    0.00    0.00   74.47    0.00    0.00    0.00    3.19

08:44:55 PM  CPU    %usr   %nice    %sys %iowait    %irq   %soft  %steal  %guest  %gnice   %idle
08:44:56 PM    0    6.38    0.00   17.02    0.00    0.00   73.40    0.00    0.00    0.00    3.19
