Linux 6.14.0-36-generic (Ubuntu) 	11/24/2025 	_aarch64_	(5 CPU)

08:49:03 PM  CPU    %usr   %nice    %sys %iowait    %irq   %soft  %steal  %guest  %gnice   %idle
08:49:04 PM    0    6.25    0.00    3.12    0.00    0.00    1.04    0.00    0.00    0.00   89.58

08:49:04 PM  CPU    %usr   %nice    %sys %iowait    %irq   %soft  %steal  %guest  %gnice   %idle
08:49:05 PM    0   12.12    0.00   15.15    0.00    0.00   71.72    0.00    0.00    0.00    1.01

08:49:05 PM  CPU    %usr   %nice    %sys %iowait    %irq   %soft  %steal  %guest  %gnice   %idle
08:49:06 PM    0    8.00    0.00   16.00    0.00    0.00   76.00    0.00    0.00    0.00    0.00

08:49:06 PM  CPU    %usr   %nice    %sys %iowait    %irq   %soft  %steal  %guest  %gnice   %idle
08:49:07 PM    0    9.18    0.00   14.29    0.00    0.00   76.53    0.00    0.00    0.00    0.00

08:49:07 PM  CPU    %usr   %nice    %sys %iowait    %irq   %soft  %steal  %guest  %gnice   %idle
08:49:08 PM    0    9.09    0.00   12.12    0.00    0.00   77.78    0.00    0.00    0.00    1.01

08:49:08 PM  CPU    %usr   %nice    %sys %iowait    %irq   %soft  %steal  %guest  %gnice   %idle
08:49:09 PM    0   11.11    0.00   13.13    0.00    0.00   75.76    0.00    0.00    0.00    0.00

08:49:09 PM  CPU    %usr   %nice    %sys %iowait    %irq   %soft  %steal  %guest  %gnice   %idle
08:49:10 PM    0    8.16    0.00   15.31    0.00    0.00   76.53    0.00    0.00    0.00    0.00

08:49:10 PM  CPU    %usr   %nice    %sys %iowait    %irq   %soft  %steal  %guest  %gnice   %idle
08:49:11 PM    0    9.90    0.00   12.87    0.00    0.00   76.24    0.00    0.00    0.00    0.99

08:49:11 PM  CPU    %usr   %nice    %sys %iowait    %irq   %soft  %steal  %guest  %gnice   %idle
08:49:12 PM    0    8.08    0.00   15.15    0.00    0.00   76.77    0.00    0.00    0.00    0.00

08:49:12 PM  CPU    %usr   %nice    %sys %iowait    %irq   %soft  %steal  %guest  %gnice   %idle
08:49:13 PM    0   10.20    0.00   12.24    0.00    0.00   77.55    0.00    0.00    0.00    0.00

08:49:13 PM  CPU    %usr   %nice    %sys %iowait    %irq   %soft  %steal  %guest  %gnice   %idle
08:49:14 PM    0    9.68    0.00   15.05    0.00    0.00   73.12    0.00    0.00    0.00    2.15

08:49:14 PM  CPU    %usr   %nice    %sys %iowait    %irq   %soft  %steal  %guest  %gnice   %idle
08:49:15 PM    0   11.34    0.00   15.46    0.00    0.00   71.13    0.00    0.00    0.00    2.06

08:49:15 PM  CPU    %usr   %nice    %sys %iowait    %irq   %soft  %steal  %guest  %gnice   %idle
08:49:16 PM    0   10.10    0.00   14.14    0.00    0.00   74.75    0.00    0.00    0.00    1.01

08:49:16 PM  CPU    %usr   %nice    %sys %iowait    %irq   %soft  %steal  %guest  %gnice   %idle
08:49:17 PM    0    8.00    0.00   17.00    0.00    0.00   75.00    0.00    0.00    0.00    0.00

08:49:17 PM  CPU    %usr   %nice    %sys %iowait    %irq   %soft  %steal  %guest  %gnice   %idle
08:49:18 PM    0    9.18    0.00   12.24    0.00    0.00   78.57    0.00    0.00    0.00    0.00

08:49:18 PM  CPU    %usr   %nice    %sys %iowait    %irq   %soft  %steal  %guest  %gnice   %idle
08:49:19 PM    0   10.00    0.00   14.00    0.00    0.00   75.00    0.00    0.00    0.00    1.00

08:49:19 PM  CPU    %usr   %nice    %sys %iowait    %irq   %soft  %steal  %guest  %gnice   %idle
08:49:20 PM    0    8.16    0.00   15.31    0.00    0.00   76.53    0.00    0.00    0.00    0.00

08:49:20 PM  CPU    %usr   %nice    %sys %iowait    %irq   %soft  %steal  %guest  %gnice   %idle
08:49:21 PM    0   10.10    0.00   13.13    0.00    0.00   76.77    0.00    0.00    0.00    0.00

08:49:21 PM  CPU    %usr   %nice    %sys %iowait    %irq   %soft  %steal  %guest  %gnice   %idle
08:49:22 PM    0   10.10    0.00   13.13    0.00    0.00   75.76    0.00    0.00    0.00    1.01

08:49:22 PM  CPU    %usr   %nice    %sys %iowait    %irq   %soft  %steal  %guest  %gnice   %idle
08:49:23 PM    0    8.00    0.00   14.00    0.00    0.00   78.00    0.00    0.00    0.00    0.00

08:49:23 PM  CPU    %usr   %nice    %sys %iowait    %irq   %soft  %steal  %guest  %gnice   %idle
08:49:24 PM    0    8.08    0.00   15.15    0.00    0.00   75.76    0.00    0.00    0.00    1.01

08:49:24 PM  CPU    %usr   %nice    %sys %iowait    %irq   %soft  %steal  %guest  %gnice   %idle
08:49:25 PM    0    8.16    0.00   14.29    0.00    0.00   77.55    0.00    0.00    0.00    0.00

08:49:25 PM  CPU    %usr   %nice    %sys %iowait    %irq   %soft  %steal  %guest  %gnice   %idle
08:49:26 PM    0    9.00    0.00   15.00    0.00    0.00   76.00    0.00    0.00    0.00    0.00

08:49:26 PM  CPU    %usr   %nice    %sys %iowait    %irq   %soft  %steal  %guest  %gnice   %idle
08:49:27 PM    0    8.00    0.00   14.00    0.00    0.00   77.00    0.00    0.00    0.00    1.00

08:49:27 PM  CPU    %usr   %nice    %sys %iowait    %irq   %soft  %steal  %guest  %gnice   %idle
08:49:28 PM    0    9.09    0.00   14.14    0.00    0.00   76.77    0.00    0.00    0.00    0.00

08:49:28 PM  CPU    %usr   %nice    %sys %iowait    %irq   %soft  %steal  %guest  %gnice   %idle
08:49:29 PM    0    7.07    0.00   16.16    0.00    0.00   75.76    0.00    0.00    0.00    1.01

08:49:29 PM  CPU    %usr   %nice    %sys %iowait    %irq   %soft  %steal  %guest  %gnice   %idle
08:49:30 PM    0    9.09    0.00   12.12    0.00    0.00   78.79    0.00    0.00    0.00    0.00

08:49:30 PM  CPU    %usr   %nice    %sys %iowait    %irq   %soft  %steal  %guest  %gnice   %idle
08:49:31 PM    0   10.10    0.00   13.13    0.00    0.00   76.77    0.00    0.00    0.00    0.00

08:49:31 PM  CPU    %usr   %nice    %sys %iowait    %irq   %soft  %steal  %guest  %gnice   %idle
08:49:32 PM    0    8.08    0.00   14.14    0.00    0.00   77.78    0.00    0.00    0.00    0.00

08:49:32 PM  CPU    %usr   %nice    %sys %iowait    %irq   %soft  %steal  %guest  %gnice   %idle
08:49:33 PM    0    8.00    0.00   15.00    0.00    0.00   76.00    0.00    0.00    0.00    1.00

08:49:33 PM  CPU    %usr   %nice    %sys %iowait    %irq   %soft  %steal  %guest  %gnice   %idle
08:49:34 PM    0    9.09    0.00   14.14    0.00    0.00   76.77    0.00    0.00    0.00    0.00

08:49:34 PM  CPU    %usr   %nice    %sys %iowait    %irq   %soft  %steal  %guest  %gnice   %idle
08:49:35 PM    0   10.10    0.00   13.13    0.00    0.00   75.76    0.00    0.00    0.00    1.01

08:49:35 PM  CPU    %usr   %nice    %sys %iowait    %irq   %soft  %steal  %guest  %gnice   %idle
08:49:36 PM    0    9.00    0.00   14.00    0.00    0.00   77.00    0.00    0.00    0.00    0.00

08:49:36 PM  CPU    %usr   %nice    %sys %iowait    %irq   %soft  %steal  %guest  %gnice   %idle
08:49:37 PM    0    9.18    0.00   14.29    0.00    0.00   76.53    0.00    0.00    0.00    0.00

08:49:37 PM  CPU    %usr   %nice    %sys %iowait    %irq   %soft  %steal  %guest  %gnice   %idle
08:49:38 PM    0    8.91    0.00   13.86    0.00    0.00   76.24    0.00    0.00    0.00    0.99

08:49:38 PM  CPU    %usr   %nice    %sys %iowait    %irq   %soft  %steal  %guest  %gnice   %idle
08:49:39 PM    0   10.20    0.00   12.24    0.00    0.00   77.55    0.00    0.00    0.00    0.00

08:49:39 PM  CPU    %usr   %nice    %sys %iowait    %irq   %soft  %steal  %guest  %gnice   %idle
08:49:40 PM    0   11.34    0.00   15.46    0.00    0.00   71.13    0.00    0.00    0.00    2.06

08:49:40 PM  CPU    %usr   %nice    %sys %iowait    %irq   %soft  %steal  %guest  %gnice   %idle
08:49:41 PM    0    7.92    0.00   16.83    0.00    0.00   74.26    0.00    0.00    0.00    0.99

08:49:41 PM  CPU    %usr   %nice    %sys %iowait    %irq   %soft  %steal  %guest  %gnice   %idle
08:49:42 PM    0    9.18    0.00   15.31    0.00    0.00   75.51    0.00    0.00    0.00    0.00

08:49:42 PM  CPU    %usr   %nice    %sys %iowait    %irq   %soft  %steal  %guest  %gnice   %idle
08:49:43 PM    0   10.31    0.00   17.53    0.00    0.00   71.13    0.00    0.00    0.00    1.03

08:49:43 PM  CPU    %usr   %nice    %sys %iowait    %irq   %soft  %steal  %guest  %gnice   %idle
08:49:44 PM    0    7.92    0.00   16.83    0.00    0.00   74.26    0.00    0.00    0.00    0.99

08:49:44 PM  CPU    %usr   %nice    %sys %iowait    %irq   %soft  %steal  %guest  %gnice   %idle
08:49:45 PM    0    8.16    0.00   13.27    0.00    0.00   78.57    0.00    0.00    0.00    0.00

08:49:45 PM  CPU    %usr   %nice    %sys %iowait    %irq   %soft  %steal  %guest  %gnice   %idle
08:49:46 PM    0    9.09    0.00   13.13    0.00    0.00   76.77    0.00    0.00    0.00    1.01

08:49:46 PM  CPU    %usr   %nice    %sys %iowait    %irq   %soft  %steal  %guest  %gnice   %idle
08:49:47 PM    0    9.09    0.00   13.13    0.00    0.00   77.78    0.00    0.00    0.00    0.00

08:49:47 PM  CPU    %usr   %nice    %sys %iowait    %irq   %soft  %steal  %guest  %gnice   %idle
08:49:48 PM    0    9.18    0.00   15.31    0.00    0.00   75.51    0.00    0.00    0.00    0.00

08:49:48 PM  CPU    %usr   %nice    %sys %iowait    %irq   %soft  %steal  %guest  %gnice   %idle
08:49:49 PM    0    9.00    0.00   15.00    0.00    0.00   76.00    0.00    0.00    0.00    0.00

08:49:49 PM  CPU    %usr   %nice    %sys %iowait    %irq   %soft  %steal  %guest  %gnice   %idle
08:49:50 PM    0    9.09    0.00   16.16    0.00    0.00   73.74    0.00    0.00    0.00    1.01

08:49:50 PM  CPU    %usr   %nice    %sys %iowait    %irq   %soft  %steal  %guest  %gnice   %idle
08:49:51 PM    0    9.09    0.00   16.16    0.00    0.00   74.75    0.00    0.00    0.00    0.00

08:49:51 PM  CPU    %usr   %nice    %sys %iowait    %irq   %soft  %steal  %guest  %gnice   %idle
08:49:52 PM    0   10.10    0.00   15.15    0.00    0.00   73.74    0.00    0.00    0.00    1.01

08:49:52 PM  CPU    %usr   %nice    %sys %iowait    %irq   %soft  %steal  %guest  %gnice   %idle
08:49:53 PM    0    9.00    0.00   15.00    0.00    0.00   76.00    0.00    0.00    0.00    0.00

08:49:53 PM  CPU    %usr   %nice    %sys %iowait    %irq   %soft  %steal  %guest  %gnice   %idle
08:49:54 PM    0    9.18    0.00   14.29    0.00    0.00   75.51    0.00    0.00    0.00    1.02

08:49:54 PM  CPU    %usr   %nice    %sys %iowait    %irq   %soft  %steal  %guest  %gnice   %idle
08:49:55 PM    0    9.09    0.00   13.13    0.00    0.00   77.78    0.00    0.00    0.00    0.00

08:49:55 PM  CPU    %usr   %nice    %sys %iowait    %irq   %soft  %steal  %guest  %gnice   %idle
08:49:56 PM    0   10.00    0.00   13.00    0.00    0.00   77.00    0.00    0.00    0.00    0.00

08:49:56 PM  CPU    %usr   %nice    %sys %iowait    %irq   %soft  %steal  %guest  %gnice   %idle
08:49:57 PM    0   10.10    0.00   14.14    0.00    0.00   75.76    0.00    0.00    0.00    0.00

08:49:57 PM  CPU    %usr   %nice    %sys %iowait    %irq   %soft  %steal  %guest  %gnice   %idle
08:49:58 PM    0    8.08    0.00   13.13    0.00    0.00   77.78    0.00    0.00    0.00    1.01

08:49:58 PM  CPU    %usr   %nice    %sys %iowait    %irq   %soft  %steal  %guest  %gnice   %idle
08:49:59 PM    0    8.16    0.00   14.29    0.00    0.00   77.55    0.00    0.00    0.00    0.00

08:49:59 PM  CPU    %usr   %nice    %sys %iowait    %irq   %soft  %steal  %guest  %gnice   %idle
08:50:00 PM    0   10.10    0.00   14.14    0.00    0.00   75.76    0.00    0.00    0.00    0.00

08:50:00 PM  CPU    %usr   %nice    %sys %iowait    %irq   %soft  %steal  %guest  %gnice   %idle
08:50:01 PM    0    9.00    0.00   14.00    0.00    0.00   76.00    0.00    0.00    0.00    1.00

08:50:01 PM  CPU    %usr   %nice    %sys %iowait    %irq   %soft  %steal  %guest  %gnice   %idle
08:50:02 PM    0    9.09    0.00   14.14    0.00    0.00   76.77    0.00    0.00    0.00    0.00

08:50:02 PM  CPU    %usr   %nice    %sys %iowait    %irq   %soft  %steal  %guest  %gnice   %idle
08:50:03 PM    0    9.09    0.00   15.15    0.00    0.00   74.75    0.00    0.00    0.00    1.01
